Archive member included to satisfy reference by file (symbol)

E:\Project\tp78_v2\mounriver_project\BLE_CH582M\StdPeriphDriver\libISP583.a(ISP583.o)
                              ./StdPeriphDriver/CH58x_flash.o (FLASH_EEPROM_CMD)
E:\Project\tp78_v2\mounriver_project\BLE_CH582M\LIB\libCH58xBLE.a(message.o)
                              ./Profile/hiddev.o (tmos_msg_deallocate)
E:\Project\tp78_v2\mounriver_project\BLE_CH582M\LIB\libCH58xBLE.a(tmos.o)
                              E:\Project\tp78_v2\mounriver_project\BLE_CH582M\LIB\libCH58xBLE.a(message.o) (gTmosPara)
E:\Project\tp78_v2\mounriver_project\BLE_CH582M\LIB\libCH58xBLE.a(tmos_hw.o)
                              E:\Project\tp78_v2\mounriver_project\BLE_CH582M\LIB\libCH58xBLE.a(tmos.o) (fnGetClockCBs)
E:\Project\tp78_v2\mounriver_project\BLE_CH582M\LIB\libCH58xBLE.a(tmos_snv.o)
                              E:\Project\tp78_v2\mounriver_project\BLE_CH582M\LIB\libCH58xBLE.a(tmos.o) (tmos_snv_init)
E:\Project\tp78_v2\mounriver_project\BLE_CH582M\LIB\libCH58xBLE.a(gap.o)
                              ./Profile/hiddev.o (GAP_SetParamValue)
E:\Project\tp78_v2\mounriver_project\BLE_CH582M\LIB\libCH58xBLE.a(gap_central.o)
                              E:\Project\tp78_v2\mounriver_project\BLE_CH582M\LIB\libCH58xBLE.a(gap.o) (gapProcessPeriodicAdvertisingSyncEstablishedEvt)
E:\Project\tp78_v2\mounriver_project\BLE_CH582M\LIB\libCH58xBLE.a(gap_peripheral.o)
                              ./HAL/BLE.o (GAP_ConfigDeviceAddr)
E:\Project\tp78_v2\mounriver_project\BLE_CH582M\LIB\libCH58xBLE.a(gapgattserver.o)
                              ./HAL/BLE.o (GGS_SetParameter)
E:\Project\tp78_v2\mounriver_project\BLE_CH582M\LIB\libCH58xBLE.a(gatt.o)
                              ./Profile/battservice.o (GATT_bm_alloc)
E:\Project\tp78_v2\mounriver_project\BLE_CH582M\LIB\libCH58xBLE.a(gatt_uuid.o)
                              ./Profile/battservice.o (reportRefUUID)
E:\Project\tp78_v2\mounriver_project\BLE_CH582M\LIB\libCH58xBLE.a(gattclientapp.o)
                              E:\Project\tp78_v2\mounriver_project\BLE_CH582M\LIB\libCH58xBLE.a(gatt.o) (gattGetClientStatus)
E:\Project\tp78_v2\mounriver_project\BLE_CH582M\LIB\libCH58xBLE.a(gattservapp.o)
                              ./Profile/battservice.o (GATTServApp_ReadCharCfg)
E:\Project\tp78_v2\mounriver_project\BLE_CH582M\LIB\libCH58xBLE.a(l2cap.o)
                              E:\Project\tp78_v2\mounriver_project\BLE_CH582M\LIB\libCH58xBLE.a(gatt.o) (L2CAP_GetMTU)
E:\Project\tp78_v2\mounriver_project\BLE_CH582M\LIB\libCH58xBLE.a(l2cap_input.o)
                              E:\Project\tp78_v2\mounriver_project\BLE_CH582M\LIB\libCH58xBLE.a(l2cap.o) (l2capProcessRxData)
E:\Project\tp78_v2\mounriver_project\BLE_CH582M\LIB\libCH58xBLE.a(l2cap_output.o)
                              E:\Project\tp78_v2\mounriver_project\BLE_CH582M\LIB\libCH58xBLE.a(l2cap_input.o) (l2capNotifyData)
E:\Project\tp78_v2\mounriver_project\BLE_CH582M\LIB\libCH58xBLE.a(l2cap_sdu.o)
                              E:\Project\tp78_v2\mounriver_project\BLE_CH582M\LIB\libCH58xBLE.a(l2cap_input.o) (l2capBuildDisconnectRsp)
E:\Project\tp78_v2\mounriver_project\BLE_CH582M\LIB\libCH58xBLE.a(linkdb.o)
                              E:\Project\tp78_v2\mounriver_project\BLE_CH582M\LIB\libCH58xBLE.a(l2cap.o) (linkDB_Init)
E:\Project\tp78_v2\mounriver_project\BLE_CH582M\LIB\libCH58xBLE.a(sm.o)
                              E:\Project\tp78_v2\mounriver_project\BLE_CH582M\LIB\libCH58xBLE.a(gap.o) (smStartEncryption)
E:\Project\tp78_v2\mounriver_project\BLE_CH582M\LIB\libCH58xBLE.a(host_input.o)
                              E:\Project\tp78_v2\mounriver_project\BLE_CH582M\LIB\libCH58xBLE.a(gap.o) (gBleHostPara)
E:\Project\tp78_v2\mounriver_project\BLE_CH582M\LIB\libCH58xBLE.a(host_output.o)
                              E:\Project\tp78_v2\mounriver_project\BLE_CH582M\LIB\libCH58xBLE.a(gap.o) (HCI_DisconnectCmd)
E:\Project\tp78_v2\mounriver_project\BLE_CH582M\LIB\libCH58xBLE.a(ll_connect.o)
                              E:\Project\tp78_v2\mounriver_project\BLE_CH582M\LIB\libCH58xBLE.a(tmos.o) (LL_GetNextConnectEventTime)
E:\Project\tp78_v2\mounriver_project\BLE_CH582M\LIB\libCH58xBLE.a(ll_core.o)
                              E:\Project\tp78_v2\mounriver_project\BLE_CH582M\LIB\libCH58xBLE.a(ll_connect.o) (LL_CoreGetCore)
E:\Project\tp78_v2\mounriver_project\BLE_CH582M\LIB\libCH58xBLE.a(ll_hop.o)
                              E:\Project\tp78_v2\mounriver_project\BLE_CH582M\LIB\libCH58xBLE.a(ll_connect.o) (LL_HopGetChannel)
E:\Project\tp78_v2\mounriver_project\BLE_CH582M\LIB\libCH58xBLE.a(ll_master.o)
                              E:\Project\tp78_v2\mounriver_project\BLE_CH582M\LIB\libCH58xBLE.a(ll_connect.o) (ll_master_process)
E:\Project\tp78_v2\mounriver_project\BLE_CH582M\LIB\libCH58xBLE.a(ll_pdu.o)
[...]
Memory Configuration

Name             Origin             Length             Attributes
FLASH            0x0000000000000000 0x0000000000070000 xr
RAM              0x0000000020000000 0x0000000000008000 xrw
*default*        0x0000000000000000 0xffffffffffffffff

Linker script and memory map

LOAD ./StdPeriphDriver/CH58x_adc.o
LOAD ./StdPeriphDriver/CH58x_clk.o
LOAD ./StdPeriphDriver/CH58x_flash.o
LOAD ./StdPeriphDriver/CH58x_gpio.o
LOAD ./StdPeriphDriver/CH58x_i2c.o
LOAD ./StdPeriphDriver/CH58x_pwm.o
LOAD ./StdPeriphDriver/CH58x_pwr.o
LOAD ./StdPeriphDriver/CH58x_sys.o
LOAD ./StdPeriphDriver/CH58x_timer0.o
LOAD ./StdPeriphDriver/CH58x_timer1.o
LOAD ./StdPeriphDriver/CH58x_timer2.o
LOAD ./StdPeriphDriver/CH58x_uart0.o
LOAD ./StdPeriphDriver/CH58x_uart1.o
LOAD ./StdPeriphDriver/CH58x_uart2.o
LOAD ./StdPeriphDriver/CH58x_uart3.o
LOAD ./StdPeriphDriver/CH58x_usbdev.o
LOAD ./Startup/startup_CH583.o
LOAD ./RVMSIS/core_riscv.o
LOAD ./Profile/battservice.o
LOAD ./Profile/devinfoservice.o
LOAD ./Profile/hiddev.o
LOAD ./Profile/hidkbmservice.o
LOAD ./Profile/scanparamservice.o
LOAD ./Packages/FatFs/port/fatfs_usbd.o
LOAD ./Packages/FatFs/diskio.o
LOAD ./Packages/FatFs/ff.o
LOAD ./Packages/FatFs/fftools.o
LOAD ./Packages/FatFs/ffunicode.o
LOAD ./Packages/CherryUSB/core/usbd_core.o
LOAD ./Packages/CherryUSB/class/msc/usbd_msc.o
LOAD ./Packages/CherryUSB/class/hid/usbd_hid.o
LOAD ./Packages/CherryUSB/usb_ch58x_dc_usbfs.o
LOAD ./HAL/BATTERY.o
LOAD ./HAL/BLE.o
LOAD ./HAL/CORE.o
LOAD ./HAL/FATFS.o
LOAD ./HAL/HW_I2C.o
LOAD ./HAL/I2C_TP.o
LOAD ./HAL/KEYBOARD.o
LOAD ./HAL/MCU.o
LOAD ./HAL/MPR121.o
LOAD ./HAL/OLED.o
LOAD ./HAL/OLEDFONT.o
LOAD ./HAL/OLED_UI.o
LOAD ./HAL/OLED_UI_CFG.o
LOAD ./HAL/PS2.o
LOAD ./HAL/RF_PHY.o
LOAD ./HAL/RTC.o
LOAD ./HAL/USB.o
LOAD ./HAL/WS2812.o
LOAD ./APP/main.o
LOAD ./APP/snake.o
LOAD E:\Project\tp78_v2\mounriver_project\BLE_CH582M\StdPeriphDriver\libISP583.a
LOAD E:\Project\tp78_v2\mounriver_project\BLE_CH582M\LIB\libCH58xBLE.a
LOAD d:/mounriver/mounriver_studio/toolchain/risc-v embedded gcc/bin/../lib/gcc/riscv-none-embed/8.2.0/rv32imac/ilp32\libgcc.a
LOAD d:/mounriver/mounriver_studio/toolchain/risc-v embedded gcc/bin/../lib/gcc/riscv-none-embed/8.2.0/../../../../riscv-none-embed/lib/rv32imac/ilp32\libg_nano.a
LOAD d:/mounriver/mounriver_studio/toolchain/risc-v embedded gcc/bin/../lib/gcc/riscv-none-embed/8.2.0/../../../../riscv-none-embed/lib/rv32imac/ilp32\libc_nano.a
LOAD d:/mounriver/mounriver_studio/toolchain/risc-v embedded gcc/bin/../lib/gcc/riscv-none-embed/8.2.0/rv32imac/ilp32\libgcc.a
START GROUP
LOAD d:/mounriver/mounriver_studio/toolchain/risc-v embedded gcc/bin/../lib/gcc/riscv-none-embed/8.2.0/rv32imac/ilp32\libgcc.a
LOAD d:/mounriver/mounriver_studio/toolchain/risc-v embedded gcc/bin/../lib/gcc/riscv-none-embed/8.2.0/../../../../riscv-none-embed/lib/rv32imac/ilp32\libc_nano.a
LOAD d:/mounriver/mounriver_studio/toolchain/risc-v embedded gcc/bin/../lib/gcc/riscv-none-embed/8.2.0/../../../../riscv-none-embed/lib/rv32imac/ilp32\libnosys.a
END GROUP
START GROUP
LOAD d:/mounriver/mounriver_studio/toolchain/risc-v embedded gcc/bin/../lib/gcc/riscv-none-embed/8.2.0/rv32imac/ilp32\libgcc.a
LOAD d:/mounriver/mounriver_studio/toolchain/risc-v embedded gcc/bin/../lib/gcc/riscv-none-embed/8.2.0/../../../../riscv-none-embed/lib/rv32imac/ilp32\libc_nano.a
LOAD d:/mounriver/mounriver_studio/toolchain/risc-v embedded gcc/bin/../lib/gcc/riscv-none-embed/8.2.0/../../../../riscv-none-embed/lib/rv32imac/ilp32\libnosys.a
END GROUP

.init           0x0000000000000000        0x4
                0x0000000000000000                _sinit = .
                0x0000000000000000                . = ALIGN (0x4)
 *(SORT_NONE(.init))
 .init          0x0000000000000000        0x4 ./Startup/startup_CH583.o
                0x0000000000000000                _start
                0x0000000000000004                . = ALIGN (0x4)
                0x0000000000000004                _einit = .

.highcodelalign
                0x0000000000000004        0x0
                0x0000000000000004                . = ALIGN (0x4)
                0x0000000000000004                PROVIDE (_highcode_lma = .)

.highcode       0x0000000020000000     0x27f4 load address 0x0000000000000004
                0x0000000020000000                . = ALIGN (0x4)
                0x0000000020000000                PROVIDE (_highcode_vma_start = .)
 *(.vector)
 .vector        0x0000000020000000       0x90 ./Startup/startup_CH583.o
 *(SORT_NONE(.vector_handler))
 .vector_handler
                0x0000000020000090       0x36 ./Startup/startup_CH583.o
                0x0000000020000090                NMI_Handler
                0x0000000020000094                Ecall_M_Mode_Handler
                0x0000000020000096                Ecall_U_Mode_Handler
                0x0000000020000098                Break_Point_Handler
                0x000000002000009a                SysTick_Handler
                0x000000002000009c                SW_Handler
                0x00000000200000a4                SPI0_IRQHandler
                0x00000000200000a6                BB_IRQHandler
                0x00000000200000a8                LLE_IRQHandler
                0x00000000200000ac                USB2_IRQHandler
                0x00000000200000ae                TMR1_IRQHandler
                0x00000000200000b0                TMR2_IRQHandler
                0x00000000200000b2                UART0_IRQHandler
                0x00000000200000b4                UART1_IRQHandler
                0x00000000200000b8                ADC_IRQHandler
                0x00000000200000ba                I2C_IRQHandler
                0x00000000200000bc                PWMX_IRQHandler
                0x00000000200000be                TMR3_IRQHandler
                0x00000000200000c0                UART2_IRQHandler
                0x00000000200000c2                UART3_IRQHandler
                0x00000000200000c4                WDOG_BAT_IRQHandler
 *(.highcode)
 .highcode      0x00000000200000c6      0x2a6 ./StdPeriphDriver/CH58x_pwr.o
                0x00000000200000c6                LowPower_Idle
                0x0000000020000106                LowPower_Halt
                0x00000000200001bc                LowPower_Sleep
                0x0000000020000286                LowPower_Shutdown
 .highcode      0x000000002000036c      0x1c8 ./StdPeriphDriver/CH58x_sys.o
                0x000000002000036c                SetSysClock
                0x00000000200004c2                HardFault_Handler
                0x00000000200004fe                mDelayuS
                0x000000002000050c                mDelaymS
 .highcode      0x0000000020000534      0x37e ./Packages/CherryUSB/usb_ch58x_dc_usbfs.o
                0x0000000020000534                USB_IRQHandler
 .highcode      0x00000000200008b2      0x1fa ./HAL/CORE.o
                0x00000000200008b2                APPJumpBoot
                0x00000000200008fc                SoftReset
                0x000000002000092c                TP78Reinit
                0x00000000200009f0                GotoLowpower
 .highcode      0x0000000020000aac       0x1a ./HAL/RTC.o
                0x0000000020000aac                RTC_IRQHandler
 .highcode      0x0000000020000ac6       0x54 ./HAL/USB.o
                0x0000000020000ac6                TMR0_IRQHandler
 .highcode      0x0000000020000b1a       0x32 ./APP/main.o
                0x0000000020000b1a                Main_Circulation
                0x0000000020000b22                GPIOA_IRQHandler
                0x0000000020000b40                GPIOB_IRQHandler
 .highcode      0x0000000020000b4c      0x426 E:\Project\tp78_v2\mounriver_project\BLE_CH582M\StdPeriphDriver\libISP583.a(ISP583.o)
                0x0000000020000b4c                FLASH_ROM_BEG
                0x0000000020000b5e                FLASH_ROM_END
                0x0000000020000b6c                FLASH_ROM_IN
                0x0000000020000b7a                FLASH_ROM_OUT
                0x0000000020000b88                FLASH_ROM_ADDR
                0x0000000020000bd0                FLASH_ROM_WAIT
                0x0000000020000c08                FLASH_EEPROM_CMD
 .highcode      0x0000000020000f72      0x44c E:\Project\tp78_v2\mounriver_project\BLE_CH582M\LIB\libCH58xBLE.a(tmos.o)
                0x0000000020000f72                tmos_memcpy
                0x0000000020000f92                tmos_memcpy_word
                0x0000000020000faa                tmos_memset
                0x0000000020000fbc                tmos_strlen
                0x0000000020000fd0                tmos_memdup
                0x0000000020001002                tmos_memcmp
                0x0000000020001030                tmos_revmemcpy
                0x000000002000104c                tmos_isbufset
                0x000000002000106e                tmos_proces_system_time
                0x00000000200011b8                TMOS_SystemProcess
 .highcode      0x00000000200013be       0x4c E:\Project\tp78_v2\mounriver_project\BLE_CH582M\LIB\libCH58xBLE.a(tmos_hw.o)
                0x0000000020001408                TMOS_TimerIRQHandler
 .highcode      0x000000002000140a      0x2c8 E:\Project\tp78_v2\mounriver_project\BLE_CH582M\LIB\libCH58xBLE.a(ll_connect.o)
                0x000000002000140a                ll_connect_send_data
                0x0000000020001532                ll_connect_recv_data
                0x0000000020001612                ll_connect_event_continue
 .highcode      0x00000000200016d2      0x310 E:\Project\tp78_v2\mounriver_project\BLE_CH582M\LIB\libCH58xBLE.a(ll_hop.o)
                0x00000000200016d2                LL_HopGetChannel
                0x0000000020001778                LL_HopGetChannel2
 .highcode      0x00000000200019e2       0x50 E:\Project\tp78_v2\mounriver_project\BLE_CH582M\LIB\libCH58xBLE.a(ll_whitelist.o)
                0x00000000200019e2                LL_WhitelistLookup
 .highcode      0x0000000020001a32      0x1e0 E:\Project\tp78_v2\mounriver_project\BLE_CH582M\LIB\libCH58xBLE.a(aes.o)
                0x0000000020001a32                AES_DevAESEnc
 .highcode      0x0000000020001c12      0x14e E:\Project\tp78_v2\mounriver_project\BLE_CH582M\LIB\libCH58xBLE.a(bb.o)
                0x0000000020001c12                BB_IRQLibHandler
 .highcode      0x0000000020001d60      0x3ee E:\Project\tp78_v2\mounriver_project\BLE_CH582M\LIB\libCH58xBLE.a(ip.o)
                0x0000000020001d60                ll_rx_wait_finish
                0x0000000020001d9e                ble_ll_chkcrc
                0x0000000020001e68                ll_tx_wait_finish
                0x0000000020001f8c                BLE_CheckHoppingMap
 .highcode      0x000000002000214e      0x212 E:\Project\tp78_v2\mounriver_project\BLE_CH582M\LIB\libCH58xBLE.a(lle.o)
                0x000000002000214e                LLE_IRQLibHandler
 .highcode      0x0000000020002360      0x1d2 E:\Project\tp78_v2\mounriver_project\BLE_CH582M\LIB\libCH58xBLE.a(rf_fh.o)
                0x0000000020002360                RF_HopGetChannel
                0x00000000200023e2                RF_FrequencyHoppingGet
                0x0000000020002498                RF_FrequencyHoppingChange
 .highcode      0x0000000020002532       0x30 E:\Project\tp78_v2\mounriver_project\BLE_CH582M\LIB\libCH58xBLE.a(rfend.o)
                0x0000000020002532                RFEND_WaitTune
 .highcode      0x0000000020002562      0x1ba E:\Project\tp78_v2\mounriver_project\BLE_CH582M\LIB\libCH58xBLE.a(memory.o)
                0x0000000020002562                tmos_memory_allocate
                0x0000000020002634                tmos_memory_free
 .highcode      0x000000002000271c       0xd8 E:\Project\tp78_v2\mounriver_project\BLE_CH582M\LIB\libCH58xBLE.a(ll_resolvinglist.o)
                0x000000002000271c                LL_ResolvinglistPeerIdentifyAddressGetIrk
                0x0000000020002770                LL_ResolvinglistPeerRpaAddressGetIrk
                0x00000000200027b2                LL_ResolvinglistLocalRpaAddressGetIrk
 *(.highcode.*)
                0x00000000200027f4                . = ALIGN (0x4)
                0x00000000200027f4                PROVIDE (_highcode_vma_end = .)

.text           0x00000000000027f8    0x2eee0
                0x00000000000027f8                . = ALIGN (0x4)
 *(SORT_NONE(.handle_reset))
 .handle_reset  0x00000000000027f8       0xae ./Startup/startup_CH583.o
                0x00000000000027f8                handle_reset
 *(.text)
 .text          0x00000000000028a6       0xa8 d:/mounriver/mounriver_studio/toolchain/risc-v embedded gcc/bin/../lib/gcc/riscv-none-embed/8.2.0/../../../../riscv-none-embed/lib/rv32imac/ilp32\libg_nano.a(lib_a-memset.o)
                0x00000000000028a6                memset
 .text          0x000000000000294e      0x11e d:/mounriver/mounriver_studio/toolchain/risc-v embedded gcc/bin/../lib/gcc/riscv-none-embed/8.2.0/../../../../riscv-none-embed/lib/rv32imac/ilp32\libg_nano.a(lib_a-strcmp.o)
                0x000000000000294e                strcmp
 *(.text.*)
 .text.ADC_ExtSingleChSampInit
                0x0000000000002a6c       0x24 ./StdPeriphDriver/CH58x_adc.o
                0x0000000000002a6c                ADC_ExtSingleChSampInit
 .text.ADC_InterTSSampInit
                0x0000000000002a90       0x28 ./StdPeriphDriver/CH58x_adc.o
                0x0000000000002a90                ADC_InterTSSampInit
 .text.Calibration_LSI
                0x0000000000002ab8      0x226 ./StdPeriphDriver/CH58x_clk.o
                0x0000000000002ab8                Calibration_LSI
 .text.GPIOA_ModeCfg
                0x0000000000002cde       0xa6 ./StdPeriphDriver/CH58x_gpio.o
                0x0000000000002cde                GPIOA_ModeCfg
 .text.GPIOB_ModeCfg
                0x0000000000002d84       0xa6 ./StdPeriphDriver/CH58x_gpio.o
                0x0000000000002d84                GPIOB_ModeCfg
 .text.GPIOA_ITModeCfg
                0x0000000000002e2a       0x82 ./StdPeriphDriver/CH58x_gpio.o
                0x0000000000002e2a                GPIOA_ITModeCfg
 .text.GPIOB_ITModeCfg
                0x0000000000002eac       0x8a ./StdPeriphDriver/CH58x_gpio.o
                0x0000000000002eac                GPIOB_ITModeCfg
 .text.GPIOPinRemap
                0x0000000000002f36       0x1a ./StdPeriphDriver/CH58x_gpio.o
                0x0000000000002f36                GPIOPinRemap
 .text.I2C_Init
                0x0000000000002f50      0x140 ./StdPeriphDriver/CH58x_i2c.o
                0x0000000000002f50                I2C_Init
 .text.I2C_GenerateSTART
                0x0000000000003090       0x22 ./StdPeriphDriver/CH58x_i2c.o
                0x0000000000003090                I2C_GenerateSTART
 .text.I2C_GenerateSTOP
                0x00000000000030b2       0x22 ./StdPeriphDriver/CH58x_i2c.o
                0x00000000000030b2                I2C_GenerateSTOP
 .text.I2C_AcknowledgeConfig
                0x00000000000030d4       0x22 ./StdPeriphDriver/CH58x_i2c.o
                0x00000000000030d4                I2C_AcknowledgeConfig
 .text.I2C_SendData
                0x00000000000030f6        0xa ./StdPeriphDriver/CH58x_i2c.o
                0x00000000000030f6                I2C_SendData
 .text.I2C_ReceiveData
                0x0000000000003100        0xe ./StdPeriphDriver/CH58x_i2c.o
                0x0000000000003100                I2C_ReceiveData
 .text.I2C_Send7bitAddress
                0x000000000000310e       0x18 ./StdPeriphDriver/CH58x_i2c.o
                0x000000000000310e                I2C_Send7bitAddress
 .text.I2C_CheckEvent
                0x0000000000003126       0x20 ./StdPeriphDriver/CH58x_i2c.o
                0x0000000000003126                I2C_CheckEvent
 .text.I2C_GetFlagStatus
                0x0000000000003146       0x3a ./StdPeriphDriver/CH58x_i2c.o
                0x0000000000003146                I2C_GetFlagStatus
 .text.PWR_PeriphWakeUpCfg
                0x0000000000003180       0x90 ./StdPeriphDriver/CH58x_pwr.o
                0x0000000000003180                PWR_PeriphWakeUpCfg
 .text.GetSysClock
                0x0000000000003210       0x42 ./StdPeriphDriver/CH58x_sys.o
                0x0000000000003210                GetSysClock
 .text.SYS_GetSysTickCnt
                0x0000000000003252        0xa ./StdPeriphDriver/CH58x_sys.o
                0x0000000000003252                SYS_GetSysTickCnt
 .text.WWDG_ResetCfg
                0x000000000000325c       0x36 ./StdPeriphDriver/CH58x_sys.o
                0x000000000000325c                WWDG_ResetCfg
 .text._write   0x0000000000003292       0x28 ./StdPeriphDriver/CH58x_sys.o
                0x0000000000003292                _write
 .text.TMR0_TimerInit
                0x00000000000032ba       0x14 ./StdPeriphDriver/CH58x_timer0.o
                0x00000000000032ba                TMR0_TimerInit
 .text.TMR1_PWMInit
                0x00000000000032ce       0x18 ./StdPeriphDriver/CH58x_timer1.o
                0x00000000000032ce                TMR1_PWMInit
 .text.TMR1_DMACfg
                0x00000000000032e6       0x20 ./StdPeriphDriver/CH58x_timer1.o
                0x00000000000032e6                TMR1_DMACfg
 .text.UART3_BaudRateCfg
                0x0000000000003306       0x30 ./StdPeriphDriver/CH58x_uart3.o
                0x0000000000003306                UART3_BaudRateCfg
 .text.UART3_DefInit
                0x0000000000003336       0x32 ./StdPeriphDriver/CH58x_uart3.o
                0x0000000000003336                UART3_DefInit
 .text.battMeasure
                0x0000000000003368       0x8e ./Profile/battservice.o
 .text.battWriteAttrCB
                0x00000000000033f6       0x5e ./Profile/battservice.o
 .text.battReadAttrCB
                0x0000000000003454       0x7e ./Profile/battservice.o
 .text.battNotifyCB
                0x00000000000034d2       0x76 ./Profile/battservice.o
 .text.Batt_AddService
                0x0000000000003548       0x2c ./Profile/battservice.o
                0x0000000000003548                Batt_AddService
 .text.Batt_Register
                0x0000000000003574        0x6 ./Profile/battservice.o
                0x0000000000003574                Batt_Register
 .text.Batt_SetParameter
                0x000000000000357a       0x3a ./Profile/battservice.o
                0x000000000000357a                Batt_SetParameter
 .text.Batt_GetParameter
                0x00000000000035b4       0x6a ./Profile/battservice.o
                0x00000000000035b4                Batt_GetParameter
 .text.Batt_MeasLevel
                0x000000000000361e       0x2e ./Profile/battservice.o
                0x000000000000361e                Batt_MeasLevel
 .text.Batt_HandleConnStatusCB
                0x000000000000364c       0x3e ./Profile/battservice.o
                0x000000000000364c                Batt_HandleConnStatusCB
 .text.devInfo_ReadAttrCB
                0x000000000000368a      0x196 ./Profile/devinfoservice.o
 .text.DevInfo_AddService
                0x0000000000003820       0x18 ./Profile/devinfoservice.o
                0x0000000000003820                DevInfo_AddService
 .text.hidDevScanParamCB
                0x0000000000003838        0x2 ./Profile/hiddev.o
 .text.hidDevRptByHandle
                0x000000000000383a       0x30 ./Profile/hiddev.o
 .text.hidDevParamUpdateCB
                0x000000000000386a       0x12 ./Profile/hiddev.o
 .text.hidDevInitialAdvertising
                0x000000000000387c       0x3c ./Profile/hiddev.o
 .text.hidDevPasscodeCB
                0x00000000000038b8       0x28 ./Profile/hiddev.o
 .text.hidDevBattCB
                0x00000000000038e0       0x30 ./Profile/hiddev.o
 .text.hidDevPairStateCB
                0x0000000000003910       0x28 ./Profile/hiddev.o
 .text.HidDev_ProcessEvent
                0x0000000000003938       0xf0 ./Profile/hiddev.o
                0x0000000000003938                HidDev_ProcessEvent
 .text.hidDevGapStateCB
                0x0000000000003a28      0x124 ./Profile/hiddev.o
 .text.HidDev_Init
                0x0000000000003b4c       0x6a ./Profile/hiddev.o
                0x0000000000003b4c                HidDev_Init
 .text.HidDev_Register
                0x0000000000003bb6        0xa ./Profile/hiddev.o
                0x0000000000003bb6                HidDev_Register
 .text.HidDev_RegisterReports
                0x0000000000003bc0        0xa ./Profile/hiddev.o
                0x0000000000003bc0                HidDev_RegisterReports
 .text.HidDev_Report
                0x0000000000003bca      0x12c ./Profile/hiddev.o
                0x0000000000003bca                HidDev_Report
 .text.HidDev_ReadAttrCB
                0x0000000000003cf6      0x104 ./Profile/hiddev.o
                0x0000000000003cf6                HidDev_ReadAttrCB
 .text.HidDev_WriteAttrCB
                0x0000000000003dfa      0x146 ./Profile/hiddev.o
                0x0000000000003dfa                HidDev_WriteAttrCB
 .text.Hid_AddService
                0x0000000000003f40      0x162 ./Profile/hidkbmservice.o
                0x0000000000003f40                Hid_AddService
 .text.Hid_SetParameter
                0x00000000000040a2       0x5a ./Profile/hidkbmservice.o
                0x00000000000040a2                Hid_SetParameter
 .text.Hid_GetParameter
                0x00000000000040fc       0x42 ./Profile/hidkbmservice.o
                0x00000000000040fc                Hid_GetParameter
 .text.scanParamReadAttrCB
                0x000000000000413e        0x4 ./Profile/scanparamservice.o
 .text.scanParamWriteAttrCB
                0x0000000000004142       0x66 ./Profile/scanparamservice.o
 .text.ScanParam_AddService
                0x00000000000041a8       0x2c ./Profile/scanparamservice.o
                0x00000000000041a8                ScanParam_AddService
 .text.ScanParam_Register
                0x00000000000041d4        0x6 ./Profile/scanparamservice.o
                0x00000000000041d4                ScanParam_Register
 .text.ScanParam_RefreshNotify
                0x00000000000041da       0x5c ./Profile/scanparamservice.o
                0x00000000000041da                ScanParam_RefreshNotify
 .text.ScanParam_HandleConnStatusCB
                0x0000000000004236       0x3e ./Profile/scanparamservice.o
                0x0000000000004236                ScanParam_HandleConnStatusCB
 .text.USB_disk_status
                0x0000000000004274        0x4 ./Packages/FatFs/port/fatfs_usbd.o
                0x0000000000004274                USB_disk_status
 .text.USB_disk_initialize
                0x0000000000004278        0x4 ./Packages/FatFs/port/fatfs_usbd.o
                0x0000000000004278                USB_disk_initialize
 .text.USB_disk_read
                0x000000000000427c       0x1c ./Packages/FatFs/port/fatfs_usbd.o
                0x000000000000427c                USB_disk_read
 .text.USB_disk_write
                0x0000000000004298       0x40 ./Packages/FatFs/port/fatfs_usbd.o
                0x0000000000004298                USB_disk_write
 .text.USB_disk_ioctl
                0x00000000000042d8       0x34 ./Packages/FatFs/port/fatfs_usbd.o
                0x00000000000042d8                USB_disk_ioctl
 .text.disk_status
                0x000000000000430c       0x16 ./Packages/FatFs/diskio.o
                0x000000000000430c                disk_status
 .text.disk_initialize
                0x0000000000004322       0x16 ./Packages/FatFs/diskio.o
                0x0000000000004322                disk_initialize
 .text.disk_read
                0x0000000000004338       0x12 ./Packages/FatFs/diskio.o
                0x0000000000004338                disk_read
 .text.disk_write
                0x000000000000434a       0x12 ./Packages/FatFs/diskio.o
                0x000000000000434a                disk_write
 .text.disk_ioctl
                0x000000000000435c        0xe ./Packages/FatFs/diskio.o
                0x000000000000435c                disk_ioctl
 .text.get_fattime
                0x000000000000436a        0x4 ./Packages/FatFs/diskio.o
                0x000000000000436a                get_fattime
 .text.ld_dword
                0x000000000000436e       0x1e ./Packages/FatFs/ff.o
 .text.st_dword
                0x000000000000438c       0x1c ./Packages/FatFs/ff.o
 .text.mem_set  0x00000000000043a8        0xe ./Packages/FatFs/ff.o
 .text.clst2sect
                0x00000000000043b6       0x1c ./Packages/FatFs/ff.o
 .text.sum_sfn  0x00000000000043d2       0x22 ./Packages/FatFs/ff.o
 .text.get_ldnumber
                0x00000000000043f4       0x40 ./Packages/FatFs/ff.o
 .text.validate
                0x0000000000004434       0x48 ./Packages/FatFs/ff.o
 .text.mem_cpy.part.0
                0x000000000000447c       0x1a ./Packages/FatFs/ff.o
 .text.ld_clust.isra.1
                0x0000000000004496       0x26 ./Packages/FatFs/ff.o
 .text.st_clust.isra.2
                0x00000000000044bc       0x28 ./Packages/FatFs/ff.o
 .text.sync_window.part.3
                0x00000000000044e4       0x58 ./Packages/FatFs/ff.o
 .text.move_window
                0x000000000000453c       0x4a ./Packages/FatFs/ff.o
 .text.check_fs
                0x0000000000004586       0xde ./Packages/FatFs/ff.o
 .text.put_fat  0x0000000000004664      0x130 ./Packages/FatFs/ff.o
 .text.get_fat.isra.6
                0x0000000000004794       0xd8 ./Packages/FatFs/ff.o
 .text.dir_sdi  0x000000000000486c       0xce ./Packages/FatFs/ff.o
 .text.create_chain
                0x000000000000493a      0x10a ./Packages/FatFs/ff.o
 .text.remove_chain
                0x0000000000004a44       0x92 ./Packages/FatFs/ff.o
 .text.mount_volume
                0x0000000000004ad6      0x2f2 ./Packages/FatFs/ff.o
 .text.sync_fs  0x0000000000004dc8       0xc0 ./Packages/FatFs/ff.o
 .text.dir_clear
                0x0000000000004e88       0x76 ./Packages/FatFs/ff.o
 .text.dir_next
                0x0000000000004efe       0xdc ./Packages/FatFs/ff.o
 .text.dir_find
                0x0000000000004fda      0x1d2 ./Packages/FatFs/ff.o
 .text.dir_register
                0x00000000000051ac      0x2dc ./Packages/FatFs/ff.o
 .text.follow_path
                0x0000000000005488      0x396 ./Packages/FatFs/ff.o
 .text.f_mount  0x000000000000581e       0x4e ./Packages/FatFs/ff.o
                0x000000000000581e                f_mount
 .text.f_open   0x000000000000586c      0x222 ./Packages/FatFs/ff.o
                0x000000000000586c                f_open
 .text.f_read   0x0000000000005a8e      0x1aa ./Packages/FatFs/ff.o
                0x0000000000005a8e                f_read
 .text.f_write  0x0000000000005c38      0x1e8 ./Packages/FatFs/ff.o
                0x0000000000005c38                f_write
 .text.f_sync   0x0000000000005e20       0xb8 ./Packages/FatFs/ff.o
                0x0000000000005e20                f_sync
 .text.f_close  0x0000000000005ed8       0x22 ./Packages/FatFs/ff.o
                0x0000000000005ed8                f_close
 .text.f_lseek  0x0000000000005efa      0x16c ./Packages/FatFs/ff.o
                0x0000000000005efa                f_lseek
 .text.f_mkfs   0x0000000000006066      0x710 ./Packages/FatFs/ff.o
                0x0000000000006066                f_mkfs
 .text.ff_uni2oem
                0x0000000000006776       0x60 ./Packages/FatFs/ffunicode.o
                0x0000000000006776                ff_uni2oem
 .text.ff_oem2uni
                0x00000000000067d6       0x4c ./Packages/FatFs/ffunicode.o
                0x00000000000067d6                ff_oem2uni
 .text.ff_wtoupper
                0x0000000000006822       0xa4 ./Packages/FatFs/ffunicode.o
                0x0000000000006822                ff_wtoupper
 .text.usbd_class_event_notify_handler
                0x00000000000068c6       0x30 ./Packages/CherryUSB/core/usbd_core.o
 .text.usbd_set_endpoint
                0x00000000000068f6       0x6a ./Packages/CherryUSB/core/usbd_core.o
 .text.usbd_event_ep0_in_complete_handler
                0x0000000000006960       0x48 ./Packages/CherryUSB/core/usbd_core.o
                0x0000000000006960                usbd_event_ep0_in_complete_handler
 .text.usbd_print_setup.constprop.12
                0x00000000000069a8       0x44 ./Packages/CherryUSB/core/usbd_core.o
 .text.usbd_setup_request_handler.constprop.3
                0x00000000000069ec      0x614 ./Packages/CherryUSB/core/usbd_core.o
 .text.usbd_event_ep0_out_complete_handler
                0x0000000000007000       0x50 ./Packages/CherryUSB/core/usbd_core.o
                0x0000000000007000                usbd_event_ep0_out_complete_handler
 .text.usbd_event_reset_handler
                0x0000000000007050       0x36 ./Packages/CherryUSB/core/usbd_core.o
                0x0000000000007050                usbd_event_reset_handler
 .text.usbd_event_ep0_setup_complete_handler
                0x0000000000007086       0xf6 ./Packages/CherryUSB/core/usbd_core.o
                0x0000000000007086                usbd_event_ep0_setup_complete_handler
 .text.usbd_event_ep_in_complete_handler
                0x000000000000717c       0x20 ./Packages/CherryUSB/core/usbd_core.o
                0x000000000000717c                usbd_event_ep_in_complete_handler
 .text.usbd_event_ep_out_complete_handler
                0x000000000000719c       0x20 ./Packages/CherryUSB/core/usbd_core.o
                0x000000000000719c                usbd_event_ep_out_complete_handler
 .text.usbd_desc_register
                0x00000000000071bc       0x3c ./Packages/CherryUSB/core/usbd_core.o
                0x00000000000071bc                usbd_desc_register
 .text.usbd_add_interface
                0x00000000000071f8       0x22 ./Packages/CherryUSB/core/usbd_core.o
                0x00000000000071f8                usbd_add_interface
 .text.usbd_add_endpoint
                0x000000000000721a       0x3c ./Packages/CherryUSB/core/usbd_core.o
                0x000000000000721a                usbd_add_endpoint
 .text.usb_device_is_configured
                0x0000000000007256        0x6 ./Packages/CherryUSB/core/usbd_core.o
                0x0000000000007256                usb_device_is_configured
 .text.usbd_initialize
                0x000000000000725c        0x4 ./Packages/CherryUSB/core/usbd_core.o
                0x000000000000725c                usbd_initialize
 .text.SCSI_SetSenseData
                0x0000000000007260       0x18 ./Packages/CherryUSB/class/msc/usbd_msc.o
 .text.SCSI_processRead
                0x0000000000007278       0x82 ./Packages/CherryUSB/class/msc/usbd_msc.o
 .text.usbd_msc_send_csw
                0x00000000000072fa       0x24 ./Packages/CherryUSB/class/msc/usbd_msc.o
 .text.msc_storage_class_interface_request_handler
                0x000000000000731e       0x6a ./Packages/CherryUSB/class/msc/usbd_msc.o
 .text.mass_storage_bulk_in
                0x0000000000007388       0x5a ./Packages/CherryUSB/class/msc/usbd_msc.o
                0x0000000000007388                mass_storage_bulk_in
 .text.msc_storage_notify_handler
                0x00000000000073e2       0x26 ./Packages/CherryUSB/class/msc/usbd_msc.o
                0x00000000000073e2                msc_storage_notify_handler
 .text.mass_storage_bulk_out
                0x0000000000007408      0x59c ./Packages/CherryUSB/class/msc/usbd_msc.o
                0x0000000000007408                mass_storage_bulk_out
 .text.usbd_msc_init_intf
                0x00000000000079a4       0xac ./Packages/CherryUSB/class/msc/usbd_msc.o
                0x00000000000079a4                usbd_msc_init_intf
 .text.usbd_hid_init_intf
                0x0000000000007a50       0x1c ./Packages/CherryUSB/class/hid/usbd_hid.o
                0x0000000000007a50                usbd_hid_init_intf
 .text.usbh_hid_get_report
                0x0000000000007a6c        0x4 ./Packages/CherryUSB/class/hid/usbd_hid.o
                0x0000000000007a6c                usbh_hid_get_report
 .text.usbh_hid_get_idle
                0x0000000000007a70        0x4 ./Packages/CherryUSB/class/hid/usbd_hid.o
                0x0000000000007a70                usbh_hid_get_idle
 .text.usbh_hid_get_protocol
                0x0000000000007a74        0x4 ./Packages/CherryUSB/class/hid/usbd_hid.o
                0x0000000000007a74                usbh_hid_get_protocol
 .text.hid_class_interface_request_handler
                0x0000000000007a78       0xe8 ./Packages/CherryUSB/class/hid/usbd_hid.o
 .text.usbd_set_address
                0x0000000000007b60       0x1a ./Packages/CherryUSB/usb_ch58x_dc_usbfs.o
                0x0000000000007b60                usbd_set_address
 .text.usbd_ep_open
                0x0000000000007b7a       0x90 ./Packages/CherryUSB/usb_ch58x_dc_usbfs.o
                0x0000000000007b7a                usbd_ep_open
 .text.usbd_ep_close
                0x0000000000007c0a       0x26 ./Packages/CherryUSB/usb_ch58x_dc_usbfs.o
                0x0000000000007c0a                usbd_ep_close
 .text.usbd_ep_start_write
                0x0000000000007c30       0xba ./Packages/CherryUSB/usb_ch58x_dc_usbfs.o
                0x0000000000007c30                usbd_ep_start_write
 .text.usbd_ep_start_read
                0x0000000000007cea       0x78 ./Packages/CherryUSB/usb_ch58x_dc_usbfs.o
                0x0000000000007cea                usbd_ep_start_read
 .text.usbd_ep_set_stall
                0x0000000000007d62       0x3e ./Packages/CherryUSB/usb_ch58x_dc_usbfs.o
                0x0000000000007d62                usbd_ep_set_stall
 .text.usbd_ep_clear_stall
                0x0000000000007da0       0x42 ./Packages/CherryUSB/usb_ch58x_dc_usbfs.o
                0x0000000000007da0                usbd_ep_clear_stall
 .text.usb_dc_init
                0x0000000000007de2       0xf6 ./Packages/CherryUSB/usb_ch58x_dc_usbfs.o
                0x0000000000007de2                usb_dc_init
 .text.BATTERY_DMA_ENABLE
                0x0000000000007ed8       0x26 ./HAL/BATTERY.o
                0x0000000000007ed8                BATTERY_DMA_ENABLE
 .text.BATTERY_Init
                0x0000000000007efe       0x70 ./HAL/BATTERY.o
                0x0000000000007efe                BATTERY_Init
 .text.BATTERY_ADC_Calculation
                0x0000000000007f6e       0x42 ./HAL/BATTERY.o
                0x0000000000007f6e                BATTERY_ADC_Calculation
 .text.BATTERY_DrawBMP
                0x0000000000007fb0       0xda ./HAL/BATTERY.o
                0x0000000000007fb0                BATTERY_DrawBMP
 .text.hidEmuEvtCB
                0x000000000000808a        0x2 ./HAL/BLE.o
 .text.hidEmuStateCB
                0x000000000000808c      0x120 ./HAL/BLE.o
 .text.hidEmuSendKbdReport
                0x00000000000081ac       0x24 ./HAL/BLE.o
 .text.hidEmuRptCB
                0x00000000000081d0       0x96 ./HAL/BLE.o
 .text.HidEmu_ProcessEvent
                0x0000000000008266      0x23c ./HAL/BLE.o
                0x0000000000008266                HidEmu_ProcessEvent
 .text.DATAFLASH_Read_DeviceID
                0x00000000000084a2       0x24 ./HAL/BLE.o
                0x00000000000084a2                DATAFLASH_Read_DeviceID
 .text.HidEmu_Init
                0x00000000000084c6       0xec ./HAL/BLE.o
                0x00000000000084c6                HidEmu_Init
 .text.HAL_Fs_Init
                0x00000000000085b2       0x88 ./HAL/FATFS.o
                0x00000000000085b2                HAL_Fs_Init
 .text.unsigned_dec_to_string
                0x000000000000863a       0x86 ./HAL/FATFS.o
                0x000000000000863a                unsigned_dec_to_string
 .text.string_dec_to_u8
                0x00000000000086c0       0x4a ./HAL/FATFS.o
                0x00000000000086c0                string_dec_to_u8
 .text.string_dec_to_u16
                0x000000000000870a       0x4a ./HAL/FATFS.o
                0x000000000000870a                string_dec_to_u16
 .text.HAL_Fs_Create_keyboard_cfg
                0x0000000000008754       0xac ./HAL/FATFS.o
                0x0000000000008754                HAL_Fs_Create_keyboard_cfg
 .text.HAL_Fs_Write_keyboard_cfg
                0x0000000000008800       0xf4 ./HAL/FATFS.o
                0x0000000000008800                HAL_Fs_Write_keyboard_cfg
 .text.HAL_Fs_Read_keyboard_cfg
                0x00000000000088f4       0xd2 ./HAL/FATFS.o
                0x00000000000088f4                HAL_Fs_Read_keyboard_cfg
 .text.HAL_Fs_Write_keyboard_spkey
                0x00000000000089c6       0xdc ./HAL/FATFS.o
                0x00000000000089c6                HAL_Fs_Write_keyboard_spkey
 .text.HAL_Fs_Read_keyboard_spkey
                0x0000000000008aa2       0xc4 ./HAL/FATFS.o
                0x0000000000008aa2                HAL_Fs_Read_keyboard_spkey
 .text.HAL_Fs_Write_keyboard_mat
                0x0000000000008b66       0xe4 ./HAL/FATFS.o
                0x0000000000008b66                HAL_Fs_Write_keyboard_mat
 .text.HAL_Fs_Read_keyboard_mat
                0x0000000000008c4a       0xc2 ./HAL/FATFS.o
                0x0000000000008c4a                HAL_Fs_Read_keyboard_mat
 .text.HW_I2C_WaitUntilTimeout
                0x0000000000008d0c       0x46 ./HAL/HW_I2C.o
                0x0000000000008d0c                HW_I2C_WaitUntilTimeout
 .text.HW_I2C_Init
                0x0000000000008d52       0x2a ./HAL/HW_I2C.o
                0x0000000000008d52                HW_I2C_Init
 .text.HW_I2C_WR_Reg
                0x0000000000008d7c       0xbc ./HAL/HW_I2C.o
                0x0000000000008d7c                HW_I2C_WR_Reg
 .text.HW_I2C_RD_Reg
                0x0000000000008e38      0x11c ./HAL/HW_I2C.o
                0x0000000000008e38                HW_I2C_RD_Reg
 .text.HW_I2C_Muti_RD_Reg
                0x0000000000008f54      0x13c ./HAL/HW_I2C.o
                0x0000000000008f54                HW_I2C_Muti_RD_Reg
 .text.I2C_TP_SendCommand_Sleep
                0x0000000000009090       0xee ./HAL/I2C_TP.o
                0x0000000000009090                I2C_TP_SendCommand_Sleep
 .text.I2C_TP_SendCommand_Wakeup
                0x000000000000917e       0xee ./HAL/I2C_TP.o
                0x000000000000917e                I2C_TP_SendCommand_Wakeup
 .text.I2C_TP_SendCommand_Reset
                0x000000000000926c      0x16e ./HAL/I2C_TP.o
                0x000000000000926c                I2C_TP_SendCommand_Reset
 .text.I2C_TP_Init
                0x00000000000093da       0x56 ./HAL/I2C_TP.o
                0x00000000000093da                I2C_TP_Init
 .text.I2C_TP_ReadPacket
                0x0000000000009430      0x1b4 ./HAL/I2C_TP.o
                0x0000000000009430                I2C_TP_ReadPacket
 .text.I2C_TP_IT_handler
                0x00000000000095e4       0x2c ./HAL/I2C_TP.o
                0x00000000000095e4                I2C_TP_IT_handler
 .text.DATAFLASH_Read_KeyArray
                0x0000000000009610       0x30 ./HAL/KEYBOARD.o
                0x0000000000009610                DATAFLASH_Read_KeyArray
 .text.DATAFLASH_Write_KeyArray
                0x0000000000009640       0x30 ./HAL/KEYBOARD.o
                0x0000000000009640                DATAFLASH_Write_KeyArray
 .text.KEYBOARD_Reset
                0x0000000000009670       0x76 ./HAL/KEYBOARD.o
                0x0000000000009670                KEYBOARD_Reset
 .text.KEYBOARD_ChangeKey
                0x00000000000096e6       0x30 ./HAL/KEYBOARD.o
                0x00000000000096e6                KEYBOARD_ChangeKey
 .text.KEYBOARD_Custom_Function
                0x0000000000009716      0x798 ./HAL/KEYBOARD.o
                0x0000000000009716                KEYBOARD_Custom_Function
 .text.KEYBOARD_Init
                0x0000000000009eae       0x8c ./HAL/KEYBOARD.o
                0x0000000000009eae                KEYBOARD_Init
 .text.KEYBOARD_Detection
                0x0000000000009f3a      0x4ca ./HAL/KEYBOARD.o
                0x0000000000009f3a                KEYBOARD_Detection
 .text.KEYBOARD_EnterNumber
                0x000000000000a404      0x12a ./HAL/KEYBOARD.o
                0x000000000000a404                KEYBOARD_EnterNumber
 .text.TP78_Idle_Clr
                0x000000000000a52e       0x28 ./HAL/MCU.o
 .text.Lib_Calibration_LSI
                0x000000000000a556        0x6 ./HAL/MCU.o
                0x000000000000a556                Lib_Calibration_LSI
 .text.Lib_Read_Flash
                0x000000000000a55c       0x1c ./HAL/MCU.o
                0x000000000000a55c                Lib_Read_Flash
 .text.Lib_Write_Flash
                0x000000000000a578       0x42 ./HAL/MCU.o
                0x000000000000a578                Lib_Write_Flash
 .text.HAL_GetInterTempValue
                0x000000000000a5ba       0x72 ./HAL/MCU.o
                0x000000000000a5ba                HAL_GetInterTempValue
 .text.HID_KEYBOARD_Process
                0x000000000000a62c      0x1a2 ./HAL/MCU.o
                0x000000000000a62c                HID_KEYBOARD_Process
 .text.HID_I2CTP_Process
                0x000000000000a7ce       0xb8 ./HAL/MCU.o
                0x000000000000a7ce                HID_I2CTP_Process
 .text.HID_VOL_Process
                0x000000000000a886       0x54 ./HAL/MCU.o
                0x000000000000a886                HID_VOL_Process
 .text.SW_PaintedEgg_Process
                0x000000000000a8da       0x9a ./HAL/MCU.o
                0x000000000000a8da                SW_PaintedEgg_Process
 .text.SW_OLED_Capslock_Process
                0x000000000000a974       0xb2 ./HAL/MCU.o
                0x000000000000a974                SW_OLED_Capslock_Process
 .text.SW_OLED_UBStatus_Process
                0x000000000000aa26      0x1fc ./HAL/MCU.o
                0x000000000000aa26                SW_OLED_UBStatus_Process
 .text.HW_Battery_Process
                0x000000000000ac22       0x70 ./HAL/MCU.o
                0x000000000000ac22                HW_Battery_Process
 .text.HW_WS2812_Process
                0x000000000000ac92        0x4 ./HAL/MCU.o
                0x000000000000ac92                HW_WS2812_Process
 .text.HW_TouchBar_Process
                0x000000000000ac96       0x4c ./HAL/MCU.o
                0x000000000000ac96                HW_TouchBar_Process
 .text.HAL_ProcessEvent
                0x000000000000ace2      0x248 ./HAL/MCU.o
                0x000000000000ace2                HAL_ProcessEvent
 .text.CH58X_BLEInit
                0x000000000000af2a      0x12c ./HAL/MCU.o
                0x000000000000af2a                CH58X_BLEInit
 .text.HAL_Init
                0x000000000000b056       0xde ./HAL/MCU.o
                0x000000000000b056                HAL_Init
 .text.DATAFLASH_Read_MPR121_ALG_Parameter
                0x000000000000b134       0x76 ./HAL/MPR121.o
                0x000000000000b134                DATAFLASH_Read_MPR121_ALG_Parameter
 .text.MPR121_Init
                0x000000000000b1aa      0x38c ./HAL/MPR121.o
                0x000000000000b1aa                MPR121_Init
 .text.MPR121_ALG_Update_algListNode
                0x000000000000b536       0x10 ./HAL/MPR121.o
                0x000000000000b536                MPR121_ALG_Update_algListNode
 .text.MPR121_ALG_Judge_Touchbar
                0x000000000000b546      0x26a ./HAL/MPR121.o
                0x000000000000b546                MPR121_ALG_Judge_Touchbar
 .text.OLED_Set_Pos
                0x000000000000b7b0       0x4a ./HAL/OLED.o
                0x000000000000b7b0                OLED_Set_Pos
 .text.OLED_Clear
                0x000000000000b7fa       0x62 ./HAL/OLED.o
                0x000000000000b7fa                OLED_Clear
 .text.OLED_ShowChar
                0x000000000000b85c       0x66 ./HAL/OLED.o
                0x000000000000b85c                OLED_ShowChar
 .text.OLED_ShowNum
                0x000000000000b8c2       0xa0 ./HAL/OLED.o
                0x000000000000b8c2                OLED_ShowNum
 .text.OLED_ShowString
                0x000000000000b962       0x56 ./HAL/OLED.o
                0x000000000000b962                OLED_ShowString
 .text.OLED_ShowString_f
                0x000000000000b9b8       0xb4 ./HAL/OLED.o
                0x000000000000b9b8                OLED_ShowString_f
 .text.OLED_DrawBMP
                0x000000000000ba6c       0x6e ./HAL/OLED.o
                0x000000000000ba6c                OLED_DrawBMP
 .text.OLED_Clr
                0x000000000000bada       0x56 ./HAL/OLED.o
                0x000000000000bada                OLED_Clr
 .text.OLED_Midx
                0x000000000000bb30       0x22 ./HAL/OLED.o
                0x000000000000bb30                OLED_Midx
 .text.OLED_Set_Scroll_ENA
                0x000000000000bb52       0x14 ./HAL/OLED.o
                0x000000000000bb52                OLED_Set_Scroll_ENA
 .text.OLED_Scroll
                0x000000000000bb66       0xc0 ./HAL/OLED.o
                0x000000000000bb66                OLED_Scroll
 .text.HAL_OLED_Init
                0x000000000000bc26      0x19e ./HAL/OLED.o
                0x000000000000bc26                HAL_OLED_Init
 .text.OLED_UI_printf
                0x000000000000bdc4       0xa6 ./HAL/OLED_UI.o
                0x000000000000bdc4                OLED_UI_printf
 .text.OLED_UI_add_task
                0x000000000000be6a       0x5c ./HAL/OLED_UI.o
                0x000000000000be6a                OLED_UI_add_task
 .text.OLED_UI_add_CLEARPAGE_task
                0x000000000000bec6       0x4e ./HAL/OLED_UI.o
                0x000000000000bec6                OLED_UI_add_CLEARPAGE_task
 .text.OLED_UI_add_SHOWINFO_task
                0x000000000000bf14       0x82 ./HAL/OLED_UI.o
                0x000000000000bf14                OLED_UI_add_SHOWINFO_task
 .text.OLED_UI_add_SHOW_ICONINFO_task
                0x000000000000bf96       0x98 ./HAL/OLED_UI.o
                0x000000000000bf96                OLED_UI_add_SHOW_ICONINFO_task
 .text.OLED_UI_add_default_task
                0x000000000000c02e        0xe ./HAL/OLED_UI.o
                0x000000000000c02e                OLED_UI_add_default_task
 .text.OLED_UI_add_delay_task
                0x000000000000c03c       0x6c ./HAL/OLED_UI.o
                0x000000000000c03c                OLED_UI_add_delay_task
 .text.OLED_UI_add_default_delay_task
                0x000000000000c0a8       0x10 ./HAL/OLED_UI.o
                0x000000000000c0a8                OLED_UI_add_default_delay_task
 .text.OLED_UI_add_CANCELINFO_delay_task
                0x000000000000c0b8       0x3c ./HAL/OLED_UI.o
                0x000000000000c0b8                OLED_UI_add_CANCELINFO_delay_task
 .text.OLED_UI_slot_add
                0x000000000000c0f4       0x28 ./HAL/OLED_UI.o
                0x000000000000c0f4                OLED_UI_slot_add
 .text.OLED_UI_slot_delete
                0x000000000000c11c       0x58 ./HAL/OLED_UI.o
                0x000000000000c11c                OLED_UI_slot_delete
 .text.OLED_UI_slot_active
                0x000000000000c174       0x34 ./HAL/OLED_UI.o
                0x000000000000c174                OLED_UI_slot_active
 .text.OLED_UI_slot_draw
                0x000000000000c1a8       0x44 ./HAL/OLED_UI.o
                0x000000000000c1a8                OLED_UI_slot_draw
 .text.OLED_UI_show_version
                0x000000000000c1ec       0x9a ./HAL/OLED_UI.o
                0x000000000000c1ec                OLED_UI_show_version
 .text.OLED_UI_draw_empty_battery
                0x000000000000c286       0x14 ./HAL/OLED_UI.o
                0x000000000000c286                OLED_UI_draw_empty_battery
 .text.OLED_UI_smooth_select_cfg
                0x000000000000c29a       0x66 ./HAL/OLED_UI.o
                0x000000000000c29a                OLED_UI_smooth_select_cfg
 .text.OLED_UI_draw_menu
                0x000000000000c300      0x23a ./HAL/OLED_UI.o
                0x000000000000c300                OLED_UI_draw_menu
 .text.OLED_UI_smooth_select
                0x000000000000c53a      0x262 ./HAL/OLED_UI.o
                0x000000000000c53a                OLED_UI_smooth_select
 .text.OLED_UI_idle
                0x000000000000c79c       0x26 ./HAL/OLED_UI.o
                0x000000000000c79c                OLED_UI_idle
 .text.OLED_UI_draw_thread_callback
                0x000000000000c7c2      0x2e8 ./HAL/OLED_UI.o
                0x000000000000c7c2                OLED_UI_draw_thread_callback
 .text.RF_2G4StatusCallBack
                0x000000000000caaa      0x116 ./HAL/RF_PHY.o
                0x000000000000caaa                RF_2G4StatusCallBack
 .text.RF_ProcessEvent
                0x000000000000cbc0       0xee ./HAL/RF_PHY.o
                0x000000000000cbc0                RF_ProcessEvent
 .text.DATAFLASH_Read_RForBLE
                0x000000000000ccae       0x36 ./HAL/RF_PHY.o
                0x000000000000ccae                DATAFLASH_Read_RForBLE
 .text.DATAFLASH_Write_RForBLE
                0x000000000000cce4       0x1a ./HAL/RF_PHY.o
                0x000000000000cce4                DATAFLASH_Write_RForBLE
 .text.RF_Init  0x000000000000ccfe       0x7a ./HAL/RF_PHY.o
                0x000000000000ccfe                RF_Init
 .text.HAL_TimeInit
                0x000000000000cd78       0x3e ./HAL/RTC.o
                0x000000000000cd78                HAL_TimeInit
 .text.usbd_hid_int_callback
                0x000000000000cdb6        0x6 ./HAL/USB.o
 .text.USB_ProcessEvent
                0x000000000000cdbc       0xd4 ./HAL/USB.o
                0x000000000000cdbc                USB_ProcessEvent
 .text.usb_device_init
                0x000000000000ce90       0xae ./HAL/USB.o
                0x000000000000ce90                usb_device_init
 .text.usbd_configure_done_callback
                0x000000000000cf3e        0xe ./HAL/USB.o
                0x000000000000cf3e                usbd_configure_done_callback
 .text.usbh_hid_set_idle
                0x000000000000cf4c        0x2 ./HAL/USB.o
                0x000000000000cf4c                usbh_hid_set_idle
 .text.usbh_hid_set_protocol
                0x000000000000cf4e        0x2 ./HAL/USB.o
                0x000000000000cf4e                usbh_hid_set_protocol
 .text.usbh_hid_set_report
                0x000000000000cf50       0x20 ./HAL/USB.o
                0x000000000000cf50                usbh_hid_set_report
 .text.usb_suspend_wake_up_cb
                0x000000000000cf70       0x30 ./HAL/USB.o
                0x000000000000cf70                usb_suspend_wake_up_cb
 .text.usbd_msc_get_cap
                0x000000000000cfa0       0x10 ./HAL/USB.o
                0x000000000000cfa0                usbd_msc_get_cap
 .text.usbd_msc_sector_read
                0x000000000000cfb0       0x16 ./HAL/USB.o
                0x000000000000cfb0                usbd_msc_sector_read
 .text.usbd_msc_sector_write
                0x000000000000cfc6       0x16 ./HAL/USB.o
                0x000000000000cfc6                usbd_msc_sector_write
 .text.HAL_USBInit
                0x000000000000cfdc       0x78 ./HAL/USB.o
                0x000000000000cfdc                HAL_USBInit
 .text.usb_dc_low_level_init
                0x000000000000d054       0x22 ./HAL/USB.o
                0x000000000000d054                usb_dc_low_level_init
 .text.WS2812_Style_Off
                0x000000000000d076       0x1c ./HAL/WS2812.o
                0x000000000000d076                WS2812_Style_Off
 .text.WS2812_Style_Breath
                0x000000000000d092       0xf2 ./HAL/WS2812.o
                0x000000000000d092                WS2812_Style_Breath
 .text.WS2812_Style_Waterful
                0x000000000000d184       0xa8 ./HAL/WS2812.o
                0x000000000000d184                WS2812_Style_Waterful
 .text.WS2812_Style_Touch
                0x000000000000d22c       0xcc ./HAL/WS2812.o
                0x000000000000d22c                WS2812_Style_Touch
 .text.WS2812_Style_Rainbow
                0x000000000000d2f8      0x368 ./HAL/WS2812.o
                0x000000000000d2f8                WS2812_Style_Rainbow
 .text.DATAFLASH_Read_LEDStyle
                0x000000000000d660       0x90 ./HAL/WS2812.o
                0x000000000000d660                DATAFLASH_Read_LEDStyle
 .text.WS2812_PWM_Init
                0x000000000000d6f0       0x36 ./HAL/WS2812.o
                0x000000000000d6f0                WS2812_PWM_Init
 .text.WS2812_Style_Custom
                0x000000000000d726       0xb0 ./HAL/WS2812.o
                0x000000000000d726                WS2812_Style_Custom
 .text.WS2812_Send
                0x000000000000d7d6       0x88 ./HAL/WS2812.o
                0x000000000000d7d6                WS2812_Send
 .text.startup.main
                0x000000000000d85e       0xc4 ./APP/main.o
                0x000000000000d85e                main
 .text.ProduceFood
                0x000000000000d922       0xaa ./APP/snake.o
 .text.Snake_Init
                0x000000000000d9cc       0x6c ./APP/snake.o
                0x000000000000d9cc                Snake_Init
 .text.MoveSnake
                0x000000000000da38      0x236 ./APP/snake.o
                0x000000000000da38                MoveSnake
 .text.tmos_msg_enqueue
                0x000000000000dc6e       0x1e E:\Project\tp78_v2\mounriver_project\BLE_CH582M\LIB\libCH58xBLE.a(message.o)
                0x000000000000dc6e                tmos_msg_enqueue
 .text.tmos_msg_deallocate
                0x000000000000dc8c       0x2c E:\Project\tp78_v2\mounriver_project\BLE_CH582M\LIB\libCH58xBLE.a(message.o)
                0x000000000000dc8c                tmos_msg_deallocate
 .text.tmos_msg_allocate
                0x000000000000dcb8       0x46 E:\Project\tp78_v2\mounriver_project\BLE_CH582M\LIB\libCH58xBLE.a(message.o)
                0x000000000000dcb8                tmos_msg_allocate
 .text.tmos_msg_receive
                0x000000000000dcfe       0x70 E:\Project\tp78_v2\mounriver_project\BLE_CH582M\LIB\libCH58xBLE.a(message.o)
                0x000000000000dcfe                tmos_msg_receive
 .text.tmos_msg_send
                0x000000000000dd6e       0x66 E:\Project\tp78_v2\mounriver_project\BLE_CH582M\LIB\libCH58xBLE.a(message.o)
                0x000000000000dd6e                tmos_msg_send
 .text.tmos_msg_init
                0x000000000000ddd4        0xa E:\Project\tp78_v2\mounriver_project\BLE_CH582M\LIB\libCH58xBLE.a(message.o)
                0x000000000000ddd4                tmos_msg_init
 .text.tmosFindTask
                0x000000000000ddde       0x24 E:\Project\tp78_v2\mounriver_project\BLE_CH582M\LIB\libCH58xBLE.a(tmos.o)
 .text.TMOS_CB_PeriodicProcessEvent
                0x000000000000de02       0x86 E:\Project\tp78_v2\mounriver_project\BLE_CH582M\LIB\libCH58xBLE.a(tmos.o)
                0x000000000000de02                TMOS_CB_PeriodicProcessEvent
 .text.TMOS_CB_ProcessEvent
                0x000000000000de88       0x84 E:\Project\tp78_v2\mounriver_project\BLE_CH582M\LIB\libCH58xBLE.a(tmos.o)
                0x000000000000de88                TMOS_CB_ProcessEvent
 .text.tmos_rand
                0x000000000000df0c       0x52 E:\Project\tp78_v2\mounriver_project\BLE_CH582M\LIB\libCH58xBLE.a(tmos.o)
                0x000000000000df0c                tmos_rand
 .text.tmos_proces_sleep
                0x000000000000df5e      0x132 E:\Project\tp78_v2\mounriver_project\BLE_CH582M\LIB\libCH58xBLE.a(tmos.o)
                0x000000000000df5e                tmos_proces_sleep
 .text.tmos_start_periodic_callback_task
                0x000000000000e090       0xfc E:\Project\tp78_v2\mounriver_project\BLE_CH582M\LIB\libCH58xBLE.a(tmos.o)
                0x000000000000e090                tmos_start_periodic_callback_task
 .text.tmos_set_event
                0x000000000000e18c       0x2e E:\Project\tp78_v2\mounriver_project\BLE_CH582M\LIB\libCH58xBLE.a(tmos.o)
                0x000000000000e18c                tmos_set_event
 .text.tmos_clear_event
                0x000000000000e1ba       0x32 E:\Project\tp78_v2\mounriver_project\BLE_CH582M\LIB\libCH58xBLE.a(tmos.o)
                0x000000000000e1ba                tmos_clear_event
 .text.tmos_update_callback_timer
                0x000000000000e1ec       0xb8 E:\Project\tp78_v2\mounriver_project\BLE_CH582M\LIB\libCH58xBLE.a(tmos.o)
                0x000000000000e1ec                tmos_update_callback_timer
 .text.tmos_start_task
                0x000000000000e2a4       0xe2 E:\Project\tp78_v2\mounriver_project\BLE_CH582M\LIB\libCH58xBLE.a(tmos.o)
                0x000000000000e2a4                tmos_start_task
 .text.tmos_start_callback_task
                0x000000000000e386       0x9a E:\Project\tp78_v2\mounriver_project\BLE_CH582M\LIB\libCH58xBLE.a(tmos.o)
                0x000000000000e386                tmos_start_callback_task
 .text.tmos_start_reload_task
                0x000000000000e420       0x4a E:\Project\tp78_v2\mounriver_project\BLE_CH582M\LIB\libCH58xBLE.a(tmos.o)
                0x000000000000e420                tmos_start_reload_task
 .text.tmos_stop_task
                0x000000000000e46a       0x52 E:\Project\tp78_v2\mounriver_project\BLE_CH582M\LIB\libCH58xBLE.a(tmos.o)
                0x000000000000e46a                tmos_stop_task
 .text.tmos_stop_callback_task
                0x000000000000e4bc       0x5c E:\Project\tp78_v2\mounriver_project\BLE_CH582M\LIB\libCH58xBLE.a(tmos.o)
                0x000000000000e4bc                tmos_stop_callback_task
 .text.tmos_get_task_timer
                0x000000000000e518       0x66 E:\Project\tp78_v2\mounriver_project\BLE_CH582M\LIB\libCH58xBLE.a(tmos.o)
                0x000000000000e518                tmos_get_task_timer
 .text.TMOS_TimerRegister
                0x000000000000e57e       0x1e E:\Project\tp78_v2\mounriver_project\BLE_CH582M\LIB\libCH58xBLE.a(tmos.o)
                0x000000000000e57e                TMOS_TimerRegister
 .text.TMOS_ProcessRegister
                0x000000000000e59c       0x16 E:\Project\tp78_v2\mounriver_project\BLE_CH582M\LIB\libCH58xBLE.a(tmos.o)
                0x000000000000e59c                TMOS_ProcessRegister
 .text.TMOS_Init
                0x000000000000e5b2       0xf8 E:\Project\tp78_v2\mounriver_project\BLE_CH582M\LIB\libCH58xBLE.a(tmos.o)
                0x000000000000e5b2                TMOS_Init
 .text.TMOS_ProcessEventRegister
                0x000000000000e6aa       0x3c E:\Project\tp78_v2\mounriver_project\BLE_CH582M\LIB\libCH58xBLE.a(tmos.o)
                0x000000000000e6aa                TMOS_ProcessEventRegister
 .text.BLE_LibInit
                0x000000000000e6e6      0x178 E:\Project\tp78_v2\mounriver_project\BLE_CH582M\LIB\libCH58xBLE.a(tmos.o)
                0x000000000000e6e6                BLE_LibInit
 .text.clockGetTickValve
                0x000000000000e85e       0x56 E:\Project\tp78_v2\mounriver_project\BLE_CH582M\LIB\libCH58xBLE.a(tmos_hw.o)
 .text.ll_get_sca_divisor
                0x000000000000e8b4       0x40 E:\Project\tp78_v2\mounriver_project\BLE_CH582M\LIB\libCH58xBLE.a(tmos_hw.o)
                0x000000000000e8b4                ll_get_sca_divisor
 .text.ll_get_sca_own
                0x000000000000e8f4       0x46 E:\Project\tp78_v2\mounriver_project\BLE_CH582M\LIB\libCH58xBLE.a(tmos_hw.o)
                0x000000000000e8f4                ll_get_sca_own
 .text.ble_ll_common_rand8
                0x000000000000e93a       0x24 E:\Project\tp78_v2\mounriver_project\BLE_CH582M\LIB\libCH58xBLE.a(tmos_hw.o)
                0x000000000000e93a                ble_ll_common_rand8
 .text.ble_ll_common_rand16
                0x000000000000e95e       0x24 E:\Project\tp78_v2\mounriver_project\BLE_CH582M\LIB\libCH58xBLE.a(tmos_hw.o)
                0x000000000000e95e                ble_ll_common_rand16
 .text.ble_ll_common_rand32
                0x000000000000e982       0x20 E:\Project\tp78_v2\mounriver_project\BLE_CH582M\LIB\libCH58xBLE.a(tmos_hw.o)
                0x000000000000e982                ble_ll_common_rand32
 .text.TMOS_TempSample
                0x000000000000e9a2       0x62 E:\Project\tp78_v2\mounriver_project\BLE_CH582M\LIB\libCH58xBLE.a(tmos_hw.o)
                0x000000000000e9a2                TMOS_TempSample
 .text.TMOS_TimerInit
                0x000000000000ea04       0xca E:\Project\tp78_v2\mounriver_project\BLE_CH582M\LIB\libCH58xBLE.a(tmos_hw.o)
                0x000000000000ea04                TMOS_TimerInit
 .text.tmos_snv_init
                0x000000000000eace       0xc0 E:\Project\tp78_v2\mounriver_project\BLE_CH582M\LIB\libCH58xBLE.a(tmos_snv.o)
                0x000000000000eace                tmos_snv_init
 .text.tmos_snv_clear
                0x000000000000eb8e       0xb2 E:\Project\tp78_v2\mounriver_project\BLE_CH582M\LIB\libCH58xBLE.a(tmos_snv.o)
                0x000000000000eb8e                tmos_snv_clear
 .text.tmos_snv_read
                0x000000000000ec40      0x292 E:\Project\tp78_v2\mounriver_project\BLE_CH582M\LIB\libCH58xBLE.a(tmos_snv.o)
                0x000000000000ec40                tmos_snv_read
 .text.tmos_snv_notify
                0x000000000000eed2       0x5a E:\Project\tp78_v2\mounriver_project\BLE_CH582M\LIB\libCH58xBLE.a(tmos_snv.o)
                0x000000000000eed2                tmos_snv_notify
 .text.tmos_snv_write
                0x000000000000ef2c      0x2ce E:\Project\tp78_v2\mounriver_project\BLE_CH582M\LIB\libCH58xBLE.a(tmos_snv.o)
                0x000000000000ef2c                tmos_snv_write
 .text.tmos_snv_compact
                0x000000000000f1fa        0x4 E:\Project\tp78_v2\mounriver_project\BLE_CH582M\LIB\libCH58xBLE.a(tmos_snv.o)
                0x000000000000f1fa                tmos_snv_compact
 .text.disconnectNext
                0x000000000000f1fe       0x22 E:\Project\tp78_v2\mounriver_project\BLE_CH582M\LIB\libCH58xBLE.a(gap.o)
 .text.GAP_ParamInit
                0x000000000000f220      0x14e E:\Project\tp78_v2\mounriver_project\BLE_CH582M\LIB\libCH58xBLE.a(gap.o)
                0x000000000000f220                GAP_ParamInit
 .text.sendTerminateEvent
                0x000000000000f36e       0x58 E:\Project\tp78_v2\mounriver_project\BLE_CH582M\LIB\libCH58xBLE.a(gap.o)
                0x000000000000f36e                sendTerminateEvent
 .text.gapRegisterCentral
                0x000000000000f3c6        0x6 E:\Project\tp78_v2\mounriver_project\BLE_CH582M\LIB\libCH58xBLE.a(gap.o)
                0x000000000000f3c6                gapRegisterCentral
 .text.gapRegisterCentralConn
                0x000000000000f3cc        0x6 E:\Project\tp78_v2\mounriver_project\BLE_CH582M\LIB\libCH58xBLE.a(gap.o)
                0x000000000000f3cc                gapRegisterCentralConn
 .text.gapRegisterPeripheral
                0x000000000000f3d2        0x6 E:\Project\tp78_v2\mounriver_project\BLE_CH582M\LIB\libCH58xBLE.a(gap.o)
                0x000000000000f3d2                gapRegisterPeripheral
 .text.gapRegisterPeripheralConn
                0x000000000000f3d8        0x6 E:\Project\tp78_v2\mounriver_project\BLE_CH582M\LIB\libCH58xBLE.a(gap.o)
                0x000000000000f3d8                gapRegisterPeripheralConn
 .text.smGenerateRandBuf
                0x000000000000f3de       0x56 E:\Project\tp78_v2\mounriver_project\BLE_CH582M\LIB\libCH58xBLE.a(gap.o)
                0x000000000000f3de                smGenerateRandBuf
 .text.gapL2capConnParamUpdateReq
                0x000000000000f434       0x36 E:\Project\tp78_v2\mounriver_project\BLE_CH582M\LIB\libCH58xBLE.a(gap.o)
                0x000000000000f434                gapL2capConnParamUpdateReq
 .text.gapValidADType
                0x000000000000f46a       0x16 E:\Project\tp78_v2\mounriver_project\BLE_CH582M\LIB\libCH58xBLE.a(gap.o)
                0x000000000000f46a                gapValidADType
 .text.gapFindADType
                0x000000000000f480       0x94 E:\Project\tp78_v2\mounriver_project\BLE_CH582M\LIB\libCH58xBLE.a(gap.o)
                0x000000000000f480                gapFindADType
 .text.GAP_SecParamsInit
                0x000000000000f514       0xae E:\Project\tp78_v2\mounriver_project\BLE_CH582M\LIB\libCH58xBLE.a(gap.o)
                0x000000000000f514                GAP_SecParamsInit
 .text.GAP_ParamsInit
                0x000000000000f5c2       0x50 E:\Project\tp78_v2\mounriver_project\BLE_CH582M\LIB\libCH58xBLE.a(gap.o)
                0x000000000000f5c2                GAP_ParamsInit
 .text.gapAddAddrAdj
                0x000000000000f612       0x48 E:\Project\tp78_v2\mounriver_project\BLE_CH582M\LIB\libCH58xBLE.a(gap.o)
                0x000000000000f612                gapAddAddrAdj
 .text.gapDetermineAddrType
                0x000000000000f65a       0x28 E:\Project\tp78_v2\mounriver_project\BLE_CH582M\LIB\libCH58xBLE.a(gap.o)
                0x000000000000f65a                gapDetermineAddrType
 .text.gapFreeAuthLink
                0x000000000000f682       0x4a E:\Project\tp78_v2\mounriver_project\BLE_CH582M\LIB\libCH58xBLE.a(gap.o)
                0x000000000000f682                gapFreeAuthLink
 .text.gapGetDevAddress
                0x000000000000f6cc       0x24 E:\Project\tp78_v2\mounriver_project\BLE_CH582M\LIB\libCH58xBLE.a(gap.o)
                0x000000000000f6cc                gapGetDevAddress
 .text.gapGetDevAddressMode
                0x000000000000f6f0        0xa E:\Project\tp78_v2\mounriver_project\BLE_CH582M\LIB\libCH58xBLE.a(gap.o)
                0x000000000000f6f0                gapGetDevAddressMode
 .text.gapGetIRK
                0x000000000000f6fa        0xc E:\Project\tp78_v2\mounriver_project\BLE_CH582M\LIB\libCH58xBLE.a(gap.o)
                0x000000000000f6fa                gapGetIRK
 .text.gapGetSRK
                0x000000000000f706        0xc E:\Project\tp78_v2\mounriver_project\BLE_CH582M\LIB\libCH58xBLE.a(gap.o)
                0x000000000000f706                gapGetSRK
 .text.gapGetSignCounter
                0x000000000000f712        0xe E:\Project\tp78_v2\mounriver_project\BLE_CH582M\LIB\libCH58xBLE.a(gap.o)
                0x000000000000f712                gapGetSignCounter
 .text.gapIncSignCounter
                0x000000000000f720       0x28 E:\Project\tp78_v2\mounriver_project\BLE_CH582M\LIB\libCH58xBLE.a(gap.o)
                0x000000000000f720                gapIncSignCounter
 .text.gapProcessConnEvt
                0x000000000000f748       0x48 E:\Project\tp78_v2\mounriver_project\BLE_CH582M\LIB\libCH58xBLE.a(gap.o)
                0x000000000000f748                gapProcessConnEvt
 .text.gapProcessDisconnectCompleteEvt
                0x000000000000f790       0xaa E:\Project\tp78_v2\mounriver_project\BLE_CH582M\LIB\libCH58xBLE.a(gap.o)
                0x000000000000f790                gapProcessDisconnectCompleteEvt
 .text.sendAuthEvent
                0x000000000000f83a      0x120 E:\Project\tp78_v2\mounriver_project\BLE_CH582M\LIB\libCH58xBLE.a(gap.o)
                0x000000000000f83a                sendAuthEvent
 .text.gapSendBondCompleteEvent
                0x000000000000f95a       0x74 E:\Project\tp78_v2\mounriver_project\BLE_CH582M\LIB\libCH58xBLE.a(gap.o)
                0x000000000000f95a                gapSendBondCompleteEvent
 .text.gapSendPairingReqEvent
                0x000000000000f9ce       0x96 E:\Project\tp78_v2\mounriver_project\BLE_CH582M\LIB\libCH58xBLE.a(gap.o)
                0x000000000000f9ce                gapSendPairingReqEvent
 .text.gapSendSlaveSecurityReqEvent
                0x000000000000fa64       0x68 E:\Project\tp78_v2\mounriver_project\BLE_CH582M\LIB\libCH58xBLE.a(gap.o)
                0x000000000000fa64                gapSendSlaveSecurityReqEvent
 .text.gapSendDeviceInitDoneEvent
                0x000000000000facc       0x88 E:\Project\tp78_v2\mounriver_project\BLE_CH582M\LIB\libCH58xBLE.a(gap.o)
                0x000000000000facc                gapSendDeviceInitDoneEvent
 .text.gapSendLinkUpdateEvent
                0x000000000000fb54       0xb2 E:\Project\tp78_v2\mounriver_project\BLE_CH582M\LIB\libCH58xBLE.a(gap.o)
                0x000000000000fb54                gapSendLinkUpdateEvent
 .text.gapSendPhyUpdateEvent
                0x000000000000fc06       0x58 E:\Project\tp78_v2\mounriver_project\BLE_CH582M\LIB\libCH58xBLE.a(gap.o)
                0x000000000000fc06                gapSendPhyUpdateEvent
 .text.gapSendEstLinkEvent
                0x000000000000fc5e       0xbc E:\Project\tp78_v2\mounriver_project\BLE_CH582M\LIB\libCH58xBLE.a(gap.o)
                0x000000000000fc5e                gapSendEstLinkEvent
 .text.gapProcessNewAddr
                0x000000000000fd1a       0x3e E:\Project\tp78_v2\mounriver_project\BLE_CH582M\LIB\libCH58xBLE.a(gap.o)
                0x000000000000fd1a                gapProcessNewAddr
 .text.gapProcessRandomAddrComplete
                0x000000000000fd58       0xb6 E:\Project\tp78_v2\mounriver_project\BLE_CH582M\LIB\libCH58xBLE.a(gap.o)
                0x000000000000fd58                gapProcessRandomAddrComplete
 .text.GAP_Authenticate
                0x000000000000fe0e       0xde E:\Project\tp78_v2\mounriver_project\BLE_CH582M\LIB\libCH58xBLE.a(gap.o)
                0x000000000000fe0e                GAP_Authenticate
 .text.GAP_Bond
                0x000000000000feec       0xaa E:\Project\tp78_v2\mounriver_project\BLE_CH582M\LIB\libCH58xBLE.a(gap.o)
                0x000000000000feec                GAP_Bond
 .text.GAP_GetParamValue
                0x000000000000ff96       0x20 E:\Project\tp78_v2\mounriver_project\BLE_CH582M\LIB\libCH58xBLE.a(gap.o)
                0x000000000000ff96                GAP_GetParamValue
 .text.GAP_PasscodeUpdate
                0x000000000000ffb6       0x54 E:\Project\tp78_v2\mounriver_project\BLE_CH582M\LIB\libCH58xBLE.a(gap.o)
                0x000000000000ffb6                GAP_PasscodeUpdate
 .text.GAP_RegisterForMsgs
                0x000000000001000a        0xa E:\Project\tp78_v2\mounriver_project\BLE_CH582M\LIB\libCH58xBLE.a(gap.o)
                0x000000000001000a                GAP_RegisterForMsgs
 .text.GAP_ResolvePrivateAddr
                0x0000000000010014        0x4 E:\Project\tp78_v2\mounriver_project\BLE_CH582M\LIB\libCH58xBLE.a(gap.o)
                0x0000000000010014                GAP_ResolvePrivateAddr
 .text.gapPairingCompleteCB
                0x0000000000010018      0x18c E:\Project\tp78_v2\mounriver_project\BLE_CH582M\LIB\libCH58xBLE.a(gap.o)
                0x0000000000010018                gapPairingCompleteCB
 .text.gapPasskeyNeededCB
                0x00000000000101a4       0x8e E:\Project\tp78_v2\mounriver_project\BLE_CH582M\LIB\libCH58xBLE.a(gap.o)
                0x00000000000101a4                gapPasskeyNeededCB
 .text.gapFreeEstLink
                0x0000000000010232       0x20 E:\Project\tp78_v2\mounriver_project\BLE_CH582M\LIB\libCH58xBLE.a(gap.o)
                0x0000000000010232                gapFreeEstLink
 .text.gapUpdateConnSignCounter
                0x0000000000010252       0x7a E:\Project\tp78_v2\mounriver_project\BLE_CH582M\LIB\libCH58xBLE.a(gap.o)
                0x0000000000010252                gapUpdateConnSignCounter
 .text.GAP_SendSlaveSecurityRequest
                0x00000000000102cc       0x4c E:\Project\tp78_v2\mounriver_project\BLE_CH582M\LIB\libCH58xBLE.a(gap.o)
                0x00000000000102cc                GAP_SendSlaveSecurityRequest
 .text.GAP_Signable
                0x0000000000010318       0x6a E:\Project\tp78_v2\mounriver_project\BLE_CH582M\LIB\libCH58xBLE.a(gap.o)
                0x0000000000010318                GAP_Signable
 .text.GAP_TerminateAuth
                0x0000000000010382       0x2a E:\Project\tp78_v2\mounriver_project\BLE_CH582M\LIB\libCH58xBLE.a(gap.o)
                0x0000000000010382                GAP_TerminateAuth
 .text.GAP_NumActiveConnections
                0x00000000000103ac        0x4 E:\Project\tp78_v2\mounriver_project\BLE_CH582M\LIB\libCH58xBLE.a(gap.o)
                0x00000000000103ac                GAP_NumActiveConnections
 .text.GAP_TerminateLinkReq
                0x00000000000103b0       0x8e E:\Project\tp78_v2\mounriver_project\BLE_CH582M\LIB\libCH58xBLE.a(gap.o)
                0x00000000000103b0                GAP_TerminateLinkReq
 .text.GAP_SetParamValue
                0x000000000001043e       0x68 E:\Project\tp78_v2\mounriver_project\BLE_CH582M\LIB\libCH58xBLE.a(gap.o)
                0x000000000001043e                GAP_SetParamValue
 .text.GAP_Init
                0x00000000000104a6       0x48 E:\Project\tp78_v2\mounriver_project\BLE_CH582M\LIB\libCH58xBLE.a(gap.o)
                0x00000000000104a6                GAP_Init
 .text.GAP_ProcessEvent
                0x00000000000104ee      0x664 E:\Project\tp78_v2\mounriver_project\BLE_CH582M\LIB\libCH58xBLE.a(gap.o)
                0x00000000000104ee                GAP_ProcessEvent
 .text.gapSendScanEnable
                0x0000000000010b52       0x3a E:\Project\tp78_v2\mounriver_project\BLE_CH582M\LIB\libCH58xBLE.a(gap_central.o)
 .text.gapCentProcessConnEvt
                0x0000000000010b8c      0x15c E:\Project\tp78_v2\mounriver_project\BLE_CH582M\LIB\libCH58xBLE.a(gap_central.o)
                0x0000000000010b8c                gapCentProcessConnEvt
 .text.gapProcessScanningPeriodicAdvEvt
                0x0000000000010ce8       0xa0 E:\Project\tp78_v2\mounriver_project\BLE_CH582M\LIB\libCH58xBLE.a(gap_central.o)
                0x0000000000010ce8                gapProcessScanningPeriodicAdvEvt
 .text.gapCancelLinkReq
                0x0000000000010d88       0x38 E:\Project\tp78_v2\mounriver_project\BLE_CH582M\LIB\libCH58xBLE.a(gap_central.o)
                0x0000000000010d88                gapCancelLinkReq
 .text.gapProcessAdvertDevInfo
                0x0000000000010dc0      0x248 E:\Project\tp78_v2\mounriver_project\BLE_CH582M\LIB\libCH58xBLE.a(gap_central.o)
                0x0000000000010dc0                gapProcessAdvertDevInfo
 .text.gapProcessExtAdvertDevInfo
                0x0000000000011008      0x260 E:\Project\tp78_v2\mounriver_project\BLE_CH582M\LIB\libCH58xBLE.a(gap_central.o)
                0x0000000000011008                gapProcessExtAdvertDevInfo
 .text.gapProcessPeriodicAdvertisingSyncEstablishedEvt
                0x0000000000011268       0x9e E:\Project\tp78_v2\mounriver_project\BLE_CH582M\LIB\libCH58xBLE.a(gap_central.o)
                0x0000000000011268                gapProcessPeriodicAdvertisingSyncEstablishedEvt
 .text.gapProcessPeriodicAdvertisingSyncLostEvt
                0x0000000000011306       0x56 E:\Project\tp78_v2\mounriver_project\BLE_CH582M\LIB\libCH58xBLE.a(gap_central.o)
                0x0000000000011306                gapProcessPeriodicAdvertisingSyncLostEvt
 .text.gapFreeScanRecs
                0x000000000001135c       0xa6 E:\Project\tp78_v2\mounriver_project\BLE_CH582M\LIB\libCH58xBLE.a(gap_central.o)
                0x000000000001135c                gapFreeScanRecs
 .text.gapSendDevDiscEvent
                0x0000000000011402      0x126 E:\Project\tp78_v2\mounriver_project\BLE_CH582M\LIB\libCH58xBLE.a(gap_central.o)
                0x0000000000011402                gapSendDevDiscEvent
 .text.gapSetScanParamStatus
                0x0000000000011528       0x58 E:\Project\tp78_v2\mounriver_project\BLE_CH582M\LIB\libCH58xBLE.a(gap_central.o)
 .text.gapCentProcessHCICmdEvt
                0x0000000000011580       0x3e E:\Project\tp78_v2\mounriver_project\BLE_CH582M\LIB\libCH58xBLE.a(gap_central.o)
                0x0000000000011580                gapCentProcessHCICmdEvt
 .text.gapProcessScanningEvt
                0x00000000000115be      0x110 E:\Project\tp78_v2\mounriver_project\BLE_CH582M\LIB\libCH58xBLE.a(gap_central.o)
                0x00000000000115be                gapProcessScanningEvt
 .text.gapProcessScanningDirectEvt
                0x00000000000116ce       0xfe E:\Project\tp78_v2\mounriver_project\BLE_CH582M\LIB\libCH58xBLE.a(gap_central.o)
                0x00000000000116ce                gapProcessScanningDirectEvt
 .text.gapProcessScanningExtAdvEvt
                0x00000000000117cc      0x26a E:\Project\tp78_v2\mounriver_project\BLE_CH582M\LIB\libCH58xBLE.a(gap_central.o)
                0x00000000000117cc                gapProcessScanningExtAdvEvt
 .text.GAP_CentConnRegister
                0x0000000000011a36       0x1a E:\Project\tp78_v2\mounriver_project\BLE_CH582M\LIB\libCH58xBLE.a(gap_central.o)
                0x0000000000011a36                GAP_CentConnRegister
 .text.GAP_CentralParamInit
                0x0000000000011a50       0x6e E:\Project\tp78_v2\mounriver_project\BLE_CH582M\LIB\libCH58xBLE.a(gap_central.o)
                0x0000000000011a50                GAP_CentralParamInit
 .text.GAP_CentDevMgrInit
                0x0000000000011abe       0x9c E:\Project\tp78_v2\mounriver_project\BLE_CH582M\LIB\libCH58xBLE.a(gap_central.o)
                0x0000000000011abe                GAP_CentDevMgrInit
 .text.gapFreeAdvertState
                0x0000000000011b5a       0x20 E:\Project\tp78_v2\mounriver_project\BLE_CH582M\LIB\libCH58xBLE.a(gap_peripheral.o)
 .text.gapSetPeriodicAdvParams
                0x0000000000011b7a       0x30 E:\Project\tp78_v2\mounriver_project\BLE_CH582M\LIB\libCH58xBLE.a(gap_peripheral.o)
 .text.gapSetAdvParams
                0x0000000000011baa       0xfc E:\Project\tp78_v2\mounriver_project\BLE_CH582M\LIB\libCH58xBLE.a(gap_peripheral.o)
 .text.gapPeriProcessConnEvt
                0x0000000000011ca6       0xd0 E:\Project\tp78_v2\mounriver_project\BLE_CH582M\LIB\libCH58xBLE.a(gap_peripheral.o)
 .text.gapWriteAdvDataStatus
                0x0000000000011d76       0x54 E:\Project\tp78_v2\mounriver_project\BLE_CH582M\LIB\libCH58xBLE.a(gap_peripheral.o)
 .text.GAP_MakeDiscoverable
                0x0000000000011dca      0x174 E:\Project\tp78_v2\mounriver_project\BLE_CH582M\LIB\libCH58xBLE.a(gap_peripheral.o)
                0x0000000000011dca                GAP_MakeDiscoverable
 .text.GAP_EndDiscoverable
                0x0000000000011f3e       0x66 E:\Project\tp78_v2\mounriver_project\BLE_CH582M\LIB\libCH58xBLE.a(gap_peripheral.o)
                0x0000000000011f3e                GAP_EndDiscoverable
 .text.gapProcessAdvertisingEvt
                0x0000000000011fa4      0x118 E:\Project\tp78_v2\mounriver_project\BLE_CH582M\LIB\libCH58xBLE.a(gap_peripheral.o)
 .text.GAP_MakePeriodic
                0x00000000000120bc       0x26 E:\Project\tp78_v2\mounriver_project\BLE_CH582M\LIB\libCH58xBLE.a(gap_peripheral.o)
                0x00000000000120bc                GAP_MakePeriodic
 .text.GAP_EndPeriodic
                0x00000000000120e2        0xc E:\Project\tp78_v2\mounriver_project\BLE_CH582M\LIB\libCH58xBLE.a(gap_peripheral.o)
                0x00000000000120e2                GAP_EndPeriodic
 .text.GAP_SetAdvertisingAdvData
                0x00000000000120ee      0x102 E:\Project\tp78_v2\mounriver_project\BLE_CH582M\LIB\libCH58xBLE.a(gap_peripheral.o)
                0x00000000000120ee                GAP_SetAdvertisingAdvData
 .text.GAP_SetAdvertisingRspData
                0x00000000000121f0      0x102 E:\Project\tp78_v2\mounriver_project\BLE_CH582M\LIB\libCH58xBLE.a(gap_peripheral.o)
                0x00000000000121f0                GAP_SetAdvertisingRspData
 .text.GAP_SetPeriodicAdvertisingData
                0x00000000000122f2       0xc6 E:\Project\tp78_v2\mounriver_project\BLE_CH582M\LIB\libCH58xBLE.a(gap_peripheral.o)
                0x00000000000122f2                GAP_SetPeriodicAdvertisingData
 .text.GAP_GetAdvertisingAdvData
                0x00000000000123b8       0x26 E:\Project\tp78_v2\mounriver_project\BLE_CH582M\LIB\libCH58xBLE.a(gap_peripheral.o)
                0x00000000000123b8                GAP_GetAdvertisingAdvData
 .text.GAP_GetAdvertisingRspData
                0x00000000000123de       0x34 E:\Project\tp78_v2\mounriver_project\BLE_CH582M\LIB\libCH58xBLE.a(gap_peripheral.o)
                0x00000000000123de                GAP_GetAdvertisingRspData
 .text.GAP_GetPeriodicAdvertisingData
                0x0000000000012412       0x34 E:\Project\tp78_v2\mounriver_project\BLE_CH582M\LIB\libCH58xBLE.a(gap_peripheral.o)
                0x0000000000012412                GAP_GetPeriodicAdvertisingData
 .text.GAP_ConfigDeviceAddr
                0x0000000000012446      0x124 E:\Project\tp78_v2\mounriver_project\BLE_CH582M\LIB\libCH58xBLE.a(gap_peripheral.o)
                0x0000000000012446                GAP_ConfigDeviceAddr
 .text.GAP_PeriConnRegister
                0x000000000001256a       0x2e E:\Project\tp78_v2\mounriver_project\BLE_CH582M\LIB\libCH58xBLE.a(gap_peripheral.o)
                0x000000000001256a                GAP_PeriConnRegister
 .text.GAP_PeripheralParamInit
                0x0000000000012598       0x58 E:\Project\tp78_v2\mounriver_project\BLE_CH582M\LIB\libCH58xBLE.a(gap_peripheral.o)
                0x0000000000012598                GAP_PeripheralParamInit
 .text.gapSendMakeDiscEvent
                0x00000000000125f0       0x50 E:\Project\tp78_v2\mounriver_project\BLE_CH582M\LIB\libCH58xBLE.a(gap_peripheral.o)
                0x00000000000125f0                gapSendMakeDiscEvent
 .text.gapWriteAdvEnableStatus
                0x0000000000012640      0x110 E:\Project\tp78_v2\mounriver_project\BLE_CH582M\LIB\libCH58xBLE.a(gap_peripheral.o)
 .text.gapSendMakePeriodicEvent
                0x0000000000012750       0x3a E:\Project\tp78_v2\mounriver_project\BLE_CH582M\LIB\libCH58xBLE.a(gap_peripheral.o)
                0x0000000000012750                gapSendMakePeriodicEvent
 .text.gapPeriProcessHCICmdCompleteEvt
                0x000000000001278a      0x18e E:\Project\tp78_v2\mounriver_project\BLE_CH582M\LIB\libCH58xBLE.a(gap_peripheral.o)
 .text.GAP_PeriDevMgrInit
                0x0000000000012918       0x2e E:\Project\tp78_v2\mounriver_project\BLE_CH582M\LIB\libCH58xBLE.a(gap_peripheral.o)
                0x0000000000012918                GAP_PeriDevMgrInit
 .text.ggs_SetAttrWPermit
                0x0000000000012946       0x68 E:\Project\tp78_v2\mounriver_project\BLE_CH582M\LIB\libCH58xBLE.a(gapgattserver.o)
 .text.ggs_ReadAttrCB
                0x00000000000129ae      0x156 E:\Project\tp78_v2\mounriver_project\BLE_CH582M\LIB\libCH58xBLE.a(gapgattserver.o)
 .text.ggs_WriteAttrCB
                0x0000000000012b04      0x15c E:\Project\tp78_v2\mounriver_project\BLE_CH582M\LIB\libCH58xBLE.a(gapgattserver.o)
 .text.GGS_ParamInit
                0x0000000000012c60      0x23a E:\Project\tp78_v2\mounriver_project\BLE_CH582M\LIB\libCH58xBLE.a(gapgattserver.o)
                0x0000000000012c60                GGS_ParamInit
 .text.GGS_SetParameter
                0x0000000000012e9a       0xe2 E:\Project\tp78_v2\mounriver_project\BLE_CH582M\LIB\libCH58xBLE.a(gapgattserver.o)
                0x0000000000012e9a                GGS_SetParameter
 .text.GGS_AddService
                0x0000000000012f7c       0x2c E:\Project\tp78_v2\mounriver_project\BLE_CH582M\LIB\libCH58xBLE.a(gapgattserver.o)
                0x0000000000012f7c                GGS_AddService
 .text.GAP_DeviceInit
                0x0000000000012fa8       0xd8 E:\Project\tp78_v2\mounriver_project\BLE_CH582M\LIB\libCH58xBLE.a(gapgattserver.o)
                0x0000000000012fa8                GAP_DeviceInit
 .text.gattGetPayload
                0x0000000000013080       0x7e E:\Project\tp78_v2\mounriver_project\BLE_CH582M\LIB\libCH58xBLE.a(gatt.o)
                0x0000000000013080                gattGetPayload
 .text.gattNotifyEvent
                0x00000000000130fe       0x84 E:\Project\tp78_v2\mounriver_project\BLE_CH582M\LIB\libCH58xBLE.a(gatt.o)
                0x00000000000130fe                gattNotifyEvent
 .text.gattSendFlowCtrlEvt
                0x0000000000013182       0x52 E:\Project\tp78_v2\mounriver_project\BLE_CH582M\LIB\libCH58xBLE.a(gatt.o)
                0x0000000000013182                gattSendFlowCtrlEvt
 .text.gattStartTimer
                0x00000000000131d4        0xc E:\Project\tp78_v2\mounriver_project\BLE_CH582M\LIB\libCH58xBLE.a(gatt.o)
                0x00000000000131d4                gattStartTimer
 .text.gattStopTimer
                0x00000000000131e0       0x32 E:\Project\tp78_v2\mounriver_project\BLE_CH582M\LIB\libCH58xBLE.a(gatt.o)
                0x00000000000131e0                gattStopTimer
 .text.GATT_AppCompletedMsg
                0x0000000000013212       0x30 E:\Project\tp78_v2\mounriver_project\BLE_CH582M\LIB\libCH58xBLE.a(gatt.o)
                0x0000000000013212                GATT_AppCompletedMsg
 .text.GATT_NotifyEvent
                0x0000000000013242       0x56 E:\Project\tp78_v2\mounriver_project\BLE_CH582M\LIB\libCH58xBLE.a(gatt.o)
                0x0000000000013242                GATT_NotifyEvent
 .text.gattRegisterServer
                0x0000000000013298        0x6 E:\Project\tp78_v2\mounriver_project\BLE_CH582M\LIB\libCH58xBLE.a(gatt.o)
                0x0000000000013298                gattRegisterServer
 .text.GATT_UpdateMTU
                0x000000000001329e       0x5a E:\Project\tp78_v2\mounriver_project\BLE_CH582M\LIB\libCH58xBLE.a(gatt.o)
                0x000000000001329e                GATT_UpdateMTU
 .text.GATT_bm_alloc
                0x00000000000132f8       0xe8 E:\Project\tp78_v2\mounriver_project\BLE_CH582M\LIB\libCH58xBLE.a(gatt.o)
                0x00000000000132f8                GATT_bm_alloc
 .text.GATT_ServiceChangedInd
                0x00000000000133e0       0x94 E:\Project\tp78_v2\mounriver_project\BLE_CH582M\LIB\libCH58xBLE.a(gatt.o)
                0x00000000000133e0                GATT_ServiceChangedInd
 .text.GATT_bm_free
                0x0000000000013474       0x1c E:\Project\tp78_v2\mounriver_project\BLE_CH582M\LIB\libCH58xBLE.a(gatt.o)
                0x0000000000013474                GATT_bm_free
 .text.GATT_Init
                0x0000000000013490       0x2a E:\Project\tp78_v2\mounriver_project\BLE_CH582M\LIB\libCH58xBLE.a(gatt.o)
                0x0000000000013490                GATT_Init
 .text.GATT_ProcessEvent
                0x00000000000134ba      0x13a E:\Project\tp78_v2\mounriver_project\BLE_CH582M\LIB\libCH58xBLE.a(gatt.o)
                0x00000000000134ba                GATT_ProcessEvent
 .text.gattProcessExchangeMTUReq
                0x00000000000135f4        0x4 E:\Project\tp78_v2\mounriver_project\BLE_CH582M\LIB\libCH58xBLE.a(gattservapp.o)
 .text.gattServApp_FindCharCfgItem
                0x00000000000135f8       0x24 E:\Project\tp78_v2\mounriver_project\BLE_CH582M\LIB\libCH58xBLE.a(gattservapp.o)
 .text.gattServerHandleTimerCB
                0x000000000001361c       0x3c E:\Project\tp78_v2\mounriver_project\BLE_CH582M\LIB\libCH58xBLE.a(gattservapp.o)
 .text.gattProcessExecuteWriteReq
                0x0000000000013658        0x4 E:\Project\tp78_v2\mounriver_project\BLE_CH582M\LIB\libCH58xBLE.a(gattservapp.o)
 .text.GATTServApp_ParamInit
                0x000000000001365c       0xd8 E:\Project\tp78_v2\mounriver_project\BLE_CH582M\LIB\libCH58xBLE.a(gattservapp.o)
                0x000000000001365c                GATTServApp_ParamInit
 .text.GATTServApp_ReadCharCfg
                0x0000000000013734       0x18 E:\Project\tp78_v2\mounriver_project\BLE_CH582M\LIB\libCH58xBLE.a(gattservapp.o)
                0x0000000000013734                GATTServApp_ReadCharCfg
 .text.GATTServApp_WriteCharCfg
                0x000000000001374c       0x3c E:\Project\tp78_v2\mounriver_project\BLE_CH582M\LIB\libCH58xBLE.a(gattservapp.o)
                0x000000000001374c                GATTServApp_WriteCharCfg
 .text.GATTServApp_ProcessCCCWriteReq
                0x0000000000013788       0x60 E:\Project\tp78_v2\mounriver_project\BLE_CH582M\LIB\libCH58xBLE.a(gattservapp.o)
                0x0000000000013788                GATTServApp_ProcessCCCWriteReq
 .text.gattServApp_WriteAttrCB
                0x00000000000137e8       0x34 E:\Project\tp78_v2\mounriver_project\BLE_CH582M\LIB\libCH58xBLE.a(gattservapp.o)
                0x00000000000137e8                gattServApp_WriteAttrCB
 .text.GATTServApp_SendCCCUpdatedEvent
                0x000000000001381c       0x5e E:\Project\tp78_v2\mounriver_project\BLE_CH582M\LIB\libCH58xBLE.a(gattservapp.o)
                0x000000000001381c                GATTServApp_SendCCCUpdatedEvent
 .text.GATTServApp_SendServiceChangedInd
                0x000000000001387a       0x38 E:\Project\tp78_v2\mounriver_project\BLE_CH582M\LIB\libCH58xBLE.a(gattservapp.o)
                0x000000000001387a                GATTServApp_SendServiceChangedInd
 .text.gattServApp_ClearPrepareWriteQ
                0x00000000000138b2       0x50 E:\Project\tp78_v2\mounriver_project\BLE_CH582M\LIB\libCH58xBLE.a(gattservapp.o)
                0x00000000000138b2                gattServApp_ClearPrepareWriteQ
 .text.gattServApp_FindPrepareWriteQ
                0x0000000000013902       0x32 E:\Project\tp78_v2\mounriver_project\BLE_CH582M\LIB\libCH58xBLE.a(gattservapp.o)
                0x0000000000013902                gattServApp_FindPrepareWriteQ
 .text.gattServApp_FindServiceCBs
                0x0000000000013934       0x18 E:\Project\tp78_v2\mounriver_project\BLE_CH582M\LIB\libCH58xBLE.a(gattservapp.o)
                0x0000000000013934                gattServApp_FindServiceCBs
 .text.gattServApp_FindAuthorizeAttrCB
                0x000000000001394c       0x16 E:\Project\tp78_v2\mounriver_project\BLE_CH582M\LIB\libCH58xBLE.a(gattservapp.o)
                0x000000000001394c                gattServApp_FindAuthorizeAttrCB
 .text.gattServApp_IsWriteLong
                0x0000000000013962       0xea E:\Project\tp78_v2\mounriver_project\BLE_CH582M\LIB\libCH58xBLE.a(gattservapp.o)
                0x0000000000013962                gattServApp_IsWriteLong
 .text.gattFindService
                0x0000000000013a4c       0x1c E:\Project\tp78_v2\mounriver_project\BLE_CH582M\LIB\libCH58xBLE.a(gattservapp.o)
                0x0000000000013a4c                gattFindService
 .text.GATT_ServiceNumAttrs
                0x0000000000013a68       0x18 E:\Project\tp78_v2\mounriver_project\BLE_CH582M\LIB\libCH58xBLE.a(gattservapp.o)
                0x0000000000013a68                GATT_ServiceNumAttrs
 .text.GATT_ServiceEncKeySize
                0x0000000000013a80       0x18 E:\Project\tp78_v2\mounriver_project\BLE_CH582M\LIB\libCH58xBLE.a(gattservapp.o)
                0x0000000000013a80                GATT_ServiceEncKeySize
 .text.GATT_VerifyWritePermissions.part.7
                0x0000000000013a98       0x2e E:\Project\tp78_v2\mounriver_project\BLE_CH582M\LIB\libCH58xBLE.a(gattservapp.o)
 .text.gattResetServerInfo
                0x0000000000013ac6       0x1c E:\Project\tp78_v2\mounriver_project\BLE_CH582M\LIB\libCH58xBLE.a(gattservapp.o)
                0x0000000000013ac6                gattResetServerInfo
 .text.gattFindServerInfo
                0x0000000000013ae2       0x32 E:\Project\tp78_v2\mounriver_project\BLE_CH582M\LIB\libCH58xBLE.a(gattservapp.o)
                0x0000000000013ae2                gattFindServerInfo
 .text.gattServerHandleConnStatusCB
                0x0000000000013b14       0x98 E:\Project\tp78_v2\mounriver_project\BLE_CH582M\LIB\libCH58xBLE.a(gattservapp.o)
                0x0000000000013b14                gattServerHandleConnStatusCB
 .text.gattServerProcessMsgCB
                0x0000000000013bac      0x1c0 E:\Project\tp78_v2\mounriver_project\BLE_CH582M\LIB\libCH58xBLE.a(gattservapp.o)
                0x0000000000013bac                gattServerProcessMsgCB
 .text.gattServerNotifyTxCB
                0x0000000000013d6c       0x28 E:\Project\tp78_v2\mounriver_project\BLE_CH582M\LIB\libCH58xBLE.a(gattservapp.o)
 .text.GATT_FindHandle
                0x0000000000013d94       0x4a E:\Project\tp78_v2\mounriver_project\BLE_CH582M\LIB\libCH58xBLE.a(gattservapp.o)
                0x0000000000013d94                GATT_FindHandle
 .text.GATTServApp_WriteAttr
                0x0000000000013dde       0xa8 E:\Project\tp78_v2\mounriver_project\BLE_CH582M\LIB\libCH58xBLE.a(gattservapp.o)
                0x0000000000013dde                GATTServApp_WriteAttr
 .text.gattServApp_ProcessExecuteWriteReq
                0x0000000000013e86      0x100 E:\Project\tp78_v2\mounriver_project\BLE_CH582M\LIB\libCH58xBLE.a(gattservapp.o)
                0x0000000000013e86                gattServApp_ProcessExecuteWriteReq
 .text.GATTServApp_UpdateCharCfg
                0x0000000000013f86       0x1e E:\Project\tp78_v2\mounriver_project\BLE_CH582M\LIB\libCH58xBLE.a(gattservapp.o)
                0x0000000000013f86                GATTServApp_UpdateCharCfg
 .text.gattServApp_ProcessPrepareWriteReq
                0x0000000000013fa4      0x10e E:\Project\tp78_v2\mounriver_project\BLE_CH582M\LIB\libCH58xBLE.a(gattservapp.o)
                0x0000000000013fa4                gattServApp_ProcessPrepareWriteReq
 .text.gattServApp_ProcessWriteReq
                0x00000000000140b2       0xb0 E:\Project\tp78_v2\mounriver_project\BLE_CH582M\LIB\libCH58xBLE.a(gattservapp.o)
                0x00000000000140b2                gattServApp_ProcessWriteReq
 .text.GATT_Indication
                0x0000000000014162       0xa4 E:\Project\tp78_v2\mounriver_project\BLE_CH582M\LIB\libCH58xBLE.a(gattservapp.o)
                0x0000000000014162                GATT_Indication
 .text.GATT_FindHandleUUID
                0x0000000000014206       0x94 E:\Project\tp78_v2\mounriver_project\BLE_CH582M\LIB\libCH58xBLE.a(gattservapp.o)
                0x0000000000014206                GATT_FindHandleUUID
 .text.gattProcessReadByGrpTypeReq
                0x000000000001429a       0x60 E:\Project\tp78_v2\mounriver_project\BLE_CH582M\LIB\libCH58xBLE.a(gattservapp.o)
 .text.gattProcessReadByTypeReq