Archive member included to satisfy reference by file (symbol)

E:\Project\tp78_v2\mounriver_project\BLE_CH582M\StdPeriphDriver\libISP583.a(ISP583.o)
                              ./StdPeriphDriver/CH58x_flash.o (FLASH_EEPROM_CMD)
E:\Project\tp78_v2\mounriver_project\BLE_CH582M\LIB\libCH58xBLE.a(message.o)
                              ./Profile/hiddev.o (tmos_msg_deallocate)
E:\Project\tp78_v2\mounriver_project\BLE_CH582M\LIB\libCH58xBLE.a(tmos.o)
                              E:\Project\tp78_v2\mounriver_project\BLE_CH582M\LIB\libCH58xBLE.a(message.o) (gTmosPara)
E:\Project\tp78_v2\mounriver_project\BLE_CH582M\LIB\libCH58xBLE.a(tmos_hw.o)
                              E:\Project\tp78_v2\mounriver_project\BLE_CH582M\LIB\libCH58xBLE.a(tmos.o) (fnGetClockCBs)
E:\Project\tp78_v2\mounriver_project\BLE_CH582M\LIB\libCH58xBLE.a(tmos_snv.o)
                              E:\Project\tp78_v2\mounriver_project\BLE_CH582M\LIB\libCH58xBLE.a(tmos.o) (tmos_snv_init)
E:\Project\tp78_v2\mounriver_project\BLE_CH582M\LIB\libCH58xBLE.a(gap.o)
                              ./Profile/hiddev.o (GAP_SetParamValue)
E:\Project\tp78_v2\mounriver_project\BLE_CH582M\LIB\libCH58xBLE.a(gap_central.o)
                              E:\Project\tp78_v2\mounriver_project\BLE_CH582M\LIB\libCH58xBLE.a(gap.o) (gapProcessPeriodicAdvertisingSyncEstablishedEvt)
E:\Project\tp78_v2\mounriver_project\BLE_CH582M\LIB\libCH58xBLE.a(gap_peripheral.o)
                              ./HAL/BLE.o (GAP_ConfigDeviceAddr)
E:\Project\tp78_v2\mounriver_project\BLE_CH582M\LIB\libCH58xBLE.a(gapgattserver.o)
                              ./HAL/BLE.o (GGS_SetParameter)
E:\Project\tp78_v2\mounriver_project\BLE_CH582M\LIB\libCH58xBLE.a(gatt.o)
                              ./Profile/battservice.o (GATT_bm_alloc)
E:\Project\tp78_v2\mounriver_project\BLE_CH582M\LIB\libCH58xBLE.a(gatt_uuid.o)
                              ./Profile/battservice.o (reportRefUUID)
E:\Project\tp78_v2\mounriver_project\BLE_CH582M\LIB\libCH58xBLE.a(gattclientapp.o)
                              E:\Project\tp78_v2\mounriver_project\BLE_CH582M\LIB\libCH58xBLE.a(gatt.o) (gattGetClientStatus)
E:\Project\tp78_v2\mounriver_project\BLE_CH582M\LIB\libCH58xBLE.a(gattservapp.o)
                              ./Profile/battservice.o (GATTServApp_ReadCharCfg)
E:\Project\tp78_v2\mounriver_project\BLE_CH582M\LIB\libCH58xBLE.a(l2cap.o)
                              E:\Project\tp78_v2\mounriver_project\BLE_CH582M\LIB\libCH58xBLE.a(gatt.o) (L2CAP_GetMTU)
E:\Project\tp78_v2\mounriver_project\BLE_CH582M\LIB\libCH58xBLE.a(l2cap_input.o)
                              E:\Project\tp78_v2\mounriver_project\BLE_CH582M\LIB\libCH58xBLE.a(l2cap.o) (l2capProcessRxData)
E:\Project\tp78_v2\mounriver_project\BLE_CH582M\LIB\libCH58xBLE.a(l2cap_output.o)
                              E:\Project\tp78_v2\mounriver_project\BLE_CH582M\LIB\libCH58xBLE.a(l2cap_input.o) (l2capNotifyData)
E:\Project\tp78_v2\mounriver_project\BLE_CH582M\LIB\libCH58xBLE.a(l2cap_sdu.o)
                              E:\Project\tp78_v2\mounriver_project\BLE_CH582M\LIB\libCH58xBLE.a(l2cap_input.o) (l2capBuildDisconnectRsp)
E:\Project\tp78_v2\mounriver_project\BLE_CH582M\LIB\libCH58xBLE.a(linkdb.o)
                              E:\Project\tp78_v2\mounriver_project\BLE_CH582M\LIB\libCH58xBLE.a(l2cap.o) (linkDB_Init)
E:\Project\tp78_v2\mounriver_project\BLE_CH582M\LIB\libCH58xBLE.a(sm.o)
                              E:\Project\tp78_v2\mounriver_project\BLE_CH582M\LIB\libCH58xBLE.a(gap.o) (smStartEncryption)
E:\Project\tp78_v2\mounriver_project\BLE_CH582M\LIB\libCH58xBLE.a(host_input.o)
                              E:\Project\tp78_v2\mounriver_project\BLE_CH582M\LIB\libCH58xBLE.a(gap.o) (gBleHostPara)
E:\Project\tp78_v2\mounriver_project\BLE_CH582M\LIB\libCH58xBLE.a(host_output.o)
                              E:\Project\tp78_v2\mounriver_project\BLE_CH582M\LIB\libCH58xBLE.a(gap.o) (HCI_DisconnectCmd)
E:\Project\tp78_v2\mounriver_project\BLE_CH582M\LIB\libCH58xBLE.a(ll_connect.o)
                              E:\Project\tp78_v2\mounriver_project\BLE_CH582M\LIB\libCH58xBLE.a(tmos.o) (LL_GetNextConnectEventTime)
E:\Project\tp78_v2\mounriver_project\BLE_CH582M\LIB\libCH58xBLE.a(ll_core.o)
                              E:\Project\tp78_v2\mounriver_project\BLE_CH582M\LIB\libCH58xBLE.a(ll_connect.o) (LL_CoreGetCore)
E:\Project\tp78_v2\mounriver_project\BLE_CH582M\LIB\libCH58xBLE.a(ll_hop.o)
                              E:\Project\tp78_v2\mounriver_project\BLE_CH582M\LIB\libCH58xBLE.a(ll_connect.o) (LL_HopGetChannel)
E:\Project\tp78_v2\mounriver_project\BLE_CH582M\LIB\libCH58xBLE.a(ll_master.o)
                              E:\Project\tp78_v2\mounriver_project\BLE_CH582M\LIB\libCH58xBLE.a(ll_connect.o) (ll_master_process)
E:\Project\tp78_v2\mounriver_project\BLE_CH582M\LIB\libCH58xBLE.a(ll_pdu.o)
[...]
Memory Configuration

Name             Origin             Length             Attributes
FLASH            0x0000000000000000 0x0000000000070000 xr
RAM              0x0000000020000000 0x0000000000008000 xrw
*default*        0x0000000000000000 0xffffffffffffffff

Linker script and memory map

LOAD ./StdPeriphDriver/CH58x_adc.o
LOAD ./StdPeriphDriver/CH58x_clk.o
LOAD ./StdPeriphDriver/CH58x_flash.o
LOAD ./StdPeriphDriver/CH58x_gpio.o
LOAD ./StdPeriphDriver/CH58x_i2c.o
LOAD ./StdPeriphDriver/CH58x_pwm.o
LOAD ./StdPeriphDriver/CH58x_pwr.o
LOAD ./StdPeriphDriver/CH58x_sys.o
LOAD ./StdPeriphDriver/CH58x_timer0.o
LOAD ./StdPeriphDriver/CH58x_timer1.o
LOAD ./StdPeriphDriver/CH58x_timer2.o
LOAD ./StdPeriphDriver/CH58x_uart0.o
LOAD ./StdPeriphDriver/CH58x_uart1.o
LOAD ./StdPeriphDriver/CH58x_uart2.o
LOAD ./StdPeriphDriver/CH58x_uart3.o
LOAD ./StdPeriphDriver/CH58x_usbdev.o
LOAD ./Startup/startup_CH583.o
LOAD ./RVMSIS/core_riscv.o
LOAD ./Profile/battservice.o
LOAD ./Profile/devinfoservice.o
LOAD ./Profile/hiddev.o
LOAD ./Profile/hidkbmservice.o
LOAD ./Profile/scanparamservice.o
LOAD ./Packages/FatFs/port/fatfs_usbd.o
LOAD ./Packages/FatFs/diskio.o
LOAD ./Packages/FatFs/ff.o
LOAD ./Packages/FatFs/fftools.o
LOAD ./Packages/FatFs/ffunicode.o
LOAD ./Packages/CherryUSB/core/usbd_core.o
LOAD ./Packages/CherryUSB/class/msc/usbd_msc.o
LOAD ./Packages/CherryUSB/class/hid/usbd_hid.o
LOAD ./Packages/CherryUSB/usb_ch58x_dc_usbfs.o
LOAD ./HAL/BATTERY.o
LOAD ./HAL/BLE.o
LOAD ./HAL/CORE.o
LOAD ./HAL/FATFS.o
LOAD ./HAL/HW_I2C.o
LOAD ./HAL/I2C_TP.o
LOAD ./HAL/KEYBOARD.o
LOAD ./HAL/MCU.o
LOAD ./HAL/MPR121.o
LOAD ./HAL/OLED.o
LOAD ./HAL/OLEDFONT.o
LOAD ./HAL/OLED_UI.o
LOAD ./HAL/OLED_UI_CFG.o
LOAD ./HAL/RF_PHY.o
LOAD ./HAL/RTC.o
LOAD ./HAL/USB.o
LOAD ./HAL/WS2812.o
LOAD ./APP/main.o
LOAD ./APP/snake.o
LOAD E:\Project\tp78_v2\mounriver_project\BLE_CH582M\StdPeriphDriver\libISP583.a
LOAD E:\Project\tp78_v2\mounriver_project\BLE_CH582M\LIB\libCH58xBLE.a
LOAD d:/mounriver/mounriver_studio/toolchain/risc-v embedded gcc/bin/../lib/gcc/riscv-none-embed/8.2.0/rv32imac/ilp32\libgcc.a
LOAD d:/mounriver/mounriver_studio/toolchain/risc-v embedded gcc/bin/../lib/gcc/riscv-none-embed/8.2.0/../../../../riscv-none-embed/lib/rv32imac/ilp32\libg_nano.a
LOAD d:/mounriver/mounriver_studio/toolchain/risc-v embedded gcc/bin/../lib/gcc/riscv-none-embed/8.2.0/../../../../riscv-none-embed/lib/rv32imac/ilp32\libc_nano.a
LOAD d:/mounriver/mounriver_studio/toolchain/risc-v embedded gcc/bin/../lib/gcc/riscv-none-embed/8.2.0/rv32imac/ilp32\libgcc.a
START GROUP
LOAD d:/mounriver/mounriver_studio/toolchain/risc-v embedded gcc/bin/../lib/gcc/riscv-none-embed/8.2.0/rv32imac/ilp32\libgcc.a
LOAD d:/mounriver/mounriver_studio/toolchain/risc-v embedded gcc/bin/../lib/gcc/riscv-none-embed/8.2.0/../../../../riscv-none-embed/lib/rv32imac/ilp32\libc_nano.a
LOAD d:/mounriver/mounriver_studio/toolchain/risc-v embedded gcc/bin/../lib/gcc/riscv-none-embed/8.2.0/../../../../riscv-none-embed/lib/rv32imac/ilp32\libnosys.a
END GROUP
START GROUP
LOAD d:/mounriver/mounriver_studio/toolchain/risc-v embedded gcc/bin/../lib/gcc/riscv-none-embed/8.2.0/rv32imac/ilp32\libgcc.a
LOAD d:/mounriver/mounriver_studio/toolchain/risc-v embedded gcc/bin/../lib/gcc/riscv-none-embed/8.2.0/../../../../riscv-none-embed/lib/rv32imac/ilp32\libc_nano.a
LOAD d:/mounriver/mounriver_studio/toolchain/risc-v embedded gcc/bin/../lib/gcc/riscv-none-embed/8.2.0/../../../../riscv-none-embed/lib/rv32imac/ilp32\libnosys.a
END GROUP

.init           0x0000000000000000        0x4
                0x0000000000000000                _sinit = .
                0x0000000000000000                . = ALIGN (0x4)
 *(SORT_NONE(.init))
 .init          0x0000000000000000        0x4 ./Startup/startup_CH583.o
                0x0000000000000000                _start
                0x0000000000000004                . = ALIGN (0x4)
                0x0000000000000004                _einit = .

.highcodelalign
                0x0000000000000004        0x0
                0x0000000000000004                . = ALIGN (0x4)
                0x0000000000000004                PROVIDE (_highcode_lma = .)

.highcode       0x0000000020000000     0x27e0 load address 0x0000000000000004
                0x0000000020000000                . = ALIGN (0x4)
                0x0000000020000000                PROVIDE (_highcode_vma_start = .)
 *(.vector)
 .vector        0x0000000020000000       0x90 ./Startup/startup_CH583.o
 *(SORT_NONE(.vector_handler))
 .vector_handler
                0x0000000020000090       0x36 ./Startup/startup_CH583.o
                0x0000000020000090                NMI_Handler
                0x0000000020000094                Ecall_M_Mode_Handler
                0x0000000020000096                Ecall_U_Mode_Handler
                0x0000000020000098                Break_Point_Handler
                0x000000002000009a                SysTick_Handler
                0x000000002000009c                SW_Handler
                0x00000000200000a4                SPI0_IRQHandler
                0x00000000200000a6                BB_IRQHandler
                0x00000000200000a8                LLE_IRQHandler
                0x00000000200000ac                USB2_IRQHandler
                0x00000000200000ae                TMR1_IRQHandler
                0x00000000200000b0                TMR2_IRQHandler
                0x00000000200000b2                UART0_IRQHandler
                0x00000000200000b4                UART1_IRQHandler
                0x00000000200000b8                ADC_IRQHandler
                0x00000000200000ba                I2C_IRQHandler
                0x00000000200000bc                PWMX_IRQHandler
                0x00000000200000be                TMR3_IRQHandler
                0x00000000200000c0                UART2_IRQHandler
                0x00000000200000c2                UART3_IRQHandler
                0x00000000200000c4                WDOG_BAT_IRQHandler
 *(.highcode)
 .highcode      0x00000000200000c6      0x2a6 ./StdPeriphDriver/CH58x_pwr.o
                0x00000000200000c6                LowPower_Idle
                0x0000000020000106                LowPower_Halt
                0x00000000200001bc                LowPower_Sleep
                0x0000000020000286                LowPower_Shutdown
 .highcode      0x000000002000036c      0x1c8 ./StdPeriphDriver/CH58x_sys.o
                0x000000002000036c                SetSysClock
                0x00000000200004c2                HardFault_Handler
                0x00000000200004fe                mDelayuS
                0x000000002000050c                mDelaymS
 .highcode      0x0000000020000534      0x380 ./Packages/CherryUSB/usb_ch58x_dc_usbfs.o
                0x0000000020000534                USB_IRQHandler
 .highcode      0x00000000200008b4      0x1ea ./HAL/CORE.o
                0x00000000200008b4                APPJumpBoot
                0x00000000200008fe                SoftReset
                0x000000002000092e                TP78Reinit
                0x00000000200009e2                GotoLowpower
 .highcode      0x0000000020000a9e       0x1a ./HAL/RTC.o
                0x0000000020000a9e                RTC_IRQHandler
 .highcode      0x0000000020000ab8       0x54 ./HAL/USB.o
                0x0000000020000ab8                TMR0_IRQHandler
 .highcode      0x0000000020000b0c       0x2a ./APP/main.o
                0x0000000020000b0c                Main_Circulation
                0x0000000020000b14                GPIOA_IRQHandler
                0x0000000020000b32                GPIOB_IRQHandler
 .highcode      0x0000000020000b36      0x426 E:\Project\tp78_v2\mounriver_project\BLE_CH582M\StdPeriphDriver\libISP583.a(ISP583.o)
                0x0000000020000b36                FLASH_ROM_BEG
                0x0000000020000b48                FLASH_ROM_END
                0x0000000020000b56                FLASH_ROM_IN
                0x0000000020000b64                FLASH_ROM_OUT
                0x0000000020000b72                FLASH_ROM_ADDR
                0x0000000020000bba                FLASH_ROM_WAIT
                0x0000000020000bf2                FLASH_EEPROM_CMD
 .highcode      0x0000000020000f5c      0x44c E:\Project\tp78_v2\mounriver_project\BLE_CH582M\LIB\libCH58xBLE.a(tmos.o)
                0x0000000020000f5c                tmos_memcpy
                0x0000000020000f7c                tmos_memcpy_word
                0x0000000020000f94                tmos_memset
                0x0000000020000fa6                tmos_strlen
                0x0000000020000fba                tmos_memdup
                0x0000000020000fec                tmos_memcmp
                0x000000002000101a                tmos_revmemcpy
                0x0000000020001036                tmos_isbufset
                0x0000000020001058                tmos_proces_system_time
                0x00000000200011a2                TMOS_SystemProcess
 .highcode      0x00000000200013a8       0x4c E:\Project\tp78_v2\mounriver_project\BLE_CH582M\LIB\libCH58xBLE.a(tmos_hw.o)
                0x00000000200013f2                TMOS_TimerIRQHandler
 .highcode      0x00000000200013f4      0x2c8 E:\Project\tp78_v2\mounriver_project\BLE_CH582M\LIB\libCH58xBLE.a(ll_connect.o)
                0x00000000200013f4                ll_connect_send_data
                0x000000002000151c                ll_connect_recv_data
                0x00000000200015fc                ll_connect_event_continue
 .highcode      0x00000000200016bc      0x310 E:\Project\tp78_v2\mounriver_project\BLE_CH582M\LIB\libCH58xBLE.a(ll_hop.o)
                0x00000000200016bc                LL_HopGetChannel
                0x0000000020001762                LL_HopGetChannel2
 .highcode      0x00000000200019cc       0x50 E:\Project\tp78_v2\mounriver_project\BLE_CH582M\LIB\libCH58xBLE.a(ll_whitelist.o)
                0x00000000200019cc                LL_WhitelistLookup
 .highcode      0x0000000020001a1c      0x1e0 E:\Project\tp78_v2\mounriver_project\BLE_CH582M\LIB\libCH58xBLE.a(aes.o)
                0x0000000020001a1c                AES_DevAESEnc
 .highcode      0x0000000020001bfc      0x14e E:\Project\tp78_v2\mounriver_project\BLE_CH582M\LIB\libCH58xBLE.a(bb.o)
                0x0000000020001bfc                BB_IRQLibHandler
 .highcode      0x0000000020001d4a      0x3ee E:\Project\tp78_v2\mounriver_project\BLE_CH582M\LIB\libCH58xBLE.a(ip.o)
                0x0000000020001d4a                ll_rx_wait_finish
                0x0000000020001d88                ble_ll_chkcrc
                0x0000000020001e52                ll_tx_wait_finish
                0x0000000020001f76                BLE_CheckHoppingMap
 .highcode      0x0000000020002138      0x212 E:\Project\tp78_v2\mounriver_project\BLE_CH582M\LIB\libCH58xBLE.a(lle.o)
                0x0000000020002138                LLE_IRQLibHandler
 .highcode      0x000000002000234a      0x1d2 E:\Project\tp78_v2\mounriver_project\BLE_CH582M\LIB\libCH58xBLE.a(rf_fh.o)
                0x000000002000234a                RF_HopGetChannel
                0x00000000200023cc                RF_FrequencyHoppingGet
                0x0000000020002482                RF_FrequencyHoppingChange
 .highcode      0x000000002000251c       0x30 E:\Project\tp78_v2\mounriver_project\BLE_CH582M\LIB\libCH58xBLE.a(rfend.o)
                0x000000002000251c                RFEND_WaitTune
 .highcode      0x000000002000254c      0x1ba E:\Project\tp78_v2\mounriver_project\BLE_CH582M\LIB\libCH58xBLE.a(memory.o)
                0x000000002000254c                tmos_memory_allocate
                0x000000002000261e                tmos_memory_free
 .highcode      0x0000000020002706       0xd8 E:\Project\tp78_v2\mounriver_project\BLE_CH582M\LIB\libCH58xBLE.a(ll_resolvinglist.o)
                0x0000000020002706                LL_ResolvinglistPeerIdentifyAddressGetIrk
                0x000000002000275a                LL_ResolvinglistPeerRpaAddressGetIrk
                0x000000002000279c                LL_ResolvinglistLocalRpaAddressGetIrk
 *(.highcode.*)
                0x00000000200027e0                . = ALIGN (0x4)
 *fill*         0x00000000200027de        0x2 
                0x00000000200027e0                PROVIDE (_highcode_vma_end = .)

.text           0x00000000000027e4    0x2eb94
                0x00000000000027e4                . = ALIGN (0x4)
 *(SORT_NONE(.handle_reset))
 .handle_reset  0x00000000000027e4       0xae ./Startup/startup_CH583.o
                0x00000000000027e4                handle_reset
 *(.text)
 .text          0x0000000000002892       0xa8 d:/mounriver/mounriver_studio/toolchain/risc-v embedded gcc/bin/../lib/gcc/riscv-none-embed/8.2.0/../../../../riscv-none-embed/lib/rv32imac/ilp32\libg_nano.a(lib_a-memset.o)
                0x0000000000002892                memset
 .text          0x000000000000293a      0x11e d:/mounriver/mounriver_studio/toolchain/risc-v embedded gcc/bin/../lib/gcc/riscv-none-embed/8.2.0/../../../../riscv-none-embed/lib/rv32imac/ilp32\libg_nano.a(lib_a-strcmp.o)
                0x000000000000293a                strcmp
 *(.text.*)
 .text.ADC_ExtSingleChSampInit
                0x0000000000002a58       0x24 ./StdPeriphDriver/CH58x_adc.o
                0x0000000000002a58                ADC_ExtSingleChSampInit
 .text.ADC_InterTSSampInit
                0x0000000000002a7c       0x28 ./StdPeriphDriver/CH58x_adc.o
                0x0000000000002a7c                ADC_InterTSSampInit
 .text.Calibration_LSI
                0x0000000000002aa4      0x226 ./StdPeriphDriver/CH58x_clk.o
                0x0000000000002aa4                Calibration_LSI
 .text.GPIOA_ModeCfg
                0x0000000000002cca       0xa6 ./StdPeriphDriver/CH58x_gpio.o
                0x0000000000002cca                GPIOA_ModeCfg
 .text.GPIOB_ModeCfg
                0x0000000000002d70       0xa6 ./StdPeriphDriver/CH58x_gpio.o
                0x0000000000002d70                GPIOB_ModeCfg
 .text.GPIOA_ITModeCfg
                0x0000000000002e16       0x82 ./StdPeriphDriver/CH58x_gpio.o
                0x0000000000002e16                GPIOA_ITModeCfg
 .text.GPIOPinRemap
                0x0000000000002e98       0x1a ./StdPeriphDriver/CH58x_gpio.o
                0x0000000000002e98                GPIOPinRemap
 .text.I2C_Init
                0x0000000000002eb2      0x140 ./StdPeriphDriver/CH58x_i2c.o
                0x0000000000002eb2                I2C_Init
 .text.I2C_GenerateSTART
                0x0000000000002ff2       0x22 ./StdPeriphDriver/CH58x_i2c.o
                0x0000000000002ff2                I2C_GenerateSTART
 .text.I2C_GenerateSTOP
                0x0000000000003014       0x22 ./StdPeriphDriver/CH58x_i2c.o
                0x0000000000003014                I2C_GenerateSTOP
 .text.I2C_AcknowledgeConfig
                0x0000000000003036       0x22 ./StdPeriphDriver/CH58x_i2c.o
                0x0000000000003036                I2C_AcknowledgeConfig
 .text.I2C_SendData
                0x0000000000003058        0xa ./StdPeriphDriver/CH58x_i2c.o
                0x0000000000003058                I2C_SendData
 .text.I2C_ReceiveData
                0x0000000000003062        0xe ./StdPeriphDriver/CH58x_i2c.o
                0x0000000000003062                I2C_ReceiveData
 .text.I2C_Send7bitAddress
                0x0000000000003070       0x18 ./StdPeriphDriver/CH58x_i2c.o
                0x0000000000003070                I2C_Send7bitAddress
 .text.I2C_CheckEvent
                0x0000000000003088       0x20 ./StdPeriphDriver/CH58x_i2c.o
                0x0000000000003088                I2C_CheckEvent
 .text.I2C_GetFlagStatus
                0x00000000000030a8       0x3a ./StdPeriphDriver/CH58x_i2c.o
                0x00000000000030a8                I2C_GetFlagStatus
 .text.PWR_PeriphWakeUpCfg
                0x00000000000030e2       0x90 ./StdPeriphDriver/CH58x_pwr.o
                0x00000000000030e2                PWR_PeriphWakeUpCfg
 .text.GetSysClock
                0x0000000000003172       0x42 ./StdPeriphDriver/CH58x_sys.o
                0x0000000000003172                GetSysClock
 .text.SYS_GetSysTickCnt
                0x00000000000031b4        0xa ./StdPeriphDriver/CH58x_sys.o
                0x00000000000031b4                SYS_GetSysTickCnt
 .text.WWDG_ResetCfg
                0x00000000000031be       0x36 ./StdPeriphDriver/CH58x_sys.o
                0x00000000000031be                WWDG_ResetCfg
 .text._write   0x00000000000031f4       0x28 ./StdPeriphDriver/CH58x_sys.o
                0x00000000000031f4                _write
 .text.TMR0_TimerInit
                0x000000000000321c       0x14 ./StdPeriphDriver/CH58x_timer0.o
                0x000000000000321c                TMR0_TimerInit
 .text.TMR1_PWMInit
                0x0000000000003230       0x18 ./StdPeriphDriver/CH58x_timer1.o
                0x0000000000003230                TMR1_PWMInit
 .text.TMR1_DMACfg
                0x0000000000003248       0x20 ./StdPeriphDriver/CH58x_timer1.o
                0x0000000000003248                TMR1_DMACfg
 .text.UART3_BaudRateCfg
                0x0000000000003268       0x30 ./StdPeriphDriver/CH58x_uart3.o
                0x0000000000003268                UART3_BaudRateCfg
 .text.UART3_DefInit
                0x0000000000003298       0x32 ./StdPeriphDriver/CH58x_uart3.o
                0x0000000000003298                UART3_DefInit
 .text.battMeasure
                0x00000000000032ca       0x8e ./Profile/battservice.o
 .text.battWriteAttrCB
                0x0000000000003358       0x5e ./Profile/battservice.o
 .text.battReadAttrCB
                0x00000000000033b6       0x7e ./Profile/battservice.o
 .text.battNotifyCB
                0x0000000000003434       0x76 ./Profile/battservice.o
 .text.Batt_AddService
                0x00000000000034aa       0x2c ./Profile/battservice.o
                0x00000000000034aa                Batt_AddService
 .text.Batt_Register
                0x00000000000034d6        0x6 ./Profile/battservice.o
                0x00000000000034d6                Batt_Register
 .text.Batt_SetParameter
                0x00000000000034dc       0x3a ./Profile/battservice.o
                0x00000000000034dc                Batt_SetParameter
 .text.Batt_GetParameter
                0x0000000000003516       0x6a ./Profile/battservice.o
                0x0000000000003516                Batt_GetParameter
 .text.Batt_MeasLevel
                0x0000000000003580       0x2e ./Profile/battservice.o
                0x0000000000003580                Batt_MeasLevel
 .text.Batt_HandleConnStatusCB
                0x00000000000035ae       0x3e ./Profile/battservice.o
                0x00000000000035ae                Batt_HandleConnStatusCB
 .text.devInfo_ReadAttrCB
                0x00000000000035ec      0x196 ./Profile/devinfoservice.o
 .text.DevInfo_AddService
                0x0000000000003782       0x18 ./Profile/devinfoservice.o
                0x0000000000003782                DevInfo_AddService
 .text.hidDevScanParamCB
                0x000000000000379a        0x2 ./Profile/hiddev.o
 .text.hidDevRptByHandle
                0x000000000000379c       0x30 ./Profile/hiddev.o
 .text.hidDevParamUpdateCB
                0x00000000000037cc       0x12 ./Profile/hiddev.o
 .text.hidDevInitialAdvertising
                0x00000000000037de       0x3c ./Profile/hiddev.o
 .text.hidDevPasscodeCB
                0x000000000000381a       0x28 ./Profile/hiddev.o
 .text.hidDevBattCB
                0x0000000000003842       0x30 ./Profile/hiddev.o
 .text.hidDevPairStateCB
                0x0000000000003872       0x28 ./Profile/hiddev.o
 .text.HidDev_ProcessEvent
                0x000000000000389a       0xf0 ./Profile/hiddev.o
                0x000000000000389a                HidDev_ProcessEvent
 .text.hidDevGapStateCB
                0x000000000000398a      0x124 ./Profile/hiddev.o
 .text.HidDev_Init
                0x0000000000003aae       0x6a ./Profile/hiddev.o
                0x0000000000003aae                HidDev_Init
 .text.HidDev_Register
                0x0000000000003b18        0xa ./Profile/hiddev.o
                0x0000000000003b18                HidDev_Register
 .text.HidDev_RegisterReports
                0x0000000000003b22        0xa ./Profile/hiddev.o
                0x0000000000003b22                HidDev_RegisterReports
 .text.HidDev_Report
                0x0000000000003b2c      0x12c ./Profile/hiddev.o
                0x0000000000003b2c                HidDev_Report
 .text.HidDev_ReadAttrCB
                0x0000000000003c58      0x104 ./Profile/hiddev.o
                0x0000000000003c58                HidDev_ReadAttrCB
 .text.HidDev_WriteAttrCB
                0x0000000000003d5c      0x146 ./Profile/hiddev.o
                0x0000000000003d5c                HidDev_WriteAttrCB
 .text.Hid_AddService
                0x0000000000003ea2      0x162 ./Profile/hidkbmservice.o
                0x0000000000003ea2                Hid_AddService
 .text.Hid_SetParameter
                0x0000000000004004       0x5a ./Profile/hidkbmservice.o
                0x0000000000004004                Hid_SetParameter
 .text.Hid_GetParameter
                0x000000000000405e       0x42 ./Profile/hidkbmservice.o
                0x000000000000405e                Hid_GetParameter
 .text.scanParamReadAttrCB
                0x00000000000040a0        0x4 ./Profile/scanparamservice.o
 .text.scanParamWriteAttrCB
                0x00000000000040a4       0x66 ./Profile/scanparamservice.o
 .text.ScanParam_AddService
                0x000000000000410a       0x2c ./Profile/scanparamservice.o
                0x000000000000410a                ScanParam_AddService
 .text.ScanParam_Register
                0x0000000000004136        0x6 ./Profile/scanparamservice.o
                0x0000000000004136                ScanParam_Register
 .text.ScanParam_RefreshNotify
                0x000000000000413c       0x5c ./Profile/scanparamservice.o
                0x000000000000413c                ScanParam_RefreshNotify
 .text.ScanParam_HandleConnStatusCB
                0x0000000000004198       0x3e ./Profile/scanparamservice.o
                0x0000000000004198                ScanParam_HandleConnStatusCB
 .text.USB_disk_status
                0x00000000000041d6        0x4 ./Packages/FatFs/port/fatfs_usbd.o
                0x00000000000041d6                USB_disk_status
 .text.USB_disk_initialize
                0x00000000000041da        0x4 ./Packages/FatFs/port/fatfs_usbd.o
                0x00000000000041da                USB_disk_initialize
 .text.USB_disk_read
                0x00000000000041de       0x1c ./Packages/FatFs/port/fatfs_usbd.o
                0x00000000000041de                USB_disk_read
 .text.USB_disk_write
                0x00000000000041fa       0x40 ./Packages/FatFs/port/fatfs_usbd.o
                0x00000000000041fa                USB_disk_write
 .text.USB_disk_ioctl
                0x000000000000423a       0x34 ./Packages/FatFs/port/fatfs_usbd.o
                0x000000000000423a                USB_disk_ioctl
 .text.disk_status
                0x000000000000426e       0x16 ./Packages/FatFs/diskio.o
                0x000000000000426e                disk_status
 .text.disk_initialize
                0x0000000000004284       0x16 ./Packages/FatFs/diskio.o
                0x0000000000004284                disk_initialize
 .text.disk_read
                0x000000000000429a       0x12 ./Packages/FatFs/diskio.o
                0x000000000000429a                disk_read
 .text.disk_write
                0x00000000000042ac       0x12 ./Packages/FatFs/diskio.o
                0x00000000000042ac                disk_write
 .text.disk_ioctl
                0x00000000000042be        0xe ./Packages/FatFs/diskio.o
                0x00000000000042be                disk_ioctl
 .text.get_fattime
                0x00000000000042cc        0x4 ./Packages/FatFs/diskio.o
                0x00000000000042cc                get_fattime
 .text.ld_dword
                0x00000000000042d0       0x1e ./Packages/FatFs/ff.o
 .text.st_dword
                0x00000000000042ee       0x1c ./Packages/FatFs/ff.o
 .text.mem_set  0x000000000000430a        0xe ./Packages/FatFs/ff.o
 .text.clst2sect
                0x0000000000004318       0x1c ./Packages/FatFs/ff.o
 .text.sum_sfn  0x0000000000004334       0x22 ./Packages/FatFs/ff.o
 .text.get_ldnumber
                0x0000000000004356       0x40 ./Packages/FatFs/ff.o
 .text.validate
                0x0000000000004396       0x48 ./Packages/FatFs/ff.o
 .text.mem_cpy.part.0
                0x00000000000043de       0x1a ./Packages/FatFs/ff.o
 .text.ld_clust.isra.1
                0x00000000000043f8       0x26 ./Packages/FatFs/ff.o
 .text.st_clust.isra.2
                0x000000000000441e       0x28 ./Packages/FatFs/ff.o
 .text.sync_window.part.3
                0x0000000000004446       0x58 ./Packages/FatFs/ff.o
 .text.move_window
                0x000000000000449e       0x4a ./Packages/FatFs/ff.o
 .text.check_fs
                0x00000000000044e8       0xde ./Packages/FatFs/ff.o
 .text.put_fat  0x00000000000045c6      0x130 ./Packages/FatFs/ff.o
 .text.get_fat.isra.6
                0x00000000000046f6       0xd8 ./Packages/FatFs/ff.o
 .text.dir_sdi  0x00000000000047ce       0xce ./Packages/FatFs/ff.o
 .text.create_chain
                0x000000000000489c      0x10a ./Packages/FatFs/ff.o
 .text.remove_chain
                0x00000000000049a6       0x92 ./Packages/FatFs/ff.o
 .text.mount_volume
                0x0000000000004a38      0x2f2 ./Packages/FatFs/ff.o
 .text.sync_fs  0x0000000000004d2a       0xc0 ./Packages/FatFs/ff.o
 .text.dir_clear
                0x0000000000004dea       0x76 ./Packages/FatFs/ff.o
 .text.dir_next
                0x0000000000004e60       0xdc ./Packages/FatFs/ff.o
 .text.dir_find
                0x0000000000004f3c      0x1d2 ./Packages/FatFs/ff.o
 .text.dir_register
                0x000000000000510e      0x2dc ./Packages/FatFs/ff.o
 .text.follow_path
                0x00000000000053ea      0x396 ./Packages/FatFs/ff.o
 .text.f_mount  0x0000000000005780       0x4e ./Packages/FatFs/ff.o
                0x0000000000005780                f_mount
 .text.f_open   0x00000000000057ce      0x222 ./Packages/FatFs/ff.o
                0x00000000000057ce                f_open
 .text.f_read   0x00000000000059f0      0x1aa ./Packages/FatFs/ff.o
                0x00000000000059f0                f_read
 .text.f_write  0x0000000000005b9a      0x1e8 ./Packages/FatFs/ff.o
                0x0000000000005b9a                f_write
 .text.f_sync   0x0000000000005d82       0xb8 ./Packages/FatFs/ff.o
                0x0000000000005d82                f_sync
 .text.f_close  0x0000000000005e3a       0x22 ./Packages/FatFs/ff.o
                0x0000000000005e3a                f_close
 .text.f_lseek  0x0000000000005e5c      0x16c ./Packages/FatFs/ff.o
                0x0000000000005e5c                f_lseek
 .text.f_mkfs   0x0000000000005fc8      0x710 ./Packages/FatFs/ff.o
                0x0000000000005fc8                f_mkfs
 .text.ff_uni2oem
                0x00000000000066d8       0x60 ./Packages/FatFs/ffunicode.o
                0x00000000000066d8                ff_uni2oem
 .text.ff_oem2uni
                0x0000000000006738       0x4c ./Packages/FatFs/ffunicode.o
                0x0000000000006738                ff_oem2uni
 .text.ff_wtoupper
                0x0000000000006784       0xa4 ./Packages/FatFs/ffunicode.o
                0x0000000000006784                ff_wtoupper
 .text.usbd_class_event_notify_handler
                0x0000000000006828       0x30 ./Packages/CherryUSB/core/usbd_core.o
 .text.usbd_set_endpoint
                0x0000000000006858       0x6a ./Packages/CherryUSB/core/usbd_core.o
 .text.usbd_event_ep0_in_complete_handler
                0x00000000000068c2       0x48 ./Packages/CherryUSB/core/usbd_core.o
                0x00000000000068c2                usbd_event_ep0_in_complete_handler
 .text.usbd_print_setup.constprop.12
                0x000000000000690a       0x44 ./Packages/CherryUSB/core/usbd_core.o
 .text.usbd_setup_request_handler.constprop.3
                0x000000000000694e      0x614 ./Packages/CherryUSB/core/usbd_core.o
 .text.usbd_event_ep0_out_complete_handler
                0x0000000000006f62       0x50 ./Packages/CherryUSB/core/usbd_core.o
                0x0000000000006f62                usbd_event_ep0_out_complete_handler
 .text.usbd_event_reset_handler
                0x0000000000006fb2       0x36 ./Packages/CherryUSB/core/usbd_core.o
                0x0000000000006fb2                usbd_event_reset_handler
 .text.usbd_event_ep0_setup_complete_handler
                0x0000000000006fe8       0xf6 ./Packages/CherryUSB/core/usbd_core.o
                0x0000000000006fe8                usbd_event_ep0_setup_complete_handler
 .text.usbd_event_ep_in_complete_handler
                0x00000000000070de       0x20 ./Packages/CherryUSB/core/usbd_core.o
                0x00000000000070de                usbd_event_ep_in_complete_handler
 .text.usbd_event_ep_out_complete_handler
                0x00000000000070fe       0x20 ./Packages/CherryUSB/core/usbd_core.o
                0x00000000000070fe                usbd_event_ep_out_complete_handler
 .text.usbd_desc_register
                0x000000000000711e       0x3c ./Packages/CherryUSB/core/usbd_core.o
                0x000000000000711e                usbd_desc_register
 .text.usbd_add_interface
                0x000000000000715a       0x22 ./Packages/CherryUSB/core/usbd_core.o
                0x000000000000715a                usbd_add_interface
 .text.usbd_add_endpoint
                0x000000000000717c       0x3c ./Packages/CherryUSB/core/usbd_core.o
                0x000000000000717c                usbd_add_endpoint
 .text.usb_device_is_configured
                0x00000000000071b8        0x6 ./Packages/CherryUSB/core/usbd_core.o
                0x00000000000071b8                usb_device_is_configured
 .text.usbd_initialize
                0x00000000000071be        0x4 ./Packages/CherryUSB/core/usbd_core.o
                0x00000000000071be                usbd_initialize
 .text.SCSI_SetSenseData
                0x00000000000071c2       0x18 ./Packages/CherryUSB/class/msc/usbd_msc.o
 .text.SCSI_processRead
                0x00000000000071da       0x82 ./Packages/CherryUSB/class/msc/usbd_msc.o
 .text.usbd_msc_send_csw
                0x000000000000725c       0x24 ./Packages/CherryUSB/class/msc/usbd_msc.o
 .text.msc_storage_class_interface_request_handler
                0x0000000000007280       0x6a ./Packages/CherryUSB/class/msc/usbd_msc.o
 .text.mass_storage_bulk_in
                0x00000000000072ea       0x5a ./Packages/CherryUSB/class/msc/usbd_msc.o
                0x00000000000072ea                mass_storage_bulk_in
 .text.msc_storage_notify_handler
                0x0000000000007344       0x26 ./Packages/CherryUSB/class/msc/usbd_msc.o
                0x0000000000007344                msc_storage_notify_handler
 .text.mass_storage_bulk_out
                0x000000000000736a      0x59c ./Packages/CherryUSB/class/msc/usbd_msc.o
                0x000000000000736a                mass_storage_bulk_out
 .text.usbd_msc_init_intf
                0x0000000000007906       0xac ./Packages/CherryUSB/class/msc/usbd_msc.o
                0x0000000000007906                usbd_msc_init_intf
 .text.usbd_hid_init_intf
                0x00000000000079b2       0x1c ./Packages/CherryUSB/class/hid/usbd_hid.o
                0x00000000000079b2                usbd_hid_init_intf
 .text.usbh_hid_get_report
                0x00000000000079ce        0x4 ./Packages/CherryUSB/class/hid/usbd_hid.o
                0x00000000000079ce                usbh_hid_get_report
 .text.usbh_hid_get_idle
                0x00000000000079d2        0x4 ./Packages/CherryUSB/class/hid/usbd_hid.o
                0x00000000000079d2                usbh_hid_get_idle
 .text.usbh_hid_get_protocol
                0x00000000000079d6        0x4 ./Packages/CherryUSB/class/hid/usbd_hid.o
                0x00000000000079d6                usbh_hid_get_protocol
 .text.hid_class_interface_request_handler
                0x00000000000079da       0xe8 ./Packages/CherryUSB/class/hid/usbd_hid.o
 .text.usbd_set_address
                0x0000000000007ac2       0x1a ./Packages/CherryUSB/usb_ch58x_dc_usbfs.o
                0x0000000000007ac2                usbd_set_address
 .text.usbd_ep_open
                0x0000000000007adc       0x90 ./Packages/CherryUSB/usb_ch58x_dc_usbfs.o
                0x0000000000007adc                usbd_ep_open
 .text.usbd_ep_close
                0x0000000000007b6c       0x26 ./Packages/CherryUSB/usb_ch58x_dc_usbfs.o
                0x0000000000007b6c                usbd_ep_close
 .text.usbd_ep_start_write
                0x0000000000007b92       0xba ./Packages/CherryUSB/usb_ch58x_dc_usbfs.o
                0x0000000000007b92                usbd_ep_start_write
 .text.usbd_ep_start_read
                0x0000000000007c4c       0x78 ./Packages/CherryUSB/usb_ch58x_dc_usbfs.o
                0x0000000000007c4c                usbd_ep_start_read
 .text.usbd_ep_set_stall
                0x0000000000007cc4       0x3e ./Packages/CherryUSB/usb_ch58x_dc_usbfs.o
                0x0000000000007cc4                usbd_ep_set_stall
 .text.usbd_ep_clear_stall
                0x0000000000007d02       0x42 ./Packages/CherryUSB/usb_ch58x_dc_usbfs.o
                0x0000000000007d02                usbd_ep_clear_stall
 .text.usb_dc_init
                0x0000000000007d44       0xf6 ./Packages/CherryUSB/usb_ch58x_dc_usbfs.o
                0x0000000000007d44                usb_dc_init
 .text.BATTERY_DMA_ENABLE
                0x0000000000007e3a       0x26 ./HAL/BATTERY.o
                0x0000000000007e3a                BATTERY_DMA_ENABLE
 .text.BATTERY_Init
                0x0000000000007e60       0x70 ./HAL/BATTERY.o
                0x0000000000007e60                BATTERY_Init
 .text.BATTERY_ADC_Calculation
                0x0000000000007ed0       0x42 ./HAL/BATTERY.o
                0x0000000000007ed0                BATTERY_ADC_Calculation
 .text.BATTERY_DrawBMP
                0x0000000000007f12       0xda ./HAL/BATTERY.o
                0x0000000000007f12                BATTERY_DrawBMP
 .text.hidEmuEvtCB
                0x0000000000007fec        0x2 ./HAL/BLE.o
 .text.hidEmuStateCB
                0x0000000000007fee      0x120 ./HAL/BLE.o
 .text.hidEmuSendKbdReport
                0x000000000000810e       0x24 ./HAL/BLE.o
 .text.hidEmuRptCB
                0x0000000000008132       0x96 ./HAL/BLE.o
 .text.HidEmu_ProcessEvent
                0x00000000000081c8      0x254 ./HAL/BLE.o
                0x00000000000081c8                HidEmu_ProcessEvent
 .text.DATAFLASH_Read_DeviceID
                0x000000000000841c       0x24 ./HAL/BLE.o
                0x000000000000841c                DATAFLASH_Read_DeviceID
 .text.HidEmu_Init
                0x0000000000008440       0xec ./HAL/BLE.o
                0x0000000000008440                HidEmu_Init
 .text.HAL_Fs_Init
                0x000000000000852c       0xb0 ./HAL/FATFS.o
                0x000000000000852c                HAL_Fs_Init
 .text.unsigned_dec_to_string
                0x00000000000085dc       0x86 ./HAL/FATFS.o
                0x00000000000085dc                unsigned_dec_to_string
 .text.string_dec_to_u8
                0x0000000000008662       0x4a ./HAL/FATFS.o
                0x0000000000008662                string_dec_to_u8
 .text.string_dec_to_u16
                0x00000000000086ac       0x4a ./HAL/FATFS.o
                0x00000000000086ac                string_dec_to_u16
 .text.HAL_Fs_Create_keyboard_cfg
                0x00000000000086f6       0xac ./HAL/FATFS.o
                0x00000000000086f6                HAL_Fs_Create_keyboard_cfg
 .text.HAL_Fs_Write_keyboard_cfg
                0x00000000000087a2       0xf4 ./HAL/FATFS.o
                0x00000000000087a2                HAL_Fs_Write_keyboard_cfg
 .text.HAL_Fs_Read_keyboard_cfg
                0x0000000000008896       0xd2 ./HAL/FATFS.o
                0x0000000000008896                HAL_Fs_Read_keyboard_cfg
 .text.HAL_Fs_Write_keyboard_spkey
                0x0000000000008968       0xdc ./HAL/FATFS.o
                0x0000000000008968                HAL_Fs_Write_keyboard_spkey
 .text.HAL_Fs_Read_keyboard_spkey
                0x0000000000008a44       0xc4 ./HAL/FATFS.o
                0x0000000000008a44                HAL_Fs_Read_keyboard_spkey
 .text.HAL_Fs_Write_keyboard_mat
                0x0000000000008b08       0xe4 ./HAL/FATFS.o
                0x0000000000008b08                HAL_Fs_Write_keyboard_mat
 .text.HAL_Fs_Read_keyboard_mat
                0x0000000000008bec       0xc2 ./HAL/FATFS.o
                0x0000000000008bec                HAL_Fs_Read_keyboard_mat
 .text.HW_I2C_WaitUntilTimeout
                0x0000000000008cae       0x46 ./HAL/HW_I2C.o
                0x0000000000008cae                HW_I2C_WaitUntilTimeout
 .text.HW_I2C_Init
                0x0000000000008cf4       0x2a ./HAL/HW_I2C.o
                0x0000000000008cf4                HW_I2C_Init
 .text.HW_I2C_WR_Reg
                0x0000000000008d1e       0xbc ./HAL/HW_I2C.o
                0x0000000000008d1e                HW_I2C_WR_Reg
 .text.HW_I2C_Muti_RD_Reg
                0x0000000000008dda      0x13c ./HAL/HW_I2C.o
                0x0000000000008dda                HW_I2C_Muti_RD_Reg
 .text.DATAFLASH_Read_KeyArray
                0x0000000000008f16       0x30 ./HAL/KEYBOARD.o
                0x0000000000008f16                DATAFLASH_Read_KeyArray
 .text.DATAFLASH_Write_KeyArray
                0x0000000000008f46       0x30 ./HAL/KEYBOARD.o
                0x0000000000008f46                DATAFLASH_Write_KeyArray
 .text.KEYBOARD_Reset
                0x0000000000008f76       0x76 ./HAL/KEYBOARD.o
                0x0000000000008f76                KEYBOARD_Reset
 .text.KEYBOARD_ChangeKey
                0x0000000000008fec       0x30 ./HAL/KEYBOARD.o
                0x0000000000008fec                KEYBOARD_ChangeKey
 .text.KEYBOARD_Custom_Function
                0x000000000000901c      0x6f2 ./HAL/KEYBOARD.o
                0x000000000000901c                KEYBOARD_Custom_Function
 .text.KEYBOARD_Init
                0x000000000000970e       0x8c ./HAL/KEYBOARD.o
                0x000000000000970e                KEYBOARD_Init
 .text.KEYBOARD_Detection
                0x000000000000979a      0x4ca ./HAL/KEYBOARD.o
                0x000000000000979a                KEYBOARD_Detection
 .text.KEYBOARD_EnterNumber
                0x0000000000009c64      0x114 ./HAL/KEYBOARD.o
                0x0000000000009c64                KEYBOARD_EnterNumber
 .text.TP78_Idle_Clr
                0x0000000000009d78       0x28 ./HAL/MCU.o
 .text.Lib_Calibration_LSI
                0x0000000000009da0        0x6 ./HAL/MCU.o
                0x0000000000009da0                Lib_Calibration_LSI
 .text.Lib_Read_Flash
                0x0000000000009da6       0x1c ./HAL/MCU.o
                0x0000000000009da6                Lib_Read_Flash
 .text.Lib_Write_Flash
                0x0000000000009dc2       0x42 ./HAL/MCU.o
                0x0000000000009dc2                Lib_Write_Flash
 .text.HAL_GetInterTempValue
                0x0000000000009e04       0x72 ./HAL/MCU.o
                0x0000000000009e04                HAL_GetInterTempValue
 .text.HID_KEYBOARD_Process
                0x0000000000009e76      0x1a6 ./HAL/MCU.o
                0x0000000000009e76                HID_KEYBOARD_Process
 .text.HID_CapMouse_Process
                0x000000000000a01c       0x5e ./HAL/MCU.o
                0x000000000000a01c                HID_CapMouse_Process
 .text.HID_VOL_Process
                0x000000000000a07a       0x54 ./HAL/MCU.o
                0x000000000000a07a                HID_VOL_Process
 .text.SW_PaintedEgg_Process
                0x000000000000a0ce       0x9a ./HAL/MCU.o
                0x000000000000a0ce                SW_PaintedEgg_Process
 .text.SW_OLED_Capslock_Process
                0x000000000000a168       0xb2 ./HAL/MCU.o
                0x000000000000a168                SW_OLED_Capslock_Process
 .text.SW_OLED_UBStatus_Process
                0x000000000000a21a      0x1fc ./HAL/MCU.o
                0x000000000000a21a                SW_OLED_UBStatus_Process
 .text.HW_Battery_Process
                0x000000000000a416       0x70 ./HAL/MCU.o
                0x000000000000a416                HW_Battery_Process
 .text.HW_WS2812_Process
                0x000000000000a486        0x4 ./HAL/MCU.o
                0x000000000000a486                HW_WS2812_Process
 .text.HW_TouchBar_Process
                0x000000000000a48a       0x4c ./HAL/MCU.o
                0x000000000000a48a                HW_TouchBar_Process
 .text.HAL_ProcessEvent
                0x000000000000a4d6      0x2a2 ./HAL/MCU.o
                0x000000000000a4d6                HAL_ProcessEvent
 .text.CH58X_BLEInit
                0x000000000000a778      0x12e ./HAL/MCU.o
                0x000000000000a778                CH58X_BLEInit
 .text.HAL_Init
                0x000000000000a8a6       0xd8 ./HAL/MCU.o
                0x000000000000a8a6                HAL_Init
 .text.DATAFLASH_Read_MPR121_ALG_Parameter
                0x000000000000a97e       0x78 ./HAL/MPR121.o
                0x000000000000a97e                DATAFLASH_Read_MPR121_ALG_Parameter
 .text.MPR121_Init
                0x000000000000a9f6      0x38c ./HAL/MPR121.o
                0x000000000000a9f6                MPR121_Init
 .text.MPR121_ALG_Update_algListNode
                0x000000000000ad82       0x10 ./HAL/MPR121.o
                0x000000000000ad82                MPR121_ALG_Update_algListNode
 .text.MPR121_ALG_Judge_Cap_Mouse
                0x000000000000ad92      0x222 ./HAL/MPR121.o
                0x000000000000ad92                MPR121_ALG_Judge_Cap_Mouse
 .text.MPR121_ALG_Judge_Touchbar
                0x000000000000afb4      0x218 ./HAL/MPR121.o
                0x000000000000afb4                MPR121_ALG_Judge_Touchbar
 .text.OLED_Set_Pos
                0x000000000000b1cc       0x4a ./HAL/OLED.o
                0x000000000000b1cc                OLED_Set_Pos
 .text.OLED_Clear
                0x000000000000b216       0x62 ./HAL/OLED.o
                0x000000000000b216                OLED_Clear
 .text.OLED_ShowChar
                0x000000000000b278       0x66 ./HAL/OLED.o
                0x000000000000b278                OLED_ShowChar
 .text.OLED_ShowNum
                0x000000000000b2de       0xa0 ./HAL/OLED.o
                0x000000000000b2de                OLED_ShowNum
 .text.OLED_ShowString
                0x000000000000b37e       0x56 ./HAL/OLED.o
                0x000000000000b37e                OLED_ShowString
 .text.OLED_ShowString_f
                0x000000000000b3d4       0xb4 ./HAL/OLED.o
                0x000000000000b3d4                OLED_ShowString_f
 .text.OLED_DrawBMP
                0x000000000000b488       0x6e ./HAL/OLED.o
                0x000000000000b488                OLED_DrawBMP
 .text.OLED_Clr
                0x000000000000b4f6       0x56 ./HAL/OLED.o
                0x000000000000b4f6                OLED_Clr
 .text.OLED_Midx
                0x000000000000b54c       0x22 ./HAL/OLED.o
                0x000000000000b54c                OLED_Midx
 .text.OLED_Set_Scroll_ENA
                0x000000000000b56e       0x14 ./HAL/OLED.o
                0x000000000000b56e                OLED_Set_Scroll_ENA
 .text.OLED_Scroll
                0x000000000000b582       0xc0 ./HAL/OLED.o
                0x000000000000b582                OLED_Scroll
 .text.HAL_OLED_Init
                0x000000000000b642      0x19e ./HAL/OLED.o
                0x000000000000b642                HAL_OLED_Init
 .text.OLED_UI_printf
                0x000000000000b7e0       0xa6 ./HAL/OLED_UI.o
                0x000000000000b7e0                OLED_UI_printf
 .text.OLED_UI_add_task
                0x000000000000b886       0x5c ./HAL/OLED_UI.o
                0x000000000000b886                OLED_UI_add_task
 .text.OLED_UI_add_CLEARPAGE_task
                0x000000000000b8e2       0x4e ./HAL/OLED_UI.o
                0x000000000000b8e2                OLED_UI_add_CLEARPAGE_task
 .text.OLED_UI_add_SHOWINFO_task
                0x000000000000b930       0x82 ./HAL/OLED_UI.o
                0x000000000000b930                OLED_UI_add_SHOWINFO_task
 .text.OLED_UI_add_default_task
                0x000000000000b9b2        0xe ./HAL/OLED_UI.o
                0x000000000000b9b2                OLED_UI_add_default_task
 .text.OLED_UI_add_delay_task
                0x000000000000b9c0       0x6c ./HAL/OLED_UI.o
                0x000000000000b9c0                OLED_UI_add_delay_task
 .text.OLED_UI_add_default_delay_task
                0x000000000000ba2c       0x10 ./HAL/OLED_UI.o
                0x000000000000ba2c                OLED_UI_add_default_delay_task
 .text.OLED_UI_add_CANCELINFO_delay_task
                0x000000000000ba3c       0x3c ./HAL/OLED_UI.o
                0x000000000000ba3c                OLED_UI_add_CANCELINFO_delay_task
 .text.OLED_UI_slot_add
                0x000000000000ba78       0x28 ./HAL/OLED_UI.o
                0x000000000000ba78                OLED_UI_slot_add
 .text.OLED_UI_slot_delete
                0x000000000000baa0       0x58 ./HAL/OLED_UI.o
                0x000000000000baa0                OLED_UI_slot_delete
 .text.OLED_UI_slot_active
                0x000000000000baf8       0x34 ./HAL/OLED_UI.o
                0x000000000000baf8                OLED_UI_slot_active
 .text.OLED_UI_slot_draw
                0x000000000000bb2c       0x44 ./HAL/OLED_UI.o
                0x000000000000bb2c                OLED_UI_slot_draw
 .text.OLED_UI_show_version
                0x000000000000bb70       0x98 ./HAL/OLED_UI.o
                0x000000000000bb70                OLED_UI_show_version
 .text.OLED_UI_draw_empty_battery
                0x000000000000bc08       0x14 ./HAL/OLED_UI.o
                0x000000000000bc08                OLED_UI_draw_empty_battery
 .text.OLED_UI_smooth_select_cfg
                0x000000000000bc1c       0x66 ./HAL/OLED_UI.o
                0x000000000000bc1c                OLED_UI_smooth_select_cfg
 .text.OLED_UI_draw_menu
                0x000000000000bc82      0x1d6 ./HAL/OLED_UI.o
                0x000000000000bc82                OLED_UI_draw_menu
 .text.OLED_UI_smooth_select
                0x000000000000be58      0x262 ./HAL/OLED_UI.o
                0x000000000000be58                OLED_UI_smooth_select
 .text.OLED_UI_idle
                0x000000000000c0ba       0x26 ./HAL/OLED_UI.o
                0x000000000000c0ba                OLED_UI_idle
 .text.OLED_UI_draw_thread_callback
                0x000000000000c0e0      0x218 ./HAL/OLED_UI.o
                0x000000000000c0e0                OLED_UI_draw_thread_callback
 .text.RF_2G4StatusCallBack
                0x000000000000c2f8      0x116 ./HAL/RF_PHY.o
                0x000000000000c2f8                RF_2G4StatusCallBack
 .text.RF_ProcessEvent
                0x000000000000c40e       0xee ./HAL/RF_PHY.o
                0x000000000000c40e                RF_ProcessEvent
 .text.DATAFLASH_Read_RForBLE
                0x000000000000c4fc       0x36 ./HAL/RF_PHY.o
                0x000000000000c4fc                DATAFLASH_Read_RForBLE
 .text.DATAFLASH_Write_RForBLE
                0x000000000000c532       0x1a ./HAL/RF_PHY.o
                0x000000000000c532                DATAFLASH_Write_RForBLE
 .text.RF_Init  0x000000000000c54c       0x7a ./HAL/RF_PHY.o
                0x000000000000c54c                RF_Init
 .text.HAL_TimeInit
                0x000000000000c5c6       0x3e ./HAL/RTC.o
                0x000000000000c5c6                HAL_TimeInit
 .text.usbd_hid_int_callback
                0x000000000000c604        0x6 ./HAL/USB.o
 .text.USB_ProcessEvent
                0x000000000000c60a       0xd4 ./HAL/USB.o
                0x000000000000c60a                USB_ProcessEvent
 .text.usb_device_init
                0x000000000000c6de       0xae ./HAL/USB.o
                0x000000000000c6de                usb_device_init
 .text.usbd_configure_done_callback
                0x000000000000c78c        0x2 ./HAL/USB.o
                0x000000000000c78c                usbd_configure_done_callback
 .text.usbh_hid_set_idle
                0x000000000000c78e        0x2 ./HAL/USB.o
                0x000000000000c78e                usbh_hid_set_idle
 .text.usbh_hid_set_protocol
                0x000000000000c790        0x2 ./HAL/USB.o
                0x000000000000c790                usbh_hid_set_protocol
 .text.usbh_hid_set_report
                0x000000000000c792       0x20 ./HAL/USB.o
                0x000000000000c792                usbh_hid_set_report
 .text.usb_suspend_wake_up_cb
                0x000000000000c7b2       0x32 ./HAL/USB.o
                0x000000000000c7b2                usb_suspend_wake_up_cb
 .text.usbd_msc_get_cap
                0x000000000000c7e4       0x10 ./HAL/USB.o
                0x000000000000c7e4                usbd_msc_get_cap
 .text.usbd_msc_sector_read
                0x000000000000c7f4       0x16 ./HAL/USB.o
                0x000000000000c7f4                usbd_msc_sector_read
 .text.usbd_msc_sector_write
                0x000000000000c80a       0x16 ./HAL/USB.o
                0x000000000000c80a                usbd_msc_sector_write
 .text.HAL_USBInit
                0x000000000000c820       0x78 ./HAL/USB.o
                0x000000000000c820                HAL_USBInit
 .text.usb_dc_low_level_init
                0x000000000000c898       0x22 ./HAL/USB.o
                0x000000000000c898                usb_dc_low_level_init
 .text.WS2812_Style_Off
                0x000000000000c8ba       0x1c ./HAL/WS2812.o
                0x000000000000c8ba                WS2812_Style_Off
 .text.WS2812_Style_Breath
                0x000000000000c8d6       0xf2 ./HAL/WS2812.o
                0x000000000000c8d6                WS2812_Style_Breath
 .text.WS2812_Style_Waterful
                0x000000000000c9c8       0xa8 ./HAL/WS2812.o
                0x000000000000c9c8                WS2812_Style_Waterful
 .text.WS2812_Style_Touch
                0x000000000000ca70       0xcc ./HAL/WS2812.o
                0x000000000000ca70                WS2812_Style_Touch
 .text.WS2812_Style_Rainbow
                0x000000000000cb3c      0x344 ./HAL/WS2812.o
                0x000000000000cb3c                WS2812_Style_Rainbow
 .text.DATAFLASH_Read_LEDStyle
                0x000000000000ce80       0x90 ./HAL/WS2812.o
                0x000000000000ce80                DATAFLASH_Read_LEDStyle
 .text.WS2812_PWM_Init
                0x000000000000cf10       0x4a ./HAL/WS2812.o
                0x000000000000cf10                WS2812_PWM_Init
 .text.WS2812_Style_Custom
                0x000000000000cf5a       0xb0 ./HAL/WS2812.o
                0x000000000000cf5a                WS2812_Style_Custom
 .text.WS2812_Send
                0x000000000000d00a       0x88 ./HAL/WS2812.o
                0x000000000000d00a                WS2812_Send
 .text.startup.main
                0x000000000000d092       0xc4 ./APP/main.o
                0x000000000000d092                main
 .text.ProduceFood
                0x000000000000d156       0xaa ./APP/snake.o
 .text.Snake_Init
                0x000000000000d200       0x6c ./APP/snake.o
                0x000000000000d200                Snake_Init
 .text.MoveSnake
                0x000000000000d26c      0x236 ./APP/snake.o
                0x000000000000d26c                MoveSnake
 .text.tmos_msg_enqueue
                0x000000000000d4a2       0x1e E:\Project\tp78_v2\mounriver_project\BLE_CH582M\LIB\libCH58xBLE.a(message.o)
                0x000000000000d4a2                tmos_msg_enqueue
 .text.tmos_msg_deallocate
                0x000000000000d4c0       0x2c E:\Project\tp78_v2\mounriver_project\BLE_CH582M\LIB\libCH58xBLE.a(message.o)
                0x000000000000d4c0                tmos_msg_deallocate
 .text.tmos_msg_allocate
                0x000000000000d4ec       0x46 E:\Project\tp78_v2\mounriver_project\BLE_CH582M\LIB\libCH58xBLE.a(message.o)
                0x000000000000d4ec                tmos_msg_allocate
 .text.tmos_msg_receive
                0x000000000000d532       0x70 E:\Project\tp78_v2\mounriver_project\BLE_CH582M\LIB\libCH58xBLE.a(message.o)
                0x000000000000d532                tmos_msg_receive
 .text.tmos_msg_send
                0x000000000000d5a2       0x66 E:\Project\tp78_v2\mounriver_project\BLE_CH582M\LIB\libCH58xBLE.a(message.o)
                0x000000000000d5a2                tmos_msg_send
 .text.tmos_msg_init
                0x000000000000d608        0xa E:\Project\tp78_v2\mounriver_project\BLE_CH582M\LIB\libCH58xBLE.a(message.o)
                0x000000000000d608                tmos_msg_init
 .text.tmosFindTask
                0x000000000000d612       0x24 E:\Project\tp78_v2\mounriver_project\BLE_CH582M\LIB\libCH58xBLE.a(tmos.o)
 .text.TMOS_CB_PeriodicProcessEvent
                0x000000000000d636       0x86 E:\Project\tp78_v2\mounriver_project\BLE_CH582M\LIB\libCH58xBLE.a(tmos.o)
                0x000000000000d636                TMOS_CB_PeriodicProcessEvent
 .text.TMOS_CB_ProcessEvent
                0x000000000000d6bc       0x84 E:\Project\tp78_v2\mounriver_project\BLE_CH582M\LIB\libCH58xBLE.a(tmos.o)
                0x000000000000d6bc                TMOS_CB_ProcessEvent
 .text.tmos_rand
                0x000000000000d740       0x52 E:\Project\tp78_v2\mounriver_project\BLE_CH582M\LIB\libCH58xBLE.a(tmos.o)
                0x000000000000d740                tmos_rand
 .text.tmos_proces_sleep
                0x000000000000d792      0x132 E:\Project\tp78_v2\mounriver_project\BLE_CH582M\LIB\libCH58xBLE.a(tmos.o)
                0x000000000000d792                tmos_proces_sleep
 .text.tmos_start_periodic_callback_task
                0x000000000000d8c4       0xfc E:\Project\tp78_v2\mounriver_project\BLE_CH582M\LIB\libCH58xBLE.a(tmos.o)
                0x000000000000d8c4                tmos_start_periodic_callback_task
 .text.tmos_set_event
                0x000000000000d9c0       0x2e E:\Project\tp78_v2\mounriver_project\BLE_CH582M\LIB\libCH58xBLE.a(tmos.o)
                0x000000000000d9c0                tmos_set_event
 .text.tmos_clear_event
                0x000000000000d9ee       0x32 E:\Project\tp78_v2\mounriver_project\BLE_CH582M\LIB\libCH58xBLE.a(tmos.o)
                0x000000000000d9ee                tmos_clear_event
 .text.tmos_update_callback_timer
                0x000000000000da20       0xb8 E:\Project\tp78_v2\mounriver_project\BLE_CH582M\LIB\libCH58xBLE.a(tmos.o)
                0x000000000000da20                tmos_update_callback_timer
 .text.tmos_start_task
                0x000000000000dad8       0xe2 E:\Project\tp78_v2\mounriver_project\BLE_CH582M\LIB\libCH58xBLE.a(tmos.o)
                0x000000000000dad8                tmos_start_task
 .text.tmos_start_callback_task
                0x000000000000dbba       0x9a E:\Project\tp78_v2\mounriver_project\BLE_CH582M\LIB\libCH58xBLE.a(tmos.o)
                0x000000000000dbba                tmos_start_callback_task
 .text.tmos_start_reload_task
                0x000000000000dc54       0x4a E:\Project\tp78_v2\mounriver_project\BLE_CH582M\LIB\libCH58xBLE.a(tmos.o)
                0x000000000000dc54                tmos_start_reload_task
 .text.tmos_stop_task
                0x000000000000dc9e       0x52 E:\Project\tp78_v2\mounriver_project\BLE_CH582M\LIB\libCH58xBLE.a(tmos.o)
                0x000000000000dc9e                tmos_stop_task
 .text.tmos_stop_callback_task
                0x000000000000dcf0       0x5c E:\Project\tp78_v2\mounriver_project\BLE_CH582M\LIB\libCH58xBLE.a(tmos.o)
                0x000000000000dcf0                tmos_stop_callback_task
 .text.tmos_get_task_timer
                0x000000000000dd4c       0x66 E:\Project\tp78_v2\mounriver_project\BLE_CH582M\LIB\libCH58xBLE.a(tmos.o)
                0x000000000000dd4c                tmos_get_task_timer
 .text.TMOS_TimerRegister
                0x000000000000ddb2       0x1e E:\Project\tp78_v2\mounriver_project\BLE_CH582M\LIB\libCH58xBLE.a(tmos.o)
                0x000000000000ddb2                TMOS_TimerRegister
 .text.TMOS_ProcessRegister
                0x000000000000ddd0       0x16 E:\Project\tp78_v2\mounriver_project\BLE_CH582M\LIB\libCH58xBLE.a(tmos.o)
                0x000000000000ddd0                TMOS_ProcessRegister
 .text.TMOS_Init
                0x000000000000dde6       0xf8 E:\Project\tp78_v2\mounriver_project\BLE_CH582M\LIB\libCH58xBLE.a(tmos.o)
                0x000000000000dde6                TMOS_Init
 .text.TMOS_ProcessEventRegister
                0x000000000000dede       0x3c E:\Project\tp78_v2\mounriver_project\BLE_CH582M\LIB\libCH58xBLE.a(tmos.o)
                0x000000000000dede                TMOS_ProcessEventRegister
 .text.BLE_LibInit
                0x000000000000df1a      0x178 E:\Project\tp78_v2\mounriver_project\BLE_CH582M\LIB\libCH58xBLE.a(tmos.o)
                0x000000000000df1a                BLE_LibInit
 .text.clockGetTickValve
                0x000000000000e092       0x56 E:\Project\tp78_v2\mounriver_project\BLE_CH582M\LIB\libCH58xBLE.a(tmos_hw.o)
 .text.ll_get_sca_divisor
                0x000000000000e0e8       0x40 E:\Project\tp78_v2\mounriver_project\BLE_CH582M\LIB\libCH58xBLE.a(tmos_hw.o)
                0x000000000000e0e8                ll_get_sca_divisor
 .text.ll_get_sca_own
                0x000000000000e128       0x46 E:\Project\tp78_v2\mounriver_project\BLE_CH582M\LIB\libCH58xBLE.a(tmos_hw.o)
                0x000000000000e128                ll_get_sca_own
 .text.ble_ll_common_rand8
                0x000000000000e16e       0x24 E:\Project\tp78_v2\mounriver_project\BLE_CH582M\LIB\libCH58xBLE.a(tmos_hw.o)
                0x000000000000e16e                ble_ll_common_rand8
 .text.ble_ll_common_rand16
                0x000000000000e192       0x24 E:\Project\tp78_v2\mounriver_project\BLE_CH582M\LIB\libCH58xBLE.a(tmos_hw.o)
                0x000000000000e192                ble_ll_common_rand16
 .text.ble_ll_common_rand32
                0x000000000000e1b6       0x20 E:\Project\tp78_v2\mounriver_project\BLE_CH582M\LIB\libCH58xBLE.a(tmos_hw.o)
                0x000000000000e1b6                ble_ll_common_rand32
 .text.TMOS_TempSample
                0x000000000000e1d6       0x62 E:\Project\tp78_v2\mounriver_project\BLE_CH582M\LIB\libCH58xBLE.a(tmos_hw.o)
                0x000000000000e1d6                TMOS_TempSample
 .text.TMOS_TimerInit
                0x000000000000e238       0xca E:\Project\tp78_v2\mounriver_project\BLE_CH582M\LIB\libCH58xBLE.a(tmos_hw.o)
                0x000000000000e238                TMOS_TimerInit
 .text.tmos_snv_init
                0x000000000000e302       0xc0 E:\Project\tp78_v2\mounriver_project\BLE_CH582M\LIB\libCH58xBLE.a(tmos_snv.o)
                0x000000000000e302                tmos_snv_init
 .text.tmos_snv_clear
                0x000000000000e3c2       0xb2 E:\Project\tp78_v2\mounriver_project\BLE_CH582M\LIB\libCH58xBLE.a(tmos_snv.o)
                0x000000000000e3c2                tmos_snv_clear
 .text.tmos_snv_read
                0x000000000000e474      0x292 E:\Project\tp78_v2\mounriver_project\BLE_CH582M\LIB\libCH58xBLE.a(tmos_snv.o)
                0x000000000000e474                tmos_snv_read
 .text.tmos_snv_notify
                0x000000000000e706       0x5a E:\Project\tp78_v2\mounriver_project\BLE_CH582M\LIB\libCH58xBLE.a(tmos_snv.o)
                0x000000000000e706                tmos_snv_notify
 .text.tmos_snv_write
                0x000000000000e760      0x2ce E:\Project\tp78_v2\mounriver_project\BLE_CH582M\LIB\libCH58xBLE.a(tmos_snv.o)
                0x000000000000e760                tmos_snv_write
 .text.tmos_snv_compact
                0x000000000000ea2e        0x4 E:\Project\tp78_v2\mounriver_project\BLE_CH582M\LIB\libCH58xBLE.a(tmos_snv.o)
                0x000000000000ea2e                tmos_snv_compact
 .text.disconnectNext
                0x000000000000ea32       0x22 E:\Project\tp78_v2\mounriver_project\BLE_CH582M\LIB\libCH58xBLE.a(gap.o)
 .text.GAP_ParamInit
                0x000000000000ea54      0x14e E:\Project\tp78_v2\mounriver_project\BLE_CH582M\LIB\libCH58xBLE.a(gap.o)
                0x000000000000ea54                GAP_ParamInit
 .text.sendTerminateEvent
                0x000000000000eba2       0x58 E:\Project\tp78_v2\mounriver_project\BLE_CH582M\LIB\libCH58xBLE.a(gap.o)
                0x000000000000eba2                sendTerminateEvent
 .text.gapRegisterCentral
                0x000000000000ebfa        0x6 E:\Project\tp78_v2\mounriver_project\BLE_CH582M\LIB\libCH58xBLE.a(gap.o)
                0x000000000000ebfa                gapRegisterCentral
 .text.gapRegisterCentralConn
                0x000000000000ec00        0x6 E:\Project\tp78_v2\mounriver_project\BLE_CH582M\LIB\libCH58xBLE.a(gap.o)
                0x000000000000ec00                gapRegisterCentralConn
 .text.gapRegisterPeripheral
                0x000000000000ec06        0x6 E:\Project\tp78_v2\mounriver_project\BLE_CH582M\LIB\libCH58xBLE.a(gap.o)
                0x000000000000ec06                gapRegisterPeripheral
 .text.gapRegisterPeripheralConn
                0x000000000000ec0c        0x6 E:\Project\tp78_v2\mounriver_project\BLE_CH582M\LIB\libCH58xBLE.a(gap.o)
                0x000000000000ec0c                gapRegisterPeripheralConn
 .text.smGenerateRandBuf
                0x000000000000ec12       0x56 E:\Project\tp78_v2\mounriver_project\BLE_CH582M\LIB\libCH58xBLE.a(gap.o)
                0x000000000000ec12                smGenerateRandBuf
 .text.gapL2capConnParamUpdateReq
                0x000000000000ec68       0x36 E:\Project\tp78_v2\mounriver_project\BLE_CH582M\LIB\libCH58xBLE.a(gap.o)
                0x000000000000ec68                gapL2capConnParamUpdateReq
 .text.gapValidADType
                0x000000000000ec9e       0x16 E:\Project\tp78_v2\mounriver_project\BLE_CH582M\LIB\libCH58xBLE.a(gap.o)
                0x000000000000ec9e                gapValidADType
 .text.gapFindADType
                0x000000000000ecb4       0x94 E:\Project\tp78_v2\mounriver_project\BLE_CH582M\LIB\libCH58xBLE.a(gap.o)
                0x000000000000ecb4                gapFindADType
 .text.GAP_SecParamsInit
                0x000000000000ed48       0xae E:\Project\tp78_v2\mounriver_project\BLE_CH582M\LIB\libCH58xBLE.a(gap.o)
                0x000000000000ed48                GAP_SecParamsInit
 .text.GAP_ParamsInit
                0x000000000000edf6       0x50 E:\Project\tp78_v2\mounriver_project\BLE_CH582M\LIB\libCH58xBLE.a(gap.o)
                0x000000000000edf6                GAP_ParamsInit
 .text.gapAddAddrAdj
                0x000000000000ee46       0x48 E:\Project\tp78_v2\mounriver_project\BLE_CH582M\LIB\libCH58xBLE.a(gap.o)
                0x000000000000ee46                gapAddAddrAdj
 .text.gapDetermineAddrType
                0x000000000000ee8e       0x28 E:\Project\tp78_v2\mounriver_project\BLE_CH582M\LIB\libCH58xBLE.a(gap.o)
                0x000000000000ee8e                gapDetermineAddrType
 .text.gapFreeAuthLink
                0x000000000000eeb6       0x4a E:\Project\tp78_v2\mounriver_project\BLE_CH582M\LIB\libCH58xBLE.a(gap.o)
                0x000000000000eeb6                gapFreeAuthLink
 .text.gapGetDevAddress
                0x000000000000ef00       0x24 E:\Project\tp78_v2\mounriver_project\BLE_CH582M\LIB\libCH58xBLE.a(gap.o)
                0x000000000000ef00                gapGetDevAddress
 .text.gapGetDevAddressMode
                0x000000000000ef24        0xa E:\Project\tp78_v2\mounriver_project\BLE_CH582M\LIB\libCH58xBLE.a(gap.o)
                0x000000000000ef24                gapGetDevAddressMode
 .text.gapGetIRK
                0x000000000000ef2e        0xc E:\Project\tp78_v2\mounriver_project\BLE_CH582M\LIB\libCH58xBLE.a(gap.o)
                0x000000000000ef2e                gapGetIRK
 .text.gapGetSRK
                0x000000000000ef3a        0xc E:\Project\tp78_v2\mounriver_project\BLE_CH582M\LIB\libCH58xBLE.a(gap.o)
                0x000000000000ef3a                gapGetSRK
 .text.gapGetSignCounter
                0x000000000000ef46        0xe E:\Project\tp78_v2\mounriver_project\BLE_CH582M\LIB\libCH58xBLE.a(gap.o)
                0x000000000000ef46                gapGetSignCounter
 .text.gapIncSignCounter
                0x000000000000ef54       0x28 E:\Project\tp78_v2\mounriver_project\BLE_CH582M\LIB\libCH58xBLE.a(gap.o)
                0x000000000000ef54                gapIncSignCounter
 .text.gapProcessConnEvt
                0x000000000000ef7c       0x48 E:\Project\tp78_v2\mounriver_project\BLE_CH582M\LIB\libCH58xBLE.a(gap.o)
                0x000000000000ef7c                gapProcessConnEvt
 .text.gapProcessDisconnectCompleteEvt
                0x000000000000efc4       0xaa E:\Project\tp78_v2\mounriver_project\BLE_CH582M\LIB\libCH58xBLE.a(gap.o)
                0x000000000000efc4                gapProcessDisconnectCompleteEvt
 .text.sendAuthEvent
                0x000000000000f06e      0x120 E:\Project\tp78_v2\mounriver_project\BLE_CH582M\LIB\libCH58xBLE.a(gap.o)
                0x000000000000f06e                sendAuthEvent
 .text.gapSendBondCompleteEvent
                0x000000000000f18e       0x74 E:\Project\tp78_v2\mounriver_project\BLE_CH582M\LIB\libCH58xBLE.a(gap.o)
                0x000000000000f18e                gapSendBondCompleteEvent
 .text.gapSendPairingReqEvent
                0x000000000000f202       0x96 E:\Project\tp78_v2\mounriver_project\BLE_CH582M\LIB\libCH58xBLE.a(gap.o)
                0x000000000000f202                gapSendPairingReqEvent
 .text.gapSendSlaveSecurityReqEvent
                0x000000000000f298       0x68 E:\Project\tp78_v2\mounriver_project\BLE_CH582M\LIB\libCH58xBLE.a(gap.o)
                0x000000000000f298                gapSendSlaveSecurityReqEvent
 .text.gapSendDeviceInitDoneEvent
                0x000000000000f300       0x88 E:\Project\tp78_v2\mounriver_project\BLE_CH582M\LIB\libCH58xBLE.a(gap.o)
                0x000000000000f300                gapSendDeviceInitDoneEvent
 .text.gapSendLinkUpdateEvent
                0x000000000000f388       0xb2 E:\Project\tp78_v2\mounriver_project\BLE_CH582M\LIB\libCH58xBLE.a(gap.o)
                0x000000000000f388                gapSendLinkUpdateEvent
 .text.gapSendPhyUpdateEvent
                0x000000000000f43a       0x58 E:\Project\tp78_v2\mounriver_project\BLE_CH582M\LIB\libCH58xBLE.a(gap.o)
                0x000000000000f43a                gapSendPhyUpdateEvent
 .text.gapSendEstLinkEvent
                0x000000000000f492       0xbc E:\Project\tp78_v2\mounriver_project\BLE_CH582M\LIB\libCH58xBLE.a(gap.o)
                0x000000000000f492                gapSendEstLinkEvent
 .text.gapProcessNewAddr
                0x000000000000f54e       0x3e E:\Project\tp78_v2\mounriver_project\BLE_CH582M\LIB\libCH58xBLE.a(gap.o)
                0x000000000000f54e                gapProcessNewAddr
 .text.gapProcessRandomAddrComplete
                0x000000000000f58c       0xb6 E:\Project\tp78_v2\mounriver_project\BLE_CH582M\LIB\libCH58xBLE.a(gap.o)
                0x000000000000f58c                gapProcessRandomAddrComplete
 .text.GAP_Authenticate
                0x000000000000f642       0xde E:\Project\tp78_v2\mounriver_project\BLE_CH582M\LIB\libCH58xBLE.a(gap.o)
                0x000000000000f642                GAP_Authenticate
 .text.GAP_Bond
                0x000000000000f720       0xaa E:\Project\tp78_v2\mounriver_project\BLE_CH582M\LIB\libCH58xBLE.a(gap.o)
                0x000000000000f720                GAP_Bond
 .text.GAP_GetParamValue
                0x000000000000f7ca       0x20 E:\Project\tp78_v2\mounriver_project\BLE_CH582M\LIB\libCH58xBLE.a(gap.o)
                0x000000000000f7ca                GAP_GetParamValue
 .text.GAP_PasscodeUpdate
                0x000000000000f7ea       0x54 E:\Project\tp78_v2\mounriver_project\BLE_CH582M\LIB\libCH58xBLE.a(gap.o)
                0x000000000000f7ea                GAP_PasscodeUpdate
 .text.GAP_RegisterForMsgs
                0x000000000000f83e        0xa E:\Project\tp78_v2\mounriver_project\BLE_CH582M\LIB\libCH58xBLE.a(gap.o)
                0x000000000000f83e                GAP_RegisterForMsgs
 .text.GAP_ResolvePrivateAddr
                0x000000000000f848        0x4 E:\Project\tp78_v2\mounriver_project\BLE_CH582M\LIB\libCH58xBLE.a(gap.o)
                0x000000000000f848                GAP_ResolvePrivateAddr
 .text.gapPairingCompleteCB
                0x000000000000f84c      0x18c E:\Project\tp78_v2\mounriver_project\BLE_CH582M\LIB\libCH58xBLE.a(gap.o)
                0x000000000000f84c                gapPairingCompleteCB
 .text.gapPasskeyNeededCB
                0x000000000000f9d8       0x8e E:\Project\tp78_v2\mounriver_project\BLE_CH582M\LIB\libCH58xBLE.a(gap.o)
                0x000000000000f9d8                gapPasskeyNeededCB
 .text.gapFreeEstLink
                0x000000000000fa66       0x20 E:\Project\tp78_v2\mounriver_project\BLE_CH582M\LIB\libCH58xBLE.a(gap.o)
                0x000000000000fa66                gapFreeEstLink
 .text.gapUpdateConnSignCounter
                0x000000000000fa86       0x7a E:\Project\tp78_v2\mounriver_project\BLE_CH582M\LIB\libCH58xBLE.a(gap.o)
                0x000000000000fa86                gapUpdateConnSignCounter
 .text.GAP_SendSlaveSecurityRequest
                0x000000000000fb00       0x4c E:\Project\tp78_v2\mounriver_project\BLE_CH582M\LIB\libCH58xBLE.a(gap.o)
                0x000000000000fb00                GAP_SendSlaveSecurityRequest
 .text.GAP_Signable
                0x000000000000fb4c       0x6a E:\Project\tp78_v2\mounriver_project\BLE_CH582M\LIB\libCH58xBLE.a(gap.o)
                0x000000000000fb4c                GAP_Signable
 .text.GAP_TerminateAuth
                0x000000000000fbb6       0x2a E:\Project\tp78_v2\mounriver_project\BLE_CH582M\LIB\libCH58xBLE.a(gap.o)
                0x000000000000fbb6                GAP_TerminateAuth
 .text.GAP_NumActiveConnections
                0x000000000000fbe0        0x4 E:\Project\tp78_v2\mounriver_project\BLE_CH582M\LIB\libCH58xBLE.a(gap.o)
                0x000000000000fbe0                GAP_NumActiveConnections
 .text.GAP_TerminateLinkReq
                0x000000000000fbe4       0x8e E:\Project\tp78_v2\mounriver_project\BLE_CH582M\LIB\libCH58xBLE.a(gap.o)
                0x000000000000fbe4                GAP_TerminateLinkReq
 .text.GAP_SetParamValue
                0x000000000000fc72       0x68 E:\Project\tp78_v2\mounriver_project\BLE_CH582M\LIB\libCH58xBLE.a(gap.o)
                0x000000000000fc72                GAP_SetParamValue
 .text.GAP_Init
                0x000000000000fcda       0x48 E:\Project\tp78_v2\mounriver_project\BLE_CH582M\LIB\libCH58xBLE.a(gap.o)
                0x000000000000fcda                GAP_Init
 .text.GAP_ProcessEvent
                0x000000000000fd22      0x664 E:\Project\tp78_v2\mounriver_project\BLE_CH582M\LIB\libCH58xBLE.a(gap.o)
                0x000000000000fd22                GAP_ProcessEvent
 .text.gapSendScanEnable
                0x0000000000010386       0x3a E:\Project\tp78_v2\mounriver_project\BLE_CH582M\LIB\libCH58xBLE.a(gap_central.o)
 .text.gapCentProcessConnEvt
                0x00000000000103c0      0x15c E:\Project\tp78_v2\mounriver_project\BLE_CH582M\LIB\libCH58xBLE.a(gap_central.o)
                0x00000000000103c0                gapCentProcessConnEvt
 .text.gapProcessScanningPeriodicAdvEvt
                0x000000000001051c       0xa0 E:\Project\tp78_v2\mounriver_project\BLE_CH582M\LIB\libCH58xBLE.a(gap_central.o)
                0x000000000001051c                gapProcessScanningPeriodicAdvEvt
 .text.gapCancelLinkReq
                0x00000000000105bc       0x38 E:\Project\tp78_v2\mounriver_project\BLE_CH582M\LIB\libCH58xBLE.a(gap_central.o)
                0x00000000000105bc                gapCancelLinkReq
 .text.gapProcessAdvertDevInfo
                0x00000000000105f4      0x248 E:\Project\tp78_v2\mounriver_project\BLE_CH582M\LIB\libCH58xBLE.a(gap_central.o)
                0x00000000000105f4                gapProcessAdvertDevInfo
 .text.gapProcessExtAdvertDevInfo
                0x000000000001083c      0x260 E:\Project\tp78_v2\mounriver_project\BLE_CH582M\LIB\libCH58xBLE.a(gap_central.o)
                0x000000000001083c                gapProcessExtAdvertDevInfo
 .text.gapProcessPeriodicAdvertisingSyncEstablishedEvt
                0x0000000000010a9c       0x9e E:\Project\tp78_v2\mounriver_project\BLE_CH582M\LIB\libCH58xBLE.a(gap_central.o)
                0x0000000000010a9c                gapProcessPeriodicAdvertisingSyncEstablishedEvt
 .text.gapProcessPeriodicAdvertisingSyncLostEvt
                0x0000000000010b3a       0x56 E:\Project\tp78_v2\mounriver_project\BLE_CH582M\LIB\libCH58xBLE.a(gap_central.o)
                0x0000000000010b3a                gapProcessPeriodicAdvertisingSyncLostEvt
 .text.gapFreeScanRecs
                0x0000000000010b90       0xa6 E:\Project\tp78_v2\mounriver_project\BLE_CH582M\LIB\libCH58xBLE.a(gap_central.o)
                0x0000000000010b90                gapFreeScanRecs
 .text.gapSendDevDiscEvent
                0x0000000000010c36      0x126 E:\Project\tp78_v2\mounriver_project\BLE_CH582M\LIB\libCH58xBLE.a(gap_central.o)
                0x0000000000010c36                gapSendDevDiscEvent
 .text.gapSetScanParamStatus
                0x0000000000010d5c       0x58 E:\Project\tp78_v2\mounriver_project\BLE_CH582M\LIB\libCH58xBLE.a(gap_central.o)
 .text.gapCentProcessHCICmdEvt
                0x0000000000010db4       0x3e E:\Project\tp78_v2\mounriver_project\BLE_CH582M\LIB\libCH58xBLE.a(gap_central.o)
                0x0000000000010db4                gapCentProcessHCICmdEvt
 .text.gapProcessScanningEvt
                0x0000000000010df2      0x110 E:\Project\tp78_v2\mounriver_project\BLE_CH582M\LIB\libCH58xBLE.a(gap_central.o)
                0x0000000000010df2                gapProcessScanningEvt
 .text.gapProcessScanningDirectEvt
                0x0000000000010f02       0xfe E:\Project\tp78_v2\mounriver_project\BLE_CH582M\LIB\libCH58xBLE.a(gap_central.o)
                0x0000000000010f02                gapProcessScanningDirectEvt
 .text.gapProcessScanningExtAdvEvt
                0x0000000000011000      0x26a E:\Project\tp78_v2\mounriver_project\BLE_CH582M\LIB\libCH58xBLE.a(gap_central.o)
                0x0000000000011000                gapProcessScanningExtAdvEvt
 .text.GAP_CentConnRegister
                0x000000000001126a       0x1a E:\Project\tp78_v2\mounriver_project\BLE_CH582M\LIB\libCH58xBLE.a(gap_central.o)
                0x000000000001126a                GAP_CentConnRegister
 .text.GAP_CentralParamInit
                0x0000000000011284       0x6e E:\Project\tp78_v2\mounriver_project\BLE_CH582M\LIB\libCH58xBLE.a(gap_central.o)
                0x0000000000011284                GAP_CentralParamInit
 .text.GAP_CentDevMgrInit
                0x00000000000112f2       0x9c E:\Project\tp78_v2\mounriver_project\BLE_CH582M\LIB\libCH58xBLE.a(gap_central.o)
                0x00000000000112f2                GAP_CentDevMgrInit
 .text.gapFreeAdvertState
                0x000000000001138e       0x20 E:\Project\tp78_v2\mounriver_project\BLE_CH582M\LIB\libCH58xBLE.a(gap_peripheral.o)
 .text.gapSetPeriodicAdvParams
                0x00000000000113ae       0x30 E:\Project\tp78_v2\mounriver_project\BLE_CH582M\LIB\libCH58xBLE.a(gap_peripheral.o)
 .text.gapSetAdvParams
                0x00000000000113de       0xfc E:\Project\tp78_v2\mounriver_project\BLE_CH582M\LIB\libCH58xBLE.a(gap_peripheral.o)
 .text.gapPeriProcessConnEvt
                0x00000000000114da       0xd0 E:\Project\tp78_v2\mounriver_project\BLE_CH582M\LIB\libCH58xBLE.a(gap_peripheral.o)
 .text.gapWriteAdvDataStatus
                0x00000000000115aa       0x54 E:\Project\tp78_v2\mounriver_project\BLE_CH582M\LIB\libCH58xBLE.a(gap_peripheral.o)
 .text.GAP_MakeDiscoverable
                0x00000000000115fe      0x174 E:\Project\tp78_v2\mounriver_project\BLE_CH582M\LIB\libCH58xBLE.a(gap_peripheral.o)
                0x00000000000115fe                GAP_MakeDiscoverable
 .text.GAP_EndDiscoverable
                0x0000000000011772       0x66 E:\Project\tp78_v2\mounriver_project\BLE_CH582M\LIB\libCH58xBLE.a(gap_peripheral.o)
                0x0000000000011772                GAP_EndDiscoverable
 .text.gapProcessAdvertisingEvt
                0x00000000000117d8      0x118 E:\Project\tp78_v2\mounriver_project\BLE_CH582M\LIB\libCH58xBLE.a(gap_peripheral.o)
 .text.GAP_MakePeriodic
                0x00000000000118f0       0x26 E:\Project\tp78_v2\mounriver_project\BLE_CH582M\LIB\libCH58xBLE.a(gap_peripheral.o)
                0x00000000000118f0                GAP_MakePeriodic
 .text.GAP_EndPeriodic
                0x0000000000011916        0xc E:\Project\tp78_v2\mounriver_project\BLE_CH582M\LIB\libCH58xBLE.a(gap_peripheral.o)
                0x0000000000011916                GAP_EndPeriodic
 .text.GAP_SetAdvertisingAdvData
                0x0000000000011922      0x102 E:\Project\tp78_v2\mounriver_project\BLE_CH582M\LIB\libCH58xBLE.a(gap_peripheral.o)
                0x0000000000011922                GAP_SetAdvertisingAdvData
 .text.GAP_SetAdvertisingRspData
                0x0000000000011a24      0x102 E:\Project\tp78_v2\mounriver_project\BLE_CH582M\LIB\libCH58xBLE.a(gap_peripheral.o)
                0x0000000000011a24                GAP_SetAdvertisingRspData
 .text.GAP_SetPeriodicAdvertisingData
                0x0000000000011b26       0xc6 E:\Project\tp78_v2\mounriver_project\BLE_CH582M\LIB\libCH58xBLE.a(gap_peripheral.o)
                0x0000000000011b26                GAP_SetPeriodicAdvertisingData
 .text.GAP_GetAdvertisingAdvData
                0x0000000000011bec       0x26 E:\Project\tp78_v2\mounriver_project\BLE_CH582M\LIB\libCH58xBLE.a(gap_peripheral.o)
                0x0000000000011bec                GAP_GetAdvertisingAdvData
 .text.GAP_GetAdvertisingRspData
                0x0000000000011c12       0x34 E:\Project\tp78_v2\mounriver_project\BLE_CH582M\LIB\libCH58xBLE.a(gap_peripheral.o)
                0x0000000000011c12                GAP_GetAdvertisingRspData
 .text.GAP_GetPeriodicAdvertisingData
                0x0000000000011c46       0x34 E:\Project\tp78_v2\mounriver_project\BLE_CH582M\LIB\libCH58xBLE.a(gap_peripheral.o)
                0x0000000000011c46                GAP_GetPeriodicAdvertisingData
 .text.GAP_ConfigDeviceAddr
                0x0000000000011c7a      0x124 E:\Project\tp78_v2\mounriver_project\BLE_CH582M\LIB\libCH58xBLE.a(gap_peripheral.o)
                0x0000000000011c7a                GAP_ConfigDeviceAddr
 .text.GAP_PeriConnRegister
                0x0000000000011d9e       0x2e E:\Project\tp78_v2\mounriver_project\BLE_CH582M\LIB\libCH58xBLE.a(gap_peripheral.o)
                0x0000000000011d9e                GAP_PeriConnRegister
 .text.GAP_PeripheralParamInit
                0x0000000000011dcc       0x58 E:\Project\tp78_v2\mounriver_project\BLE_CH582M\LIB\libCH58xBLE.a(gap_peripheral.o)
                0x0000000000011dcc                GAP_PeripheralParamInit
 .text.gapSendMakeDiscEvent
                0x0000000000011e24       0x50 E:\Project\tp78_v2\mounriver_project\BLE_CH582M\LIB\libCH58xBLE.a(gap_peripheral.o)
                0x0000000000011e24                gapSendMakeDiscEvent
 .text.gapWriteAdvEnableStatus
                0x0000000000011e74      0x110 E:\Project\tp78_v2\mounriver_project\BLE_CH582M\LIB\libCH58xBLE.a(gap_peripheral.o)
 .text.gapSendMakePeriodicEvent
                0x0000000000011f84       0x3a E:\Project\tp78_v2\mounriver_project\BLE_CH582M\LIB\libCH58xBLE.a(gap_peripheral.o)
                0x0000000000011f84                gapSendMakePeriodicEvent
 .text.gapPeriProcessHCICmdCompleteEvt
                0x0000000000011fbe      0x18e E:\Project\tp78_v2\mounriver_project\BLE_CH582M\LIB\libCH58xBLE.a(gap_peripheral.o)
 .text.GAP_PeriDevMgrInit
                0x000000000001214c       0x2e E:\Project\tp78_v2\mounriver_project\BLE_CH582M\LIB\libCH58xBLE.a(gap_peripheral.o)
                0x000000000001214c                GAP_PeriDevMgrInit
 .text.ggs_SetAttrWPermit
                0x000000000001217a       0x68 E:\Project\tp78_v2\mounriver_project\BLE_CH582M\LIB\libCH58xBLE.a(gapgattserver.o)
 .text.ggs_ReadAttrCB
                0x00000000000121e2      0x156 E:\Project\tp78_v2\mounriver_project\BLE_CH582M\LIB\libCH58xBLE.a(gapgattserver.o)
 .text.ggs_WriteAttrCB
                0x0000000000012338      0x15c E:\Project\tp78_v2\mounriver_project\BLE_CH582M\LIB\libCH58xBLE.a(gapgattserver.o)
 .text.GGS_ParamInit
                0x0000000000012494      0x23a E:\Project\tp78_v2\mounriver_project\BLE_CH582M\LIB\libCH58xBLE.a(gapgattserver.o)
                0x0000000000012494                GGS_ParamInit
 .text.GGS_SetParameter
                0x00000000000126ce       0xe2 E:\Project\tp78_v2\mounriver_project\BLE_CH582M\LIB\libCH58xBLE.a(gapgattserver.o)
                0x00000000000126ce                GGS_SetParameter
 .text.GGS_AddService
                0x00000000000127b0       0x2c E:\Project\tp78_v2\mounriver_project\BLE_CH582M\LIB\libCH58xBLE.a(gapgattserver.o)
                0x00000000000127b0                GGS_AddService
 .text.GAP_DeviceInit
                0x00000000000127dc       0xd8 E:\Project\tp78_v2\mounriver_project\BLE_CH582M\LIB\libCH58xBLE.a(gapgattserver.o)
                0x00000000000127dc                GAP_DeviceInit
 .text.gattGetPayload
                0x00000000000128b4       0x7e E:\Project\tp78_v2\mounriver_project\BLE_CH582M\LIB\libCH58xBLE.a(gatt.o)
                0x00000000000128b4                gattGetPayload
 .text.gattNotifyEvent
                0x0000000000012932       0x84 E:\Project\tp78_v2\mounriver_project\BLE_CH582M\LIB\libCH58xBLE.a(gatt.o)
                0x0000000000012932                gattNotifyEvent
 .text.gattSendFlowCtrlEvt
                0x00000000000129b6       0x52 E:\Project\tp78_v2\mounriver_project\BLE_CH582M\LIB\libCH58xBLE.a(gatt.o)
                0x00000000000129b6                gattSendFlowCtrlEvt
 .text.gattStartTimer
                0x0000000000012a08        0xc E:\Project\tp78_v2\mounriver_project\BLE_CH582M\LIB\libCH58xBLE.a(gatt.o)
                0x0000000000012a08                gattStartTimer
 .text.gattStopTimer
                0x0000000000012a14       0x32 E:\Project\tp78_v2\mounriver_project\BLE_CH582M\LIB\libCH58xBLE.a(gatt.o)
                0x0000000000012a14                gattStopTimer
 .text.GATT_AppCompletedMsg
                0x0000000000012a46       0x30 E:\Project\tp78_v2\mounriver_project\BLE_CH582M\LIB\libCH58xBLE.a(gatt.o)
                0x0000000000012a46                GATT_AppCompletedMsg
 .text.GATT_NotifyEvent
                0x0000000000012a76       0x56 E:\Project\tp78_v2\mounriver_project\BLE_CH582M\LIB\libCH58xBLE.a(gatt.o)
                0x0000000000012a76                GATT_NotifyEvent
 .text.gattRegisterServer
                0x0000000000012acc        0x6 E:\Project\tp78_v2\mounriver_project\BLE_CH582M\LIB\libCH58xBLE.a(gatt.o)
                0x0000000000012acc                gattRegisterServer
 .text.GATT_UpdateMTU
                0x0000000000012ad2       0x5a E:\Project\tp78_v2\mounriver_project\BLE_CH582M\LIB\libCH58xBLE.a(gatt.o)
                0x0000000000012ad2                GATT_UpdateMTU
 .text.GATT_bm_alloc
                0x0000000000012b2c       0xe8 E:\Project\tp78_v2\mounriver_project\BLE_CH582M\LIB\libCH58xBLE.a(gatt.o)
                0x0000000000012b2c                GATT_bm_alloc
 .text.GATT_ServiceChangedInd
                0x0000000000012c14       0x94 E:\Project\tp78_v2\mounriver_project\BLE_CH582M\LIB\libCH58xBLE.a(gatt.o)
                0x0000000000012c14                GATT_ServiceChangedInd
 .text.GATT_bm_free
                0x0000000000012ca8       0x1c E:\Project\tp78_v2\mounriver_project\BLE_CH582M\LIB\libCH58xBLE.a(gatt.o)
                0x0000000000012ca8                GATT_bm_free
 .text.GATT_Init
                0x0000000000012cc4       0x2a E:\Project\tp78_v2\mounriver_project\BLE_CH582M\LIB\libCH58xBLE.a(gatt.o)
                0x0000000000012cc4                GATT_Init
 .text.GATT_ProcessEvent
                0x0000000000012cee      0x13a E:\Project\tp78_v2\mounriver_project\BLE_CH582M\LIB\libCH58xBLE.a(gatt.o)
                0x0000000000012cee                GATT_ProcessEvent
 .text.gattProcessExchangeMTUReq
                0x0000000000012e28        0x4 E:\Project\tp78_v2\mounriver_project\BLE_CH582M\LIB\libCH58xBLE.a(gattservapp.o)
 .text.gattServApp_FindCharCfgItem
                0x0000000000012e2c       0x24 E:\Project\tp78_v2\mounriver_project\BLE_CH582M\LIB\libCH58xBLE.a(gattservapp.o)
 .text.gattServerHandleTimerCB
                0x0000000000012e50       0x3c E:\Project\tp78_v2\mounriver_project\BLE_CH582M\LIB\libCH58xBLE.a(gattservapp.o)
 .text.gattProcessExecuteWriteReq
                0x0000000000012e8c        0x4 E:\Project\tp78_v2\mounriver_project\BLE_CH582M\LIB\libCH58xBLE.a(gattservapp.o)
 .text.GATTServApp_ParamInit
                0x0000000000012e90       0xd8 E:\Project\tp78_v2\mounriver_project\BLE_CH582M\LIB\libCH58xBLE.a(gattservapp.o)
                0x0000000000012e90                GATTServApp_ParamInit
 .text.GATTServApp_ReadCharCfg
                0x0000000000012f68       0x18 E:\Project\tp78_v2\mounriver_project\BLE_CH582M\LIB\libCH58xBLE.a(gattservapp.o)
                0x0000000000012f68                GATTServApp_ReadCharCfg
 .text.GATTServApp_WriteCharCfg
                0x0000000000012f80       0x3c E:\Project\tp78_v2\mounriver_project\BLE_CH582M\LIB\libCH58xBLE.a(gattservapp.o)
                0x0000000000012f80                GATTServApp_WriteCharCfg
 .text.GATTServApp_ProcessCCCWriteReq
                0x0000000000012fbc       0x60 E:\Project\tp78_v2\mounriver_project\BLE_CH582M\LIB\libCH58xBLE.a(gattservapp.o)
                0x0000000000012fbc                GATTServApp_ProcessCCCWriteReq
 .text.gattServApp_WriteAttrCB
                0x000000000001301c       0x34 E:\Project\tp78_v2\mounriver_project\BLE_CH582M\LIB\libCH58xBLE.a(gattservapp.o)
                0x000000000001301c                gattServApp_WriteAttrCB
 .text.GATTServApp_SendCCCUpdatedEvent
                0x0000000000013050       0x5e E:\Project\tp78_v2\mounriver_project\BLE_CH582M\LIB\libCH58xBLE.a(gattservapp.o)
                0x0000000000013050                GATTServApp_SendCCCUpdatedEvent
 .text.GATTServApp_SendServiceChangedInd
                0x00000000000130ae       0x38 E:\Project\tp78_v2\mounriver_project\BLE_CH582M\LIB\libCH58xBLE.a(gattservapp.o)
                0x00000000000130ae                GATTServApp_SendServiceChangedInd
 .text.gattServApp_ClearPrepareWriteQ
                0x00000000000130e6       0x50 E:\Project\tp78_v2\mounriver_project\BLE_CH582M\LIB\libCH58xBLE.a(gattservapp.o)
                0x00000000000130e6                gattServApp_ClearPrepareWriteQ
 .text.gattServApp_FindPrepareWriteQ
                0x0000000000013136       0x32 E:\Project\tp78_v2\mounriver_project\BLE_CH582M\LIB\libCH58xBLE.a(gattservapp.o)
                0x0000000000013136                gattServApp_FindPrepareWriteQ
 .text.gattServApp_FindServiceCBs
                0x0000000000013168       0x18 E:\Project\tp78_v2\mounriver_project\BLE_CH582M\LIB\libCH58xBLE.a(gattservapp.o)
                0x0000000000013168                gattServApp_FindServiceCBs
 .text.gattServApp_FindAuthorizeAttrCB
                0x0000000000013180       0x16 E:\Project\tp78_v2\mounriver_project\BLE_CH582M\LIB\libCH58xBLE.a(gattservapp.o)
                0x0000000000013180                gattServApp_FindAuthorizeAttrCB
 .text.gattServApp_IsWriteLong
                0x0000000000013196       0xea E:\Project\tp78_v2\mounriver_project\BLE_CH582M\LIB\libCH58xBLE.a(gattservapp.o)
                0x0000000000013196                gattServApp_IsWriteLong
 .text.gattFindService
                0x0000000000013280       0x1c E:\Project\tp78_v2\mounriver_project\BLE_CH582M\LIB\libCH58xBLE.a(gattservapp.o)
                0x0000000000013280                gattFindService
 .text.GATT_ServiceNumAttrs
                0x000000000001329c       0x18 E:\Project\tp78_v2\mounriver_project\BLE_CH582M\LIB\libCH58xBLE.a(gattservapp.o)
                0x000000000001329c                GATT_ServiceNumAttrs
 .text.GATT_ServiceEncKeySize
                0x00000000000132b4       0x18 E:\Project\tp78_v2\mounriver_project\BLE_CH582M\LIB\libCH58xBLE.a(gattservapp.o)
                0x00000000000132b4                GATT_ServiceEncKeySize
 .text.GATT_VerifyWritePermissions.part.7
                0x00000000000132cc       0x2e E:\Project\tp78_v2\mounriver_project\BLE_CH582M\LIB\libCH58xBLE.a(gattservapp.o)
 .text.gattResetServerInfo
                0x00000000000132fa       0x1c E:\Project\tp78_v2\mounriver_project\BLE_CH582M\LIB\libCH58xBLE.a(gattservapp.o)
                0x00000000000132fa                gattResetServerInfo
 .text.gattFindServerInfo
                0x0000000000013316       0x32 E:\Project\tp78_v2\mounriver_project\BLE_CH582M\LIB\libCH58xBLE.a(gattservapp.o)
                0x0000000000013316                gattFindServerInfo
 .text.gattServerHandleConnStatusCB
                0x0000000000013348       0x98 E:\Project\tp78_v2\mounriver_project\BLE_CH582M\LIB\libCH58xBLE.a(gattservapp.o)
                0x0000000000013348                gattServerHandleConnStatusCB
 .text.gattServerProcessMsgCB
                0x00000000000133e0      0x1c0 E:\Project\tp78_v2\mounriver_project\BLE_CH582M\LIB\libCH58xBLE.a(gattservapp.o)
                0x00000000000133e0                gattServerProcessMsgCB
 .text.gattServerNotifyTxCB
                0x00000000000135a0       0x28 E:\Project\tp78_v2\mounriver_project\BLE_CH582M\LIB\libCH58xBLE.a(gattservapp.o)
 .text.GATT_FindHandle
                0x00000000000135c8       0x4a E:\Project\tp78_v2\mounriver_project\BLE_CH582M\LIB\libCH58xBLE.a(gattservapp.o)
                0x00000000000135c8                GATT_FindHandle
 .text.GATTServApp_WriteAttr
                0x0000000000013612       0xa8 E:\Project\tp78_v2\mounriver_project\BLE_CH582M\LIB\libCH58xBLE.a(gattservapp.o)
                0x0000000000013612                GATTServApp_WriteAttr
 .text.gattServApp_ProcessExecuteWriteReq
                0x00000000000136ba      0x100 E:\Project\tp78_v2\mounriver_project\BLE_CH582M\LIB\libCH58xBLE.a(gattservapp.o)
                0x00000000000136ba                gattServApp_ProcessExecuteWriteReq
 .text.GATTServApp_UpdateCharCfg
                0x00000000000137ba       0x1e E:\Project\tp78_v2\mounriver_project\BLE_CH582M\LIB\libCH58xBLE.a(gattservapp.o)
                0x00000000000137ba                GATTServApp_UpdateCharCfg
 .text.gattServApp_ProcessPrepareWriteReq
                0x00000000000137d8      0x10e E:\Project\tp78_v2\mounriver_project\BLE_CH582M\LIB\libCH58xBLE.a(gattservapp.o)
                0x00000000000137d8                gattServApp_ProcessPrepareWriteReq
 .text.gattServApp_ProcessWriteReq
                0x00000000000138e6       0xb0 E:\Project\tp78_v2\mounriver_project\BLE_CH582M\LIB\libCH58xBLE.a(gattservapp.o)
                0x00000000000138e6                gattServApp_ProcessWriteReq
 .text.GATT_Indication
                0x0000000000013996       0xa4 E:\Project\tp78_v2\mounriver_project\BLE_CH582M\LIB\libCH58xBLE.a(gattservapp.o)
                0x0000000000013996                GATT_Indication
 .text.GATT_FindHandleUUID
                0x0000000000013a3a       0x94 E:\Project\tp78_v2\mounriver_project\BLE_CH582M\LIB\libCH58xBLE.a(gattservapp.o)
                0x0000000000013a3a                GATT_FindHandleUUID
 .text.gattProcessReadByGrpTypeReq
                0x0000000000013ace       0x60 E:\Project\tp78_v2\mounriver_project\BLE_CH582M\LIB\libCH58xBLE.a(gattservapp.o)
 .text.gattProcessReadByTypeReq
                0x0000000000013b2e       0x34 E:\Project\tp78_v2\mounriver_project\BLE_CH582M\LIB\libCH58xBLE.a(gattservapp.o)
 .text.gattProcessFindByTypeValueReq
                0x0000000000013b62       0x34 E:\Project\tp78_v2\mounriver_project\BLE_CH582M\LIB\libCH58xBLE.a(gattservapp.o)
 .text.gattProcessFindInfoReq
                0x0000000000013b96      0x1aa E:\Project\tp78_v2\mounriver_project\BLE_CH582M\LIB\libCH58xBLE.a(gattservapp.o)
 .text.GATT_Notification
                0x0000000000013d40       0x70 E:\Project\tp78_v2\mounriver_project\BLE_CH582M\LIB\libCH58xBLE.a(gattservapp.o)
                0x0000000000013d40                GATT_Notification
 .text.GATT_VerifyWritePermissions
                0x0000000000013db0       0x6a E:\Project\tp78_v2\mounriver_project\BLE_CH582M\LIB\libCH58xBLE.a(gattservapp.o)
                0x0000000000013db0                GATT_VerifyWritePermissions
 .text.gattProcessWriteReq
                0x0000000000013e1a       0x36 E:\Project\tp78_v2\mounriver_project\BLE_CH582M\LIB\libCH58xBLE.a(gattservapp.o)
 .text.GATT_VerifyPrepareWritePermissions
                0x0000000000013e50       0x56 E:\Project\tp78_v2\mounriver_project\BLE_CH582M\LIB\libCH58xBLE.a(gattservapp.o)
                0x0000000000013e50                GATT_VerifyPrepareWritePermissions